2025-03-31 11:54:05.109 +02:00 [FTL] Application startup failed
Microsoft.Extensions.Hosting.HostAbortedException: The host was aborted.
   at Microsoft.Extensions.Hosting.HostFactoryResolver.HostingListener.ThrowHostAborted()
   at Microsoft.Extensions.Hosting.HostFactoryResolver.HostingListener.OnNext(KeyValuePair`2 value)
   at System.Diagnostics.DiagnosticListener.Write(String name, Object value)
   at Microsoft.Extensions.Hosting.HostBuilder.ResolveHost(IServiceProvider serviceProvider, DiagnosticListener diagnosticListener)
   at Microsoft.Extensions.Hosting.HostApplicationBuilder.Build()
   at Microsoft.AspNetCore.Builder.WebApplicationBuilder.Build()
   at Program.<Main>$(String[] args) in C:\Asp.Net_Project\WarehouseApp\WHS\src\WebAPI\Program.cs:line 16
2025-03-31 11:54:13.828 +02:00 [FTL] Application startup failed
Microsoft.Extensions.Hosting.HostAbortedException: The host was aborted.
   at Microsoft.Extensions.Hosting.HostFactoryResolver.HostingListener.ThrowHostAborted()
   at Microsoft.Extensions.Hosting.HostFactoryResolver.HostingListener.OnNext(KeyValuePair`2 value)
   at System.Diagnostics.DiagnosticListener.Write(String name, Object value)
   at Microsoft.Extensions.Hosting.HostBuilder.ResolveHost(IServiceProvider serviceProvider, DiagnosticListener diagnosticListener)
   at Microsoft.Extensions.Hosting.HostApplicationBuilder.Build()
   at Microsoft.AspNetCore.Builder.WebApplicationBuilder.Build()
   at Program.<Main>$(String[] args) in C:\Asp.Net_Project\WarehouseApp\WHS\src\WebAPI\Program.cs:line 16
2025-03-31 12:14:06.227 +02:00 [FTL] Application startup failed
Microsoft.Extensions.Hosting.HostAbortedException: The host was aborted.
   at Microsoft.Extensions.Hosting.HostFactoryResolver.HostingListener.ThrowHostAborted()
   at Microsoft.Extensions.Hosting.HostFactoryResolver.HostingListener.OnNext(KeyValuePair`2 value)
   at System.Diagnostics.DiagnosticListener.Write(String name, Object value)
   at Microsoft.Extensions.Hosting.HostBuilder.ResolveHost(IServiceProvider serviceProvider, DiagnosticListener diagnosticListener)
   at Microsoft.Extensions.Hosting.HostApplicationBuilder.Build()
   at Microsoft.AspNetCore.Builder.WebApplicationBuilder.Build()
   at Program.<Main>$(String[] args) in C:\Asp.Net_Project\WarehouseApp\WHS\src\WebAPI\Program.cs:line 16
2025-03-31 12:14:15.958 +02:00 [FTL] Application startup failed
Microsoft.Extensions.Hosting.HostAbortedException: The host was aborted.
   at Microsoft.Extensions.Hosting.HostFactoryResolver.HostingListener.ThrowHostAborted()
   at Microsoft.Extensions.Hosting.HostFactoryResolver.HostingListener.OnNext(KeyValuePair`2 value)
   at System.Diagnostics.DiagnosticListener.Write(String name, Object value)
   at Microsoft.Extensions.Hosting.HostBuilder.ResolveHost(IServiceProvider serviceProvider, DiagnosticListener diagnosticListener)
   at Microsoft.Extensions.Hosting.HostApplicationBuilder.Build()
   at Microsoft.AspNetCore.Builder.WebApplicationBuilder.Build()
   at Program.<Main>$(String[] args) in C:\Asp.Net_Project\WarehouseApp\WHS\src\WebAPI\Program.cs:line 16
2025-03-31 12:14:23.651 +02:00 [FTL] Application startup failed
Microsoft.Extensions.Hosting.HostAbortedException: The host was aborted.
   at Microsoft.Extensions.Hosting.HostFactoryResolver.HostingListener.ThrowHostAborted()
   at Microsoft.Extensions.Hosting.HostFactoryResolver.HostingListener.OnNext(KeyValuePair`2 value)
   at System.Diagnostics.DiagnosticListener.Write(String name, Object value)
   at Microsoft.Extensions.Hosting.HostBuilder.ResolveHost(IServiceProvider serviceProvider, DiagnosticListener diagnosticListener)
   at Microsoft.Extensions.Hosting.HostApplicationBuilder.Build()
   at Microsoft.AspNetCore.Builder.WebApplicationBuilder.Build()
   at Program.<Main>$(String[] args) in C:\Asp.Net_Project\WarehouseApp\WHS\src\WebAPI\Program.cs:line 16
2025-03-31 12:16:52.826 +02:00 [FTL] Application startup failed
Microsoft.Extensions.Hosting.HostAbortedException: The host was aborted.
   at Microsoft.Extensions.Hosting.HostFactoryResolver.HostingListener.ThrowHostAborted()
   at Microsoft.Extensions.Hosting.HostFactoryResolver.HostingListener.OnNext(KeyValuePair`2 value)
   at System.Diagnostics.DiagnosticListener.Write(String name, Object value)
   at Microsoft.Extensions.Hosting.HostBuilder.ResolveHost(IServiceProvider serviceProvider, DiagnosticListener diagnosticListener)
   at Microsoft.Extensions.Hosting.HostApplicationBuilder.Build()
   at Microsoft.AspNetCore.Builder.WebApplicationBuilder.Build()
   at Program.<Main>$(String[] args) in C:\Asp.Net_Project\WarehouseApp\WHS\src\WebAPI\Program.cs:line 16
2025-03-31 12:17:02.099 +02:00 [FTL] Application startup failed
Microsoft.Extensions.Hosting.HostAbortedException: The host was aborted.
   at Microsoft.Extensions.Hosting.HostFactoryResolver.HostingListener.ThrowHostAborted()
   at Microsoft.Extensions.Hosting.HostFactoryResolver.HostingListener.OnNext(KeyValuePair`2 value)
   at System.Diagnostics.DiagnosticListener.Write(String name, Object value)
   at Microsoft.Extensions.Hosting.HostBuilder.ResolveHost(IServiceProvider serviceProvider, DiagnosticListener diagnosticListener)
   at Microsoft.Extensions.Hosting.HostApplicationBuilder.Build()
   at Microsoft.AspNetCore.Builder.WebApplicationBuilder.Build()
   at Program.<Main>$(String[] args) in C:\Asp.Net_Project\WarehouseApp\WHS\src\WebAPI\Program.cs:line 16
2025-03-31 12:17:10.635 +02:00 [FTL] Application startup failed
Microsoft.Extensions.Hosting.HostAbortedException: The host was aborted.
   at Microsoft.Extensions.Hosting.HostFactoryResolver.HostingListener.ThrowHostAborted()
   at Microsoft.Extensions.Hosting.HostFactoryResolver.HostingListener.OnNext(KeyValuePair`2 value)
   at System.Diagnostics.DiagnosticListener.Write(String name, Object value)
   at Microsoft.Extensions.Hosting.HostBuilder.ResolveHost(IServiceProvider serviceProvider, DiagnosticListener diagnosticListener)
   at Microsoft.Extensions.Hosting.HostApplicationBuilder.Build()
   at Microsoft.AspNetCore.Builder.WebApplicationBuilder.Build()
   at Program.<Main>$(String[] args) in C:\Asp.Net_Project\WarehouseApp\WHS\src\WebAPI\Program.cs:line 16
2025-03-31 12:17:32.670 +02:00 [INF] User profile is available. Using 'C:\Users\HCES\AppData\Local\ASP.NET\DataProtection-Keys' as key repository and Windows DPAPI to encrypt keys at rest.
2025-03-31 12:17:33.418 +02:00 [INF] Now listening on: https://localhost:5271
2025-03-31 12:17:33.471 +02:00 [INF] Application started. Press Ctrl+C to shut down.
2025-03-31 12:17:33.473 +02:00 [INF] Hosting environment: Development
2025-03-31 12:17:33.475 +02:00 [INF] Content root path: C:\Asp.Net_Project\WarehouseApp\WHS\src\WebAPI
2025-03-31 12:17:34.417 +02:00 [INF] Request starting HTTP/2 GET https://localhost:5271/index.html - null null
2025-03-31 12:17:34.661 +02:00 [INF] HTTP GET /index.html responded 200 in 60.9834 ms
2025-03-31 12:17:34.675 +02:00 [INF] Request finished HTTP/2 GET https://localhost:5271/index.html - 200 null text/html;charset=utf-8 266.8375ms
2025-03-31 12:17:34.720 +02:00 [INF] Request starting HTTP/2 GET https://localhost:5271/swagger-ui-bundle.js - null null
2025-03-31 12:17:34.720 +02:00 [INF] Request starting HTTP/2 GET https://localhost:5271/index.css - null null
2025-03-31 12:17:34.720 +02:00 [INF] Request starting HTTP/2 GET https://localhost:5271/swagger-ui.css - null null
2025-03-31 12:17:34.720 +02:00 [INF] Request starting HTTP/2 GET https://localhost:5271/swagger-ui-standalone-preset.js - null null
2025-03-31 12:17:34.720 +02:00 [INF] Request starting HTTP/2 GET https://localhost:5271/_framework/aspnetcore-browser-refresh.js - null null
2025-03-31 12:17:34.720 +02:00 [INF] Request starting HTTP/2 GET https://localhost:5271/index.js - null null
2025-03-31 12:17:34.720 +02:00 [INF] Request starting HTTP/2 GET https://localhost:5271/_vs/browserLink - null null
2025-03-31 12:17:34.771 +02:00 [INF] The file /swagger-ui.css was not modified
2025-03-31 12:17:34.771 +02:00 [INF] The file /swagger-ui-bundle.js was not modified
2025-03-31 12:17:34.771 +02:00 [INF] The file /index.css was not modified
2025-03-31 12:17:34.776 +02:00 [INF] HTTP GET /index.js responded 200 in 0.7526 ms
2025-03-31 12:17:34.781 +02:00 [INF] The file /swagger-ui-standalone-preset.js was not modified
2025-03-31 12:17:34.803 +02:00 [INF] HTTP GET /swagger-ui.css responded 304 in 33.7033 ms
2025-03-31 12:17:34.804 +02:00 [INF] HTTP GET /swagger-ui-bundle.js responded 304 in 67.8290 ms
2025-03-31 12:17:34.806 +02:00 [INF] Request finished HTTP/2 GET https://localhost:5271/_framework/aspnetcore-browser-refresh.js - 200 16497 application/javascript; charset=utf-8 118.7096ms
2025-03-31 12:17:34.813 +02:00 [INF] Request finished HTTP/2 GET https://localhost:5271/index.js - 200 null application/javascript;charset=utf-8 126.0622ms
2025-03-31 12:17:34.816 +02:00 [INF] Request finished HTTP/2 GET https://localhost:5271/swagger-ui.css - 304 null text/css 129.532ms
2025-03-31 12:17:34.818 +02:00 [INF] HTTP GET /swagger-ui-standalone-preset.js responded 304 in 37.7224 ms
2025-03-31 12:17:34.822 +02:00 [INF] Request finished HTTP/2 GET https://localhost:5271/swagger-ui-bundle.js - 304 null text/javascript 134.4971ms
2025-03-31 12:17:34.825 +02:00 [INF] HTTP GET /index.css responded 304 in 58.2219 ms
2025-03-31 12:17:34.842 +02:00 [INF] Request finished HTTP/2 GET https://localhost:5271/_vs/browserLink - 200 null text/javascript; charset=UTF-8 121.2808ms
2025-03-31 12:17:34.849 +02:00 [INF] Request finished HTTP/2 GET https://localhost:5271/swagger-ui-standalone-preset.js - 304 null text/javascript 162.2533ms
2025-03-31 12:17:34.858 +02:00 [INF] Request finished HTTP/2 GET https://localhost:5271/index.css - 304 null text/css 171.9037ms
2025-03-31 12:17:34.989 +02:00 [INF] Request starting HTTP/2 GET https://localhost:5271/swagger/v1/swagger.json - null null
2025-03-31 12:17:35.053 +02:00 [INF] HTTP GET /swagger/v1/swagger.json responded 200 in 56.7024 ms
2025-03-31 12:17:35.060 +02:00 [INF] Request finished HTTP/2 GET https://localhost:5271/swagger/v1/swagger.json - 200 null application/json;charset=utf-8 70.5877ms
2025-03-31 12:46:31.990 +02:00 [INF] User profile is available. Using 'C:\Users\HCES\AppData\Local\ASP.NET\DataProtection-Keys' as key repository and Windows DPAPI to encrypt keys at rest.
2025-03-31 12:46:32.473 +02:00 [INF] Now listening on: https://localhost:5271
2025-03-31 12:46:32.534 +02:00 [INF] Application started. Press Ctrl+C to shut down.
2025-03-31 12:46:32.537 +02:00 [INF] Hosting environment: Development
2025-03-31 12:46:32.539 +02:00 [INF] Content root path: C:\Asp.Net_Project\WarehouseApp\WHS\src\WebAPI
2025-03-31 12:46:32.954 +02:00 [INF] Request starting HTTP/2 GET https://localhost:5271/index.html - null null
2025-03-31 12:46:33.295 +02:00 [INF] HTTP GET /index.html responded 200 in 99.2043 ms
2025-03-31 12:46:33.307 +02:00 [INF] Request finished HTTP/2 GET https://localhost:5271/index.html - 200 null text/html;charset=utf-8 362.4026ms
2025-03-31 12:46:33.335 +02:00 [INF] Request starting HTTP/2 GET https://localhost:5271/index.js - null null
2025-03-31 12:46:33.335 +02:00 [INF] Request starting HTTP/2 GET https://localhost:5271/_framework/aspnetcore-browser-refresh.js - null null
2025-03-31 12:46:33.335 +02:00 [INF] Request starting HTTP/2 GET https://localhost:5271/_vs/browserLink - null null
2025-03-31 12:46:33.382 +02:00 [INF] HTTP GET /index.js responded 200 in 37.9177 ms
2025-03-31 12:46:33.403 +02:00 [INF] Request finished HTTP/2 GET https://localhost:5271/index.js - 200 null application/javascript;charset=utf-8 68.6082ms
2025-03-31 12:46:33.406 +02:00 [INF] Request finished HTTP/2 GET https://localhost:5271/_framework/aspnetcore-browser-refresh.js - 200 16497 application/javascript; charset=utf-8 71.9408ms
2025-03-31 12:46:33.448 +02:00 [INF] Request finished HTTP/2 GET https://localhost:5271/_vs/browserLink - 200 null text/javascript; charset=UTF-8 113.1216ms
2025-03-31 12:46:33.664 +02:00 [INF] Request starting HTTP/2 GET https://localhost:5271/swagger/v1/swagger.json - null null
2025-03-31 12:46:33.729 +02:00 [INF] HTTP GET /swagger/v1/swagger.json responded 200 in 55.7977 ms
2025-03-31 12:46:33.736 +02:00 [INF] Request finished HTTP/2 GET https://localhost:5271/swagger/v1/swagger.json - 200 null application/json;charset=utf-8 71.5018ms
2025-03-31 22:14:33.873 +02:00 [INF] User profile is available. Using 'C:\Users\HCES\AppData\Local\ASP.NET\DataProtection-Keys' as key repository and Windows DPAPI to encrypt keys at rest.
2025-03-31 22:14:34.497 +02:00 [INF] Now listening on: https://localhost:5271
2025-03-31 22:14:34.548 +02:00 [INF] Application started. Press Ctrl+C to shut down.
2025-03-31 22:14:34.550 +02:00 [INF] Hosting environment: Development
2025-03-31 22:14:34.552 +02:00 [INF] Content root path: C:\Asp.Net_Project\WarehouseApp\WHS\src\WebAPI
2025-03-31 22:14:35.044 +02:00 [INF] Request starting HTTP/2 GET https://localhost:5271/index.html - null null
2025-03-31 22:14:35.216 +02:00 [INF] HTTP GET /index.html responded 200 in 33.2290 ms
2025-03-31 22:14:35.228 +02:00 [INF] Request finished HTTP/2 GET https://localhost:5271/index.html - 200 null text/html;charset=utf-8 187.269ms
2025-03-31 22:14:35.235 +02:00 [INF] Request starting HTTP/2 GET https://localhost:5271/_framework/aspnetcore-browser-refresh.js - null null
2025-03-31 22:14:35.275 +02:00 [INF] Request starting HTTP/2 GET https://localhost:5271/_vs/browserLink - null null
2025-03-31 22:14:35.275 +02:00 [INF] Request starting HTTP/2 GET https://localhost:5271/index.js - null null
2025-03-31 22:14:35.305 +02:00 [INF] Request finished HTTP/2 GET https://localhost:5271/_framework/aspnetcore-browser-refresh.js - 200 16497 application/javascript; charset=utf-8 70.9683ms
2025-03-31 22:14:35.370 +02:00 [INF] HTTP GET /index.js responded 200 in 29.9065 ms
2025-03-31 22:14:35.384 +02:00 [INF] Request finished HTTP/2 GET https://localhost:5271/index.js - 200 null application/javascript;charset=utf-8 109.3932ms
2025-03-31 22:14:35.401 +02:00 [INF] Request finished HTTP/2 GET https://localhost:5271/_vs/browserLink - 200 null text/javascript; charset=UTF-8 125.8246ms
2025-03-31 22:14:35.449 +02:00 [INF] Request starting HTTP/2 GET https://localhost:5271/swagger/v1/swagger.json - null null
2025-03-31 22:14:35.484 +02:00 [INF] HTTP GET /swagger/v1/swagger.json responded 200 in 25.7938 ms
2025-03-31 22:14:35.489 +02:00 [INF] Request finished HTTP/2 GET https://localhost:5271/swagger/v1/swagger.json - 200 null application/json;charset=utf-8 39.6408ms
