2025-03-30 03:11:39.806 +02:00 [INF] User profile is available. Using 'C:\Users\HCES\AppData\Local\ASP.NET\DataProtection-Keys' as key repository and Windows DPAPI to encrypt keys at rest.
2025-03-30 03:11:40.499 +02:00 [INF] Now listening on: https://localhost:5271
2025-03-30 03:11:40.571 +02:00 [INF] Application started. Press Ctrl+C to shut down.
2025-03-30 03:11:40.574 +02:00 [INF] Hosting environment: Development
2025-03-30 03:11:40.576 +02:00 [INF] Content root path: C:\Asp.Net_Project\WarehouseApp\WHS\src\WebAPI
2025-03-30 03:11:41.076 +02:00 [INF] Request starting HTTP/2 GET https://localhost:5271/index.html - null null
2025-03-30 03:11:41.257 +02:00 [INF] HTTP GET /index.html responded 200 in 35.9951 ms
2025-03-30 03:11:41.266 +02:00 [INF] Request finished HTTP/2 GET https://localhost:5271/index.html - 200 null text/html;charset=utf-8 196.4613ms
2025-03-30 03:11:41.282 +02:00 [INF] Request starting HTTP/2 GET https://localhost:5271/swagger-ui.css - null null
2025-03-30 03:11:41.282 +02:00 [INF] Request starting HTTP/2 GET https://localhost:5271/swagger-ui-bundle.js - null null
2025-03-30 03:11:41.282 +02:00 [INF] Request starting HTTP/2 GET https://localhost:5271/index.css - null null
2025-03-30 03:11:41.282 +02:00 [INF] Request starting HTTP/2 GET https://localhost:5271/_framework/aspnetcore-browser-refresh.js - null null
2025-03-30 03:11:41.294 +02:00 [INF] Request starting HTTP/2 GET https://localhost:5271/swagger-ui-standalone-preset.js - null null
2025-03-30 03:11:41.330 +02:00 [INF] Request starting HTTP/2 GET https://localhost:5271/index.js - null null
2025-03-30 03:11:41.397 +02:00 [INF] Request starting HTTP/2 GET https://localhost:5271/_vs/browserLink - null null
2025-03-30 03:11:41.458 +02:00 [INF] The file /swagger-ui.css was not modified
2025-03-30 03:11:41.458 +02:00 [INF] The file /swagger-ui-bundle.js was not modified
2025-03-30 03:11:41.462 +02:00 [INF] The file /index.css was not modified
2025-03-30 03:11:41.468 +02:00 [INF] The file /swagger-ui-standalone-preset.js was not modified
2025-03-30 03:11:41.485 +02:00 [INF] Request finished HTTP/2 GET https://localhost:5271/_framework/aspnetcore-browser-refresh.js - 200 16497 application/javascript; charset=utf-8 202.3139ms
2025-03-30 03:11:41.490 +02:00 [INF] HTTP GET /index.js responded 200 in 1.3750 ms
2025-03-30 03:11:41.494 +02:00 [INF] HTTP GET /swagger-ui-bundle.js responded 304 in 40.3336 ms
2025-03-30 03:11:41.496 +02:00 [INF] HTTP GET /swagger-ui.css responded 304 in 55.1549 ms
2025-03-30 03:11:41.498 +02:00 [INF] HTTP GET /index.css responded 304 in 35.9373 ms
2025-03-30 03:11:41.503 +02:00 [INF] HTTP GET /swagger-ui-standalone-preset.js responded 304 in 35.0252 ms
2025-03-30 03:11:41.520 +02:00 [INF] Request finished HTTP/2 GET https://localhost:5271/swagger-ui-bundle.js - 304 null text/javascript 238.1309ms
2025-03-30 03:11:41.523 +02:00 [INF] Request finished HTTP/2 GET https://localhost:5271/swagger-ui.css - 304 null text/css 248.841ms
2025-03-30 03:11:41.527 +02:00 [INF] Request finished HTTP/2 GET https://localhost:5271/index.css - 304 null text/css 252.6704ms
2025-03-30 03:11:41.530 +02:00 [INF] Request finished HTTP/2 GET https://localhost:5271/swagger-ui-standalone-preset.js - 304 null text/javascript 240.7585ms
2025-03-30 03:11:41.536 +02:00 [INF] Request finished HTTP/2 GET https://localhost:5271/index.js - 200 null application/javascript;charset=utf-8 206.2891ms
2025-03-30 03:11:41.538 +02:00 [INF] Request finished HTTP/2 GET https://localhost:5271/_vs/browserLink - 200 null text/javascript; charset=UTF-8 141.5328ms
2025-03-30 03:11:41.965 +02:00 [INF] Request starting HTTP/2 GET https://localhost:5271/swagger/v1/swagger.json - null null
2025-03-30 03:11:42.011 +02:00 [INF] HTTP GET /swagger/v1/swagger.json responded 200 in 39.2455 ms
2025-03-30 03:11:42.019 +02:00 [INF] Request finished HTTP/2 GET https://localhost:5271/swagger/v1/swagger.json - 200 null application/json;charset=utf-8 53.7233ms
2025-03-30 10:07:33.453 +02:00 [INF] User profile is available. Using 'C:\Users\HCES\AppData\Local\ASP.NET\DataProtection-Keys' as key repository and Windows DPAPI to encrypt keys at rest.
2025-03-30 10:07:34.048 +02:00 [INF] Now listening on: https://localhost:5271
2025-03-30 10:07:34.097 +02:00 [INF] Application started. Press Ctrl+C to shut down.
2025-03-30 10:07:34.099 +02:00 [INF] Hosting environment: Development
2025-03-30 10:07:34.101 +02:00 [INF] Content root path: C:\Asp.Net_Project\WarehouseApp\WHS\src\WebAPI
2025-03-30 10:07:35.094 +02:00 [INF] Request starting HTTP/2 GET https://localhost:5271/index.html - null null
2025-03-30 10:07:35.307 +02:00 [INF] HTTP GET /index.html responded 200 in 43.1567 ms
2025-03-30 10:07:35.316 +02:00 [INF] Request finished HTTP/2 GET https://localhost:5271/index.html - 200 null text/html;charset=utf-8 227.4278ms
2025-03-30 10:07:35.325 +02:00 [INF] Request starting HTTP/2 GET https://localhost:5271/_vs/browserLink - null null
2025-03-30 10:07:35.325 +02:00 [INF] Request starting HTTP/2 GET https://localhost:5271/index.js - null null
2025-03-30 10:07:35.325 +02:00 [INF] Request starting HTTP/2 GET https://localhost:5271/_framework/aspnetcore-browser-refresh.js - null null
2025-03-30 10:07:35.432 +02:00 [INF] HTTP GET /index.js responded 200 in 2.3986 ms
2025-03-30 10:07:35.451 +02:00 [INF] Request finished HTTP/2 GET https://localhost:5271/index.js - 200 null application/javascript;charset=utf-8 125.9327ms
2025-03-30 10:07:35.466 +02:00 [INF] Request finished HTTP/2 GET https://localhost:5271/_framework/aspnetcore-browser-refresh.js - 200 16497 application/javascript; charset=utf-8 142.0792ms
2025-03-30 10:07:35.506 +02:00 [INF] Request finished HTTP/2 GET https://localhost:5271/_vs/browserLink - 200 null text/javascript; charset=UTF-8 181.0065ms
2025-03-30 10:07:35.747 +02:00 [INF] Request starting HTTP/2 GET https://localhost:5271/swagger/v1/swagger.json - null null
2025-03-30 10:07:35.775 +02:00 [INF] HTTP GET /swagger/v1/swagger.json responded 200 in 21.2079 ms
2025-03-30 10:07:35.780 +02:00 [INF] Request finished HTTP/2 GET https://localhost:5271/swagger/v1/swagger.json - 200 null application/json;charset=utf-8 33.4439ms
2025-03-30 10:07:35.784 +02:00 [INF] Request starting HTTP/2 GET https://localhost:5271/favicon-32x32.png - null null
2025-03-30 10:07:35.796 +02:00 [INF] The file /favicon-32x32.png was not modified
2025-03-30 10:07:35.799 +02:00 [INF] HTTP GET /favicon-32x32.png responded 304 in 9.7628 ms
2025-03-30 10:07:35.803 +02:00 [INF] Request finished HTTP/2 GET https://localhost:5271/favicon-32x32.png - 304 null image/png 19.5385ms
2025-03-30 12:16:02.404 +02:00 [INF] User profile is available. Using 'C:\Users\HCES\AppData\Local\ASP.NET\DataProtection-Keys' as key repository and Windows DPAPI to encrypt keys at rest.
2025-03-30 12:16:03.011 +02:00 [INF] Now listening on: https://localhost:5271
2025-03-30 12:16:03.060 +02:00 [INF] Application started. Press Ctrl+C to shut down.
2025-03-30 12:16:03.062 +02:00 [INF] Hosting environment: Development
2025-03-30 12:16:03.064 +02:00 [INF] Content root path: C:\Asp.Net_Project\WarehouseApp\WHS\src\WebAPI
2025-03-30 12:16:03.874 +02:00 [INF] Request starting HTTP/2 GET https://localhost:5271/index.html - null null
2025-03-30 12:16:04.098 +02:00 [INF] HTTP GET /index.html responded 200 in 36.5786 ms
2025-03-30 12:16:04.107 +02:00 [INF] Request finished HTTP/2 GET https://localhost:5271/index.html - 200 null text/html;charset=utf-8 238.4468ms
2025-03-30 12:16:04.185 +02:00 [INF] Request starting HTTP/2 GET https://localhost:5271/_framework/aspnetcore-browser-refresh.js - null null
2025-03-30 12:16:04.185 +02:00 [INF] Request starting HTTP/2 GET https://localhost:5271/index.js - null null
2025-03-30 12:16:04.189 +02:00 [INF] Request starting HTTP/2 GET https://localhost:5271/_vs/browserLink - null null
2025-03-30 12:16:04.303 +02:00 [INF] Request finished HTTP/2 GET https://localhost:5271/_framework/aspnetcore-browser-refresh.js - 200 16497 application/javascript; charset=utf-8 121.0578ms
2025-03-30 12:16:04.305 +02:00 [INF] HTTP GET /index.js responded 200 in 2.5048 ms
2025-03-30 12:16:04.317 +02:00 [INF] Request finished HTTP/2 GET https://localhost:5271/index.js - 200 null application/javascript;charset=utf-8 135.0735ms
2025-03-30 12:16:04.337 +02:00 [INF] Request finished HTTP/2 GET https://localhost:5271/_vs/browserLink - 200 null text/javascript; charset=UTF-8 148.6757ms
2025-03-30 12:16:04.684 +02:00 [INF] Request starting HTTP/2 GET https://localhost:5271/swagger/v1/swagger.json - null null
2025-03-30 12:16:04.715 +02:00 [INF] HTTP GET /swagger/v1/swagger.json responded 200 in 23.0716 ms
2025-03-30 12:16:04.719 +02:00 [INF] Request finished HTTP/2 GET https://localhost:5271/swagger/v1/swagger.json - 200 null application/json;charset=utf-8 35.4091ms
2025-03-30 12:48:27.641 +02:00 [INF] User profile is available. Using 'C:\Users\HCES\AppData\Local\ASP.NET\DataProtection-Keys' as key repository and Windows DPAPI to encrypt keys at rest.
2025-03-30 12:48:28.131 +02:00 [INF] Now listening on: https://localhost:5271
2025-03-30 12:48:28.183 +02:00 [INF] Application started. Press Ctrl+C to shut down.
2025-03-30 12:48:28.186 +02:00 [INF] Hosting environment: Development
2025-03-30 12:48:28.187 +02:00 [INF] Content root path: C:\Asp.Net_Project\WarehouseApp\WHS\src\WebAPI
2025-03-30 12:48:29.272 +02:00 [INF] Request starting HTTP/2 GET https://localhost:5271/index.html - null null
2025-03-30 12:48:29.468 +02:00 [INF] HTTP GET /index.html responded 200 in 38.0339 ms
2025-03-30 12:48:29.572 +02:00 [INF] Request starting HTTP/2 GET https://localhost:5271/_vs/browserLink - null null
2025-03-30 12:48:29.572 +02:00 [INF] Request starting HTTP/2 GET https://localhost:5271/_framework/aspnetcore-browser-refresh.js - null null
2025-03-30 12:48:29.573 +02:00 [INF] Request starting HTTP/2 GET https://localhost:5271/index.js - null null
2025-03-30 12:48:29.574 +02:00 [INF] Request finished HTTP/2 GET https://localhost:5271/index.html - 200 null text/html;charset=utf-8 308.6181ms
2025-03-30 12:48:29.602 +02:00 [INF] HTTP GET /index.js responded 200 in 1.3106 ms
2025-03-30 12:48:29.603 +02:00 [INF] Request finished HTTP/2 GET https://localhost:5271/_framework/aspnetcore-browser-refresh.js - 200 16497 application/javascript; charset=utf-8 120.1939ms
2025-03-30 12:48:29.607 +02:00 [INF] Request finished HTTP/2 GET https://localhost:5271/index.js - 200 null application/javascript;charset=utf-8 123.8289ms
2025-03-30 12:48:29.617 +02:00 [INF] Request finished HTTP/2 GET https://localhost:5271/_vs/browserLink - 200 null text/javascript; charset=UTF-8 134.5183ms
2025-03-30 12:48:29.652 +02:00 [INF] Request starting HTTP/2 GET https://localhost:5271/swagger/v1/swagger.json - null null
2025-03-30 12:48:29.689 +02:00 [INF] HTTP GET /swagger/v1/swagger.json responded 200 in 30.1768 ms
2025-03-30 12:48:29.693 +02:00 [INF] Request finished HTTP/2 GET https://localhost:5271/swagger/v1/swagger.json - 200 null application/json;charset=utf-8 41.3876ms
2025-03-30 12:59:30.955 +02:00 [INF] User profile is available. Using 'C:\Users\HCES\AppData\Local\ASP.NET\DataProtection-Keys' as key repository and Windows DPAPI to encrypt keys at rest.
2025-03-30 12:59:31.293 +02:00 [INF] Now listening on: https://localhost:5271
2025-03-30 12:59:31.332 +02:00 [INF] Application started. Press Ctrl+C to shut down.
2025-03-30 12:59:31.335 +02:00 [INF] Hosting environment: Development
2025-03-30 12:59:31.336 +02:00 [INF] Content root path: C:\Asp.Net_Project\WarehouseApp\WHS\src\WebAPI
2025-03-30 12:59:31.859 +02:00 [INF] Request starting HTTP/2 GET https://localhost:5271/index.html - null null
2025-03-30 12:59:32.017 +02:00 [INF] HTTP GET /index.html responded 200 in 34.5752 ms
2025-03-30 12:59:32.029 +02:00 [INF] Request finished HTTP/2 GET https://localhost:5271/index.html - 200 null text/html;charset=utf-8 172.9476ms
2025-03-30 12:59:32.070 +02:00 [INF] Request starting HTTP/2 GET https://localhost:5271/index.js - null null
2025-03-30 12:59:32.070 +02:00 [INF] Request starting HTTP/2 GET https://localhost:5271/_framework/aspnetcore-browser-refresh.js - null null
2025-03-30 12:59:32.070 +02:00 [INF] Request starting HTTP/2 GET https://localhost:5271/_vs/browserLink - null null
2025-03-30 12:59:32.080 +02:00 [INF] HTTP GET /index.js responded 200 in 1.9852 ms
2025-03-30 12:59:32.090 +02:00 [INF] Request finished HTTP/2 GET https://localhost:5271/index.js - 200 null application/javascript;charset=utf-8 48.6922ms
2025-03-30 12:59:32.094 +02:00 [INF] Request finished HTTP/2 GET https://localhost:5271/_framework/aspnetcore-browser-refresh.js - 200 16497 application/javascript; charset=utf-8 56.0498ms
2025-03-30 12:59:32.122 +02:00 [INF] Request finished HTTP/2 GET https://localhost:5271/_vs/browserLink - 200 null text/javascript; charset=UTF-8 83.2056ms
2025-03-30 12:59:32.170 +02:00 [INF] Request starting HTTP/2 GET https://localhost:5271/swagger/v1/swagger.json - null null
2025-03-30 12:59:32.201 +02:00 [INF] HTTP GET /swagger/v1/swagger.json responded 200 in 23.8670 ms
2025-03-30 12:59:32.206 +02:00 [INF] Request finished HTTP/2 GET https://localhost:5271/swagger/v1/swagger.json - 200 null application/json;charset=utf-8 36.3413ms
2025-03-30 13:00:45.694 +02:00 [FTL] Application startup failed
Microsoft.Extensions.Hosting.HostAbortedException: The host was aborted.
   at Microsoft.Extensions.Hosting.HostFactoryResolver.HostingListener.ThrowHostAborted()
   at Microsoft.Extensions.Hosting.HostFactoryResolver.HostingListener.OnNext(KeyValuePair`2 value)
   at System.Diagnostics.DiagnosticListener.Write(String name, Object value)
   at Microsoft.Extensions.Hosting.HostBuilder.ResolveHost(IServiceProvider serviceProvider, DiagnosticListener diagnosticListener)
   at Microsoft.Extensions.Hosting.HostApplicationBuilder.Build()
   at Microsoft.AspNetCore.Builder.WebApplicationBuilder.Build()
   at Program.<Main>$(String[] args) in C:\Asp.Net_Project\WarehouseApp\WHS\src\WebAPI\Program.cs:line 16
2025-03-30 13:02:01.866 +02:00 [FTL] Application startup failed
Microsoft.Extensions.Hosting.HostAbortedException: The host was aborted.
   at Microsoft.Extensions.Hosting.HostFactoryResolver.HostingListener.ThrowHostAborted()
   at Microsoft.Extensions.Hosting.HostFactoryResolver.HostingListener.OnNext(KeyValuePair`2 value)
   at System.Diagnostics.DiagnosticListener.Write(String name, Object value)
   at Microsoft.Extensions.Hosting.HostBuilder.ResolveHost(IServiceProvider serviceProvider, DiagnosticListener diagnosticListener)
   at Microsoft.Extensions.Hosting.HostApplicationBuilder.Build()
   at Microsoft.AspNetCore.Builder.WebApplicationBuilder.Build()
   at Program.<Main>$(String[] args) in C:\Asp.Net_Project\WarehouseApp\WHS\src\WebAPI\Program.cs:line 16
2025-03-30 13:02:30.071 +02:00 [FTL] Application startup failed
Microsoft.Extensions.Hosting.HostAbortedException: The host was aborted.
   at Microsoft.Extensions.Hosting.HostFactoryResolver.HostingListener.ThrowHostAborted()
   at Microsoft.Extensions.Hosting.HostFactoryResolver.HostingListener.OnNext(KeyValuePair`2 value)
   at System.Diagnostics.DiagnosticListener.Write(String name, Object value)
   at Microsoft.Extensions.Hosting.HostBuilder.ResolveHost(IServiceProvider serviceProvider, DiagnosticListener diagnosticListener)
   at Microsoft.Extensions.Hosting.HostApplicationBuilder.Build()
   at Microsoft.AspNetCore.Builder.WebApplicationBuilder.Build()
   at Program.<Main>$(String[] args) in C:\Asp.Net_Project\WarehouseApp\WHS\src\WebAPI\Program.cs:line 16
2025-03-30 13:02:54.747 +02:00 [FTL] Application startup failed
Microsoft.Extensions.Hosting.HostAbortedException: The host was aborted.
   at Microsoft.Extensions.Hosting.HostFactoryResolver.HostingListener.ThrowHostAborted()
   at Microsoft.Extensions.Hosting.HostFactoryResolver.HostingListener.OnNext(KeyValuePair`2 value)
   at System.Diagnostics.DiagnosticListener.Write(String name, Object value)
   at Microsoft.Extensions.Hosting.HostBuilder.ResolveHost(IServiceProvider serviceProvider, DiagnosticListener diagnosticListener)
   at Microsoft.Extensions.Hosting.HostApplicationBuilder.Build()
   at Microsoft.AspNetCore.Builder.WebApplicationBuilder.Build()
   at Program.<Main>$(String[] args) in C:\Asp.Net_Project\WarehouseApp\WHS\src\WebAPI\Program.cs:line 16
2025-03-30 13:03:11.431 +02:00 [FTL] Application startup failed
Microsoft.Extensions.Hosting.HostAbortedException: The host was aborted.
   at Microsoft.Extensions.Hosting.HostFactoryResolver.HostingListener.ThrowHostAborted()
   at Microsoft.Extensions.Hosting.HostFactoryResolver.HostingListener.OnNext(KeyValuePair`2 value)
   at System.Diagnostics.DiagnosticListener.Write(String name, Object value)
   at Microsoft.Extensions.Hosting.HostBuilder.ResolveHost(IServiceProvider serviceProvider, DiagnosticListener diagnosticListener)
   at Microsoft.Extensions.Hosting.HostApplicationBuilder.Build()
   at Microsoft.AspNetCore.Builder.WebApplicationBuilder.Build()
   at Program.<Main>$(String[] args) in C:\Asp.Net_Project\WarehouseApp\WHS\src\WebAPI\Program.cs:line 16
2025-03-30 13:04:47.647 +02:00 [FTL] Application startup failed
Microsoft.Extensions.Hosting.HostAbortedException: The host was aborted.
   at Microsoft.Extensions.Hosting.HostFactoryResolver.HostingListener.ThrowHostAborted()
   at Microsoft.Extensions.Hosting.HostFactoryResolver.HostingListener.OnNext(KeyValuePair`2 value)
   at System.Diagnostics.DiagnosticListener.Write(String name, Object value)
   at Microsoft.Extensions.Hosting.HostBuilder.ResolveHost(IServiceProvider serviceProvider, DiagnosticListener diagnosticListener)
   at Microsoft.Extensions.Hosting.HostApplicationBuilder.Build()
   at Microsoft.AspNetCore.Builder.WebApplicationBuilder.Build()
   at Program.<Main>$(String[] args) in C:\Asp.Net_Project\WarehouseApp\WHS\src\WebAPI\Program.cs:line 16
2025-03-30 13:05:00.317 +02:00 [FTL] Application startup failed
Microsoft.Extensions.Hosting.HostAbortedException: The host was aborted.
   at Microsoft.Extensions.Hosting.HostFactoryResolver.HostingListener.ThrowHostAborted()
   at Microsoft.Extensions.Hosting.HostFactoryResolver.HostingListener.OnNext(KeyValuePair`2 value)
   at System.Diagnostics.DiagnosticListener.Write(String name, Object value)
   at Microsoft.Extensions.Hosting.HostBuilder.ResolveHost(IServiceProvider serviceProvider, DiagnosticListener diagnosticListener)
   at Microsoft.Extensions.Hosting.HostApplicationBuilder.Build()
   at Microsoft.AspNetCore.Builder.WebApplicationBuilder.Build()
   at Program.<Main>$(String[] args) in C:\Asp.Net_Project\WarehouseApp\WHS\src\WebAPI\Program.cs:line 16
2025-03-30 13:06:05.720 +02:00 [FTL] Application startup failed
Microsoft.Extensions.Hosting.HostAbortedException: The host was aborted.
   at Microsoft.Extensions.Hosting.HostFactoryResolver.HostingListener.ThrowHostAborted()
   at Microsoft.Extensions.Hosting.HostFactoryResolver.HostingListener.OnNext(KeyValuePair`2 value)
   at System.Diagnostics.DiagnosticListener.Write(String name, Object value)
   at Microsoft.Extensions.Hosting.HostBuilder.ResolveHost(IServiceProvider serviceProvider, DiagnosticListener diagnosticListener)
   at Microsoft.Extensions.Hosting.HostApplicationBuilder.Build()
   at Microsoft.AspNetCore.Builder.WebApplicationBuilder.Build()
   at Program.<Main>$(String[] args) in C:\Asp.Net_Project\WarehouseApp\WHS\src\WebAPI\Program.cs:line 16
2025-03-30 13:06:14.199 +02:00 [FTL] Application startup failed
Microsoft.Extensions.Hosting.HostAbortedException: The host was aborted.
   at Microsoft.Extensions.Hosting.HostFactoryResolver.HostingListener.ThrowHostAborted()
   at Microsoft.Extensions.Hosting.HostFactoryResolver.HostingListener.OnNext(KeyValuePair`2 value)
   at System.Diagnostics.DiagnosticListener.Write(String name, Object value)
   at Microsoft.Extensions.Hosting.HostBuilder.ResolveHost(IServiceProvider serviceProvider, DiagnosticListener diagnosticListener)
   at Microsoft.Extensions.Hosting.HostApplicationBuilder.Build()
   at Microsoft.AspNetCore.Builder.WebApplicationBuilder.Build()
   at Program.<Main>$(String[] args) in C:\Asp.Net_Project\WarehouseApp\WHS\src\WebAPI\Program.cs:line 16
2025-03-30 13:06:21.445 +02:00 [FTL] Application startup failed
Microsoft.Extensions.Hosting.HostAbortedException: The host was aborted.
   at Microsoft.Extensions.Hosting.HostFactoryResolver.HostingListener.ThrowHostAborted()
   at Microsoft.Extensions.Hosting.HostFactoryResolver.HostingListener.OnNext(KeyValuePair`2 value)
   at System.Diagnostics.DiagnosticListener.Write(String name, Object value)
   at Microsoft.Extensions.Hosting.HostBuilder.ResolveHost(IServiceProvider serviceProvider, DiagnosticListener diagnosticListener)
   at Microsoft.Extensions.Hosting.HostApplicationBuilder.Build()
   at Microsoft.AspNetCore.Builder.WebApplicationBuilder.Build()
   at Program.<Main>$(String[] args) in C:\Asp.Net_Project\WarehouseApp\WHS\src\WebAPI\Program.cs:line 16
2025-03-30 15:22:40.834 +02:00 [INF] User profile is available. Using 'C:\Users\HCES\AppData\Local\ASP.NET\DataProtection-Keys' as key repository and Windows DPAPI to encrypt keys at rest.
2025-03-30 15:22:41.275 +02:00 [INF] Now listening on: https://localhost:5271
2025-03-30 15:22:41.324 +02:00 [INF] Application started. Press Ctrl+C to shut down.
2025-03-30 15:22:41.326 +02:00 [INF] Hosting environment: Development
2025-03-30 15:22:41.328 +02:00 [INF] Content root path: C:\Asp.Net_Project\WarehouseApp\WHS\src\WebAPI
2025-03-30 15:22:41.695 +02:00 [INF] Request starting HTTP/2 GET https://localhost:5271/index.html - null null
2025-03-30 15:22:41.900 +02:00 [INF] HTTP GET /index.html responded 200 in 48.9547 ms
2025-03-30 15:22:41.916 +02:00 [INF] Request finished HTTP/2 GET https://localhost:5271/index.html - 200 null text/html;charset=utf-8 225.0082ms
2025-03-30 15:22:41.920 +02:00 [INF] Request starting HTTP/2 GET https://localhost:5271/index.js - null null
2025-03-30 15:22:41.920 +02:00 [INF] Request starting HTTP/2 GET https://localhost:5271/_vs/browserLink - null null
2025-03-30 15:22:41.920 +02:00 [INF] Request starting HTTP/2 GET https://localhost:5271/_framework/aspnetcore-browser-refresh.js - null null
2025-03-30 15:22:41.945 +02:00 [INF] HTTP GET /index.js responded 200 in 1.4157 ms
2025-03-30 15:22:42.005 +02:00 [INF] Request finished HTTP/2 GET https://localhost:5271/index.js - 200 null application/javascript;charset=utf-8 85.6776ms
2025-03-30 15:22:42.049 +02:00 [INF] Request finished HTTP/2 GET https://localhost:5271/_framework/aspnetcore-browser-refresh.js - 200 16497 application/javascript; charset=utf-8 130.0012ms
2025-03-30 15:22:42.060 +02:00 [INF] Request finished HTTP/2 GET https://localhost:5271/_vs/browserLink - 200 null text/javascript; charset=UTF-8 140.7002ms
2025-03-30 15:22:42.256 +02:00 [INF] Request starting HTTP/2 GET https://localhost:5271/swagger/v1/swagger.json - null null
2025-03-30 15:22:42.294 +02:00 [INF] HTTP GET /swagger/v1/swagger.json responded 200 in 25.3468 ms
2025-03-30 15:22:42.300 +02:00 [INF] Request finished HTTP/2 GET https://localhost:5271/swagger/v1/swagger.json - 200 null application/json;charset=utf-8 43.6137ms
2025-03-30 18:35:44.953 +02:00 [INF] User profile is available. Using 'C:\Users\HCES\AppData\Local\ASP.NET\DataProtection-Keys' as key repository and Windows DPAPI to encrypt keys at rest.
2025-03-30 18:35:45.381 +02:00 [INF] Now listening on: https://localhost:5271
2025-03-30 18:35:45.429 +02:00 [INF] Application started. Press Ctrl+C to shut down.
2025-03-30 18:35:45.431 +02:00 [INF] Hosting environment: Development
2025-03-30 18:35:45.435 +02:00 [INF] Content root path: C:\Asp.Net_Project\WarehouseApp\WHS\src\WebAPI
2025-03-30 18:35:45.945 +02:00 [INF] Request starting HTTP/2 GET https://localhost:5271/index.html - null null
2025-03-30 18:35:46.194 +02:00 [INF] HTTP GET /index.html responded 200 in 36.5147 ms
2025-03-30 18:35:46.209 +02:00 [INF] Request finished HTTP/2 GET https://localhost:5271/index.html - 200 null text/html;charset=utf-8 267.3534ms
2025-03-30 18:35:46.218 +02:00 [INF] Request starting HTTP/2 GET https://localhost:5271/index.js - null null
2025-03-30 18:35:46.218 +02:00 [INF] Request starting HTTP/2 GET https://localhost:5271/_vs/browserLink - null null
2025-03-30 18:35:46.218 +02:00 [INF] Request starting HTTP/2 GET https://localhost:5271/_framework/aspnetcore-browser-refresh.js - null null
2025-03-30 18:35:46.242 +02:00 [INF] HTTP GET /index.js responded 200 in 2.4482 ms
2025-03-30 18:35:46.262 +02:00 [INF] Request finished HTTP/2 GET https://localhost:5271/index.js - 200 null application/javascript;charset=utf-8 46.3795ms
2025-03-30 18:35:46.264 +02:00 [INF] Request finished HTTP/2 GET https://localhost:5271/_framework/aspnetcore-browser-refresh.js - 200 16497 application/javascript; charset=utf-8 48.5312ms
2025-03-30 18:35:46.293 +02:00 [INF] Request finished HTTP/2 GET https://localhost:5271/_vs/browserLink - 200 null text/javascript; charset=UTF-8 77.3447ms
2025-03-30 18:35:46.365 +02:00 [INF] Request starting HTTP/2 GET https://localhost:5271/swagger/v1/swagger.json - null null
2025-03-30 18:35:46.397 +02:00 [INF] HTTP GET /swagger/v1/swagger.json responded 200 in 21.5486 ms
2025-03-30 18:35:46.404 +02:00 [INF] Request finished HTTP/2 GET https://localhost:5271/swagger/v1/swagger.json - 200 null application/json;charset=utf-8 38.7953ms
2025-03-30 18:42:49.366 +02:00 [INF] User profile is available. Using 'C:\Users\HCES\AppData\Local\ASP.NET\DataProtection-Keys' as key repository and Windows DPAPI to encrypt keys at rest.
2025-03-30 18:42:49.691 +02:00 [INF] Now listening on: https://localhost:5271
2025-03-30 18:42:49.729 +02:00 [INF] Application started. Press Ctrl+C to shut down.
2025-03-30 18:42:49.732 +02:00 [INF] Hosting environment: Development
2025-03-30 18:42:49.734 +02:00 [INF] Content root path: C:\Asp.Net_Project\WarehouseApp\WHS\src\WebAPI
2025-03-30 18:42:50.031 +02:00 [INF] Request starting HTTP/2 GET https://localhost:5271/index.html - null null
2025-03-30 18:42:50.189 +02:00 [INF] HTTP GET /index.html responded 200 in 32.7130 ms
2025-03-30 18:42:50.201 +02:00 [INF] Request finished HTTP/2 GET https://localhost:5271/index.html - 200 null text/html;charset=utf-8 172.0527ms
2025-03-30 18:42:50.203 +02:00 [INF] Request starting HTTP/2 GET https://localhost:5271/index.js - null null
2025-03-30 18:42:50.203 +02:00 [INF] Request starting HTTP/2 GET https://localhost:5271/_vs/browserLink - null null
2025-03-30 18:42:50.203 +02:00 [INF] Request starting HTTP/2 GET https://localhost:5271/_framework/aspnetcore-browser-refresh.js - null null
2025-03-30 18:42:50.220 +02:00 [INF] HTTP GET /index.js responded 200 in 0.7435 ms
2025-03-30 18:42:50.230 +02:00 [INF] Request finished HTTP/2 GET https://localhost:5271/index.js - 200 null application/javascript;charset=utf-8 27.8351ms
2025-03-30 18:42:50.236 +02:00 [INF] Request finished HTTP/2 GET https://localhost:5271/_framework/aspnetcore-browser-refresh.js - 200 16497 application/javascript; charset=utf-8 34.3821ms
2025-03-30 18:42:50.250 +02:00 [INF] Request finished HTTP/2 GET https://localhost:5271/_vs/browserLink - 200 null text/javascript; charset=UTF-8 47.5542ms
2025-03-30 18:42:50.340 +02:00 [INF] Request starting HTTP/2 GET https://localhost:5271/swagger/v1/swagger.json - null null
2025-03-30 18:42:50.374 +02:00 [INF] HTTP GET /swagger/v1/swagger.json responded 200 in 21.5824 ms
2025-03-30 18:42:50.378 +02:00 [INF] Request finished HTTP/2 GET https://localhost:5271/swagger/v1/swagger.json - 200 null application/json;charset=utf-8 37.9574ms
2025-03-30 18:43:01.839 +02:00 [INF] User profile is available. Using 'C:\Users\HCES\AppData\Local\ASP.NET\DataProtection-Keys' as key repository and Windows DPAPI to encrypt keys at rest.
2025-03-30 18:43:02.207 +02:00 [INF] Now listening on: https://localhost:5271
2025-03-30 18:43:02.257 +02:00 [INF] Application started. Press Ctrl+C to shut down.
2025-03-30 18:43:02.259 +02:00 [INF] Hosting environment: Development
2025-03-30 18:43:02.262 +02:00 [INF] Content root path: C:\Asp.Net_Project\WarehouseApp\WHS\src\WebAPI
2025-03-30 18:43:02.586 +02:00 [INF] Request starting HTTP/2 GET https://localhost:5271/index.html - null null
2025-03-30 18:43:02.725 +02:00 [INF] HTTP GET /index.html responded 200 in 31.0669 ms
2025-03-30 18:43:02.736 +02:00 [INF] Request starting HTTP/2 GET https://localhost:5271/_vs/browserLink - null null
2025-03-30 18:43:02.736 +02:00 [INF] Request starting HTTP/2 GET https://localhost:5271/index.js - null null
2025-03-30 18:43:02.736 +02:00 [INF] Request starting HTTP/2 GET https://localhost:5271/_framework/aspnetcore-browser-refresh.js - null null
2025-03-30 18:43:02.744 +02:00 [INF] Request finished HTTP/2 GET https://localhost:5271/index.html - 200 null text/html;charset=utf-8 160.7235ms
2025-03-30 18:43:02.850 +02:00 [INF] HTTP GET /index.js responded 200 in 0.6198 ms
2025-03-30 18:43:02.858 +02:00 [INF] Request finished HTTP/2 GET https://localhost:5271/_framework/aspnetcore-browser-refresh.js - 200 16497 application/javascript; charset=utf-8 123.0922ms
2025-03-30 18:43:02.862 +02:00 [INF] Request finished HTTP/2 GET https://localhost:5271/index.js - 200 null application/javascript;charset=utf-8 127.6752ms
2025-03-30 18:43:02.867 +02:00 [INF] Request finished HTTP/2 GET https://localhost:5271/_vs/browserLink - 200 null text/javascript; charset=UTF-8 132.285ms
2025-03-30 18:43:02.902 +02:00 [INF] Request starting HTTP/2 GET https://localhost:5271/swagger/v1/swagger.json - null null
2025-03-30 18:43:02.922 +02:00 [INF] HTTP GET /swagger/v1/swagger.json responded 200 in 14.0478 ms
2025-03-30 18:43:02.927 +02:00 [INF] Request finished HTTP/2 GET https://localhost:5271/swagger/v1/swagger.json - 200 null application/json;charset=utf-8 25.2519ms
2025-03-30 21:20:43.137 +02:00 [INF] User profile is available. Using 'C:\Users\HCES\AppData\Local\ASP.NET\DataProtection-Keys' as key repository and Windows DPAPI to encrypt keys at rest.
2025-03-30 21:20:43.625 +02:00 [INF] Now listening on: https://localhost:5271
2025-03-30 21:20:43.674 +02:00 [INF] Application started. Press Ctrl+C to shut down.
2025-03-30 21:20:43.677 +02:00 [INF] Hosting environment: Development
2025-03-30 21:20:43.679 +02:00 [INF] Content root path: C:\Asp.Net_Project\WarehouseApp\WHS\src\WebAPI
2025-03-30 21:20:44.360 +02:00 [INF] Request starting HTTP/2 GET https://localhost:5271/index.html - null null
2025-03-30 21:20:44.538 +02:00 [INF] HTTP GET /index.html responded 200 in 46.0840 ms
2025-03-30 21:20:44.547 +02:00 [INF] Request finished HTTP/2 GET https://localhost:5271/index.html - 200 null text/html;charset=utf-8 195.5066ms
2025-03-30 21:20:44.600 +02:00 [INF] Request starting HTTP/2 GET https://localhost:5271/_vs/browserLink - null null
2025-03-30 21:20:44.600 +02:00 [INF] Request starting HTTP/2 GET https://localhost:5271/index.js - null null
2025-03-30 21:20:44.600 +02:00 [INF] Request starting HTTP/2 GET https://localhost:5271/_framework/aspnetcore-browser-refresh.js - null null
2025-03-30 21:20:44.692 +02:00 [INF] HTTP GET /index.js responded 200 in 1.5203 ms
2025-03-30 21:20:44.698 +02:00 [INF] Request finished HTTP/2 GET https://localhost:5271/index.js - 200 null application/javascript;charset=utf-8 98.1007ms
2025-03-30 21:20:44.704 +02:00 [INF] Request finished HTTP/2 GET https://localhost:5271/_framework/aspnetcore-browser-refresh.js - 200 16497 application/javascript; charset=utf-8 105.0824ms
2025-03-30 21:20:44.712 +02:00 [INF] Request finished HTTP/2 GET https://localhost:5271/_vs/browserLink - 200 null text/javascript; charset=UTF-8 112.5488ms
2025-03-30 21:20:44.745 +02:00 [INF] Request starting HTTP/2 GET https://localhost:5271/swagger/v1/swagger.json - null null
2025-03-30 21:20:44.776 +02:00 [INF] HTTP GET /swagger/v1/swagger.json responded 200 in 21.2011 ms
2025-03-30 21:20:44.781 +02:00 [INF] Request finished HTTP/2 GET https://localhost:5271/swagger/v1/swagger.json - 200 null application/json;charset=utf-8 35.1391ms
2025-03-30 21:30:14.205 +02:00 [INF] User profile is available. Using 'C:\Users\HCES\AppData\Local\ASP.NET\DataProtection-Keys' as key repository and Windows DPAPI to encrypt keys at rest.
2025-03-30 21:30:14.559 +02:00 [INF] Now listening on: https://localhost:5271
2025-03-30 21:30:14.597 +02:00 [INF] Application started. Press Ctrl+C to shut down.
2025-03-30 21:30:14.598 +02:00 [INF] Hosting environment: Development
2025-03-30 21:30:14.600 +02:00 [INF] Content root path: C:\Asp.Net_Project\WarehouseApp\WHS\src\WebAPI
2025-03-30 21:30:15.053 +02:00 [INF] Request starting HTTP/2 GET https://localhost:5271/index.html - null null
2025-03-30 21:30:15.202 +02:00 [INF] HTTP GET /index.html responded 200 in 29.9981 ms
2025-03-30 21:30:15.221 +02:00 [INF] Request finished HTTP/2 GET https://localhost:5271/index.html - 200 null text/html;charset=utf-8 166.9391ms
2025-03-30 21:30:15.222 +02:00 [INF] Request starting HTTP/2 GET https://localhost:5271/index.js - null null
2025-03-30 21:30:15.222 +02:00 [INF] Request starting HTTP/2 GET https://localhost:5271/_vs/browserLink - null null
2025-03-30 21:30:15.222 +02:00 [INF] Request starting HTTP/2 GET https://localhost:5271/_framework/aspnetcore-browser-refresh.js - null null
2025-03-30 21:30:15.235 +02:00 [INF] HTTP GET /index.js responded 200 in 1.0185 ms
2025-03-30 21:30:15.248 +02:00 [INF] Request finished HTTP/2 GET https://localhost:5271/index.js - 200 null application/javascript;charset=utf-8 26.835ms
2025-03-30 21:30:15.261 +02:00 [INF] Request finished HTTP/2 GET https://localhost:5271/_framework/aspnetcore-browser-refresh.js - 200 16497 application/javascript; charset=utf-8 39.8525ms
2025-03-30 21:30:15.277 +02:00 [INF] Request finished HTTP/2 GET https://localhost:5271/_vs/browserLink - 200 null text/javascript; charset=UTF-8 55.6443ms
2025-03-30 21:30:15.353 +02:00 [INF] Request starting HTTP/2 GET https://localhost:5271/swagger/v1/swagger.json - null null
2025-03-30 21:30:15.401 +02:00 [INF] HTTP GET /swagger/v1/swagger.json responded 200 in 41.6699 ms
2025-03-30 21:30:15.408 +02:00 [INF] Request finished HTTP/2 GET https://localhost:5271/swagger/v1/swagger.json - 200 null application/json;charset=utf-8 54.5427ms
2025-03-30 21:31:20.293 +02:00 [FTL] Application startup failed
Microsoft.Extensions.Hosting.HostAbortedException: The host was aborted.
   at Microsoft.Extensions.Hosting.HostFactoryResolver.HostingListener.ThrowHostAborted()
   at Microsoft.Extensions.Hosting.HostFactoryResolver.HostingListener.OnNext(KeyValuePair`2 value)
   at System.Diagnostics.DiagnosticListener.Write(String name, Object value)
   at Microsoft.Extensions.Hosting.HostBuilder.ResolveHost(IServiceProvider serviceProvider, DiagnosticListener diagnosticListener)
   at Microsoft.Extensions.Hosting.HostApplicationBuilder.Build()
   at Microsoft.AspNetCore.Builder.WebApplicationBuilder.Build()
   at Program.<Main>$(String[] args) in C:\Asp.Net_Project\WarehouseApp\WHS\src\WebAPI\Program.cs:line 16
2025-03-30 21:31:31.897 +02:00 [FTL] Application startup failed
Microsoft.Extensions.Hosting.HostAbortedException: The host was aborted.
   at Microsoft.Extensions.Hosting.HostFactoryResolver.HostingListener.ThrowHostAborted()
   at Microsoft.Extensions.Hosting.HostFactoryResolver.HostingListener.OnNext(KeyValuePair`2 value)
   at System.Diagnostics.DiagnosticListener.Write(String name, Object value)
   at Microsoft.Extensions.Hosting.HostBuilder.ResolveHost(IServiceProvider serviceProvider, DiagnosticListener diagnosticListener)
   at Microsoft.Extensions.Hosting.HostApplicationBuilder.Build()
   at Microsoft.AspNetCore.Builder.WebApplicationBuilder.Build()
   at Program.<Main>$(String[] args) in C:\Asp.Net_Project\WarehouseApp\WHS\src\WebAPI\Program.cs:line 16
2025-03-30 21:31:42.681 +02:00 [FTL] Application startup failed
Microsoft.Extensions.Hosting.HostAbortedException: The host was aborted.
   at Microsoft.Extensions.Hosting.HostFactoryResolver.HostingListener.ThrowHostAborted()
   at Microsoft.Extensions.Hosting.HostFactoryResolver.HostingListener.OnNext(KeyValuePair`2 value)
   at System.Diagnostics.DiagnosticListener.Write(String name, Object value)
   at Microsoft.Extensions.Hosting.HostBuilder.ResolveHost(IServiceProvider serviceProvider, DiagnosticListener diagnosticListener)
   at Microsoft.Extensions.Hosting.HostApplicationBuilder.Build()
   at Microsoft.AspNetCore.Builder.WebApplicationBuilder.Build()
   at Program.<Main>$(String[] args) in C:\Asp.Net_Project\WarehouseApp\WHS\src\WebAPI\Program.cs:line 16
2025-03-30 22:18:08.191 +02:00 [INF] User profile is available. Using 'C:\Users\HCES\AppData\Local\ASP.NET\DataProtection-Keys' as key repository and Windows DPAPI to encrypt keys at rest.
2025-03-30 22:18:08.679 +02:00 [INF] Now listening on: https://localhost:5271
2025-03-30 22:18:08.726 +02:00 [INF] Application started. Press Ctrl+C to shut down.
2025-03-30 22:18:08.728 +02:00 [INF] Hosting environment: Development
2025-03-30 22:18:08.731 +02:00 [INF] Content root path: C:\Asp.Net_Project\WarehouseApp\WHS\src\WebAPI
2025-03-30 22:18:09.448 +02:00 [INF] Request starting HTTP/2 GET https://localhost:5271/index.html - null null
2025-03-30 22:18:09.688 +02:00 [INF] HTTP GET /index.html responded 200 in 44.6624 ms
2025-03-30 22:18:09.703 +02:00 [INF] Request finished HTTP/2 GET https://localhost:5271/index.html - 200 null text/html;charset=utf-8 260.6411ms
2025-03-30 22:18:09.714 +02:00 [INF] Request starting HTTP/2 GET https://localhost:5271/index.js - null null
2025-03-30 22:18:09.714 +02:00 [INF] Request starting HTTP/2 GET https://localhost:5271/_framework/aspnetcore-browser-refresh.js - null null
2025-03-30 22:18:09.714 +02:00 [INF] Request starting HTTP/2 GET https://localhost:5271/_vs/browserLink - null null
2025-03-30 22:18:09.728 +02:00 [INF] HTTP GET /index.js responded 200 in 1.6537 ms
2025-03-30 22:18:09.747 +02:00 [INF] Request finished HTTP/2 GET https://localhost:5271/index.js - 200 null application/javascript;charset=utf-8 42.2258ms
2025-03-30 22:18:09.748 +02:00 [INF] Request finished HTTP/2 GET https://localhost:5271/_framework/aspnetcore-browser-refresh.js - 200 16497 application/javascript; charset=utf-8 43.7342ms
2025-03-30 22:18:09.773 +02:00 [INF] Request finished HTTP/2 GET https://localhost:5271/_vs/browserLink - 200 null text/javascript; charset=UTF-8 69.1769ms
2025-03-30 22:18:09.868 +02:00 [INF] Request starting HTTP/2 GET https://localhost:5271/swagger/v1/swagger.json - null null
2025-03-30 22:18:09.905 +02:00 [INF] HTTP GET /swagger/v1/swagger.json responded 200 in 27.8001 ms
2025-03-30 22:18:09.910 +02:00 [INF] Request finished HTTP/2 GET https://localhost:5271/swagger/v1/swagger.json - 200 null application/json;charset=utf-8 41.8042ms
2025-03-30 22:18:45.277 +02:00 [FTL] Application startup failed
Microsoft.Extensions.Hosting.HostAbortedException: The host was aborted.
   at Microsoft.Extensions.Hosting.HostFactoryResolver.HostingListener.ThrowHostAborted()
   at Microsoft.Extensions.Hosting.HostFactoryResolver.HostingListener.OnNext(KeyValuePair`2 value)
   at System.Diagnostics.DiagnosticListener.Write(String name, Object value)
   at Microsoft.Extensions.Hosting.HostBuilder.ResolveHost(IServiceProvider serviceProvider, DiagnosticListener diagnosticListener)
   at Microsoft.Extensions.Hosting.HostApplicationBuilder.Build()
   at Microsoft.AspNetCore.Builder.WebApplicationBuilder.Build()
   at Program.<Main>$(String[] args) in C:\Asp.Net_Project\WarehouseApp\WHS\src\WebAPI\Program.cs:line 16
2025-03-30 22:19:09.977 +02:00 [FTL] Application startup failed
Microsoft.Extensions.Hosting.HostAbortedException: The host was aborted.
   at Microsoft.Extensions.Hosting.HostFactoryResolver.HostingListener.ThrowHostAborted()
   at Microsoft.Extensions.Hosting.HostFactoryResolver.HostingListener.OnNext(KeyValuePair`2 value)
   at System.Diagnostics.DiagnosticListener.Write(String name, Object value)
   at Microsoft.Extensions.Hosting.HostBuilder.ResolveHost(IServiceProvider serviceProvider, DiagnosticListener diagnosticListener)
   at Microsoft.Extensions.Hosting.HostApplicationBuilder.Build()
   at Microsoft.AspNetCore.Builder.WebApplicationBuilder.Build()
   at Program.<Main>$(String[] args) in C:\Asp.Net_Project\WarehouseApp\WHS\src\WebAPI\Program.cs:line 16
2025-03-30 22:19:29.659 +02:00 [INF] User profile is available. Using 'C:\Users\HCES\AppData\Local\ASP.NET\DataProtection-Keys' as key repository and Windows DPAPI to encrypt keys at rest.
2025-03-30 22:19:30.051 +02:00 [INF] Now listening on: https://localhost:5271
2025-03-30 22:19:30.128 +02:00 [INF] Application started. Press Ctrl+C to shut down.
2025-03-30 22:19:30.131 +02:00 [INF] Hosting environment: Development
2025-03-30 22:19:30.134 +02:00 [INF] Content root path: C:\Asp.Net_Project\WarehouseApp\WHS\src\WebAPI
2025-03-30 22:19:30.359 +02:00 [INF] Request starting HTTP/2 GET https://localhost:5271/index.html - null null
2025-03-30 22:19:30.508 +02:00 [INF] HTTP GET /index.html responded 200 in 31.1999 ms
2025-03-30 22:19:30.519 +02:00 [INF] Request starting HTTP/2 GET https://localhost:5271/_vs/browserLink - null null
2025-03-30 22:19:30.519 +02:00 [INF] Request starting HTTP/2 GET https://localhost:5271/_framework/aspnetcore-browser-refresh.js - null null
2025-03-30 22:19:30.519 +02:00 [INF] Request starting HTTP/2 GET https://localhost:5271/index.js - null null
2025-03-30 22:19:30.519 +02:00 [INF] Request finished HTTP/2 GET https://localhost:5271/index.html - 200 null text/html;charset=utf-8 163.6379ms
2025-03-30 22:19:30.550 +02:00 [INF] Request finished HTTP/2 GET https://localhost:5271/_framework/aspnetcore-browser-refresh.js - 200 16497 application/javascript; charset=utf-8 31.5885ms
2025-03-30 22:19:30.551 +02:00 [INF] HTTP GET /index.js responded 200 in 1.1711 ms
2025-03-30 22:19:30.562 +02:00 [INF] Request finished HTTP/2 GET https://localhost:5271/index.js - 200 null application/javascript;charset=utf-8 43.2033ms
2025-03-30 22:19:30.564 +02:00 [INF] Request finished HTTP/2 GET https://localhost:5271/_vs/browserLink - 200 null text/javascript; charset=UTF-8 45.362ms
2025-03-30 22:19:30.651 +02:00 [INF] Request starting HTTP/2 GET https://localhost:5271/swagger/v1/swagger.json - null null
2025-03-30 22:19:30.681 +02:00 [INF] HTTP GET /swagger/v1/swagger.json responded 200 in 16.4120 ms
2025-03-30 22:19:30.686 +02:00 [INF] Request finished HTTP/2 GET https://localhost:5271/swagger/v1/swagger.json - 200 null application/json;charset=utf-8 34.142ms
2025-03-30 22:19:50.019 +02:00 [INF] Request starting HTTP/2 GET https://localhost:5271/api/EntryProduct/GetAll?PageNumber=1&PageSize=10 - null null
2025-03-30 22:19:50.092 +02:00 [INF] Executing endpoint 'WebAPI.Controllers.EntryProductController.GetAllEntryDetail (WebAPI)'
2025-03-30 22:19:50.169 +02:00 [INF] Route matched with {action = "GetAllEntryDetail", controller = "EntryProduct"}. Executing controller action with signature System.Threading.Tasks.Task`1[Microsoft.AspNetCore.Mvc.ActionResult`1[System.Collections.Generic.IEnumerable`1[WHS.Application.DTO.Entry.EntryDetail.EntryDetailDto]]] GetAllEntryDetail(WHS.Application.CQRS.Entry.EntryDetailCQRS.Queries.GetAllEntryDetailQuery) on controller WebAPI.Controllers.EntryProductController (WebAPI).
2025-03-30 22:19:50.845 +02:00 [INF] Getting all result
2025-03-30 22:19:52.407 +02:00 [WRN] Sensitive data logging is enabled. Log entries and exception messages may include sensitive application data; this mode should only be enabled during development.
2025-03-30 22:19:52.494 +02:00 [WRN] The foreign key property 'Warehouse.DutyStationGUID1' was created in shadow state because a conflicting property with the simple name 'DutyStationGUID' exists in the entity type, but is either not mapped, is already used for another relationship, or is incompatible with the associated primary key type. See https://aka.ms/efcore-relationships for information on mapping relationships in EF Core.
2025-03-30 22:19:52.501 +02:00 [WRN] The foreign key property 'ShipmentRequest.SupplierGUID1' was created in shadow state because a conflicting property with the simple name 'SupplierGUID' exists in the entity type, but is either not mapped, is already used for another relationship, or is incompatible with the associated primary key type. See https://aka.ms/efcore-relationships for information on mapping relationships in EF Core.
2025-03-30 22:19:52.507 +02:00 [WRN] The foreign key property 'ShipmentRequestMovement.ShipmentRequestGUID1' was created in shadow state because a conflicting property with the simple name 'ShipmentRequestGUID' exists in the entity type, but is either not mapped, is already used for another relationship, or is incompatible with the associated primary key type. See https://aka.ms/efcore-relationships for information on mapping relationships in EF Core.
2025-03-30 22:19:52.605 +02:00 [WRN] No store type was specified for the decimal property 'CurrentUSDPrice' on entity type 'EntryDetail'. This will cause values to be silently truncated if they do not fit in the default precision and scale. Explicitly specify the SQL server column type that can accommodate all the values in 'OnModelCreating' using 'HasColumnType', specify precision and scale using 'HasPrecision', or configure a value converter using 'HasConversion'.
2025-03-30 22:19:52.610 +02:00 [WRN] No store type was specified for the decimal property 'PriceValue' on entity type 'EntryDetailPrice'. This will cause values to be silently truncated if they do not fit in the default precision and scale. Explicitly specify the SQL server column type that can accommodate all the values in 'OnModelCreating' using 'HasColumnType', specify precision and scale using 'HasPrecision', or configure a value converter using 'HasConversion'.
2025-03-30 22:19:52.614 +02:00 [WRN] No store type was specified for the decimal property 'TotalPrice' on entity type 'ReleaseRequestDetail'. This will cause values to be silently truncated if they do not fit in the default precision and scale. Explicitly specify the SQL server column type that can accommodate all the values in 'OnModelCreating' using 'HasColumnType', specify precision and scale using 'HasPrecision', or configure a value converter using 'HasConversion'.
2025-03-30 22:19:52.618 +02:00 [WRN] No store type was specified for the decimal property 'EruoPrice' on entity type 'ShipmentRequestDetail'. This will cause values to be silently truncated if they do not fit in the default precision and scale. Explicitly specify the SQL server column type that can accommodate all the values in 'OnModelCreating' using 'HasColumnType', specify precision and scale using 'HasPrecision', or configure a value converter using 'HasConversion'.
2025-03-30 22:19:52.622 +02:00 [WRN] No store type was specified for the decimal property 'LocalCurrencyPrice' on entity type 'ShipmentRequestDetail'. This will cause values to be silently truncated if they do not fit in the default precision and scale. Explicitly specify the SQL server column type that can accommodate all the values in 'OnModelCreating' using 'HasColumnType', specify precision and scale using 'HasPrecision', or configure a value converter using 'HasConversion'.
2025-03-30 22:19:52.626 +02:00 [WRN] No store type was specified for the decimal property 'USDPrice' on entity type 'ShipmentRequestDetail'. This will cause values to be silently truncated if they do not fit in the default precision and scale. Explicitly specify the SQL server column type that can accommodate all the values in 'OnModelCreating' using 'HasColumnType', specify precision and scale using 'HasPrecision', or configure a value converter using 'HasConversion'.
2025-03-30 22:19:54.076 +02:00 [INF] Executed DbCommand (84ms) [Parameters=[], CommandType='"Text"', CommandTimeout='30']
SELECT COUNT(*)
FROM [EntryDetails] AS [e]
2025-03-30 22:19:54.156 +02:00 [WRN] The query uses a row limiting operator ('Skip'/'Take') without an 'OrderBy' operator. This may lead to unpredictable results. If the 'Distinct' operator is used after 'OrderBy', then make sure to use the 'OrderBy' operator after 'Distinct' as the ordering would otherwise get erased.
2025-03-30 22:19:54.161 +02:00 [WRN] The query uses a row limiting operator ('Skip'/'Take') without an 'OrderBy' operator. This may lead to unpredictable results. If the 'Distinct' operator is used after 'OrderBy', then make sure to use the 'OrderBy' operator after 'Distinct' as the ordering would otherwise get erased.
2025-03-30 22:19:54.347 +02:00 [INF] Executed DbCommand (70ms) [Parameters=[@__p_0='0', @__p_1='10'], CommandType='"Text"', CommandTimeout='30']
SELECT [e].[EntryDetailGUID], [e].[Active], [e].[Comments], [e].[CurrentMovementStatusGUID], [e].[CurrentOwnedWarehousGUID], [e].[CurrentPhysicalStatusGUID], [e].[CurrentProductStatusGUID], [e].[CurrentUSDPrice], [e].[Quantity], [e].[ShipmentRequestDetailGUID]
FROM [EntryDetails] AS [e]
ORDER BY (SELECT 1)
OFFSET @__p_0 ROWS FETCH NEXT @__p_1 ROWS ONLY
2025-03-30 22:19:54.408 +02:00 [INF] Executing OkObjectResult, writing value of type 'WHS.Application.Common.PageResult`1[[WHS.Application.DTO.Entry.EntryDetail.EntryDetailDto, WHS.Application, Version=1.0.0.0, Culture=neutral, PublicKeyToken=null]]'.
2025-03-30 22:19:54.537 +02:00 [INF] Executed action WebAPI.Controllers.EntryProductController.GetAllEntryDetail (WebAPI) in 4349.3933ms
2025-03-30 22:19:54.543 +02:00 [INF] Executed endpoint 'WebAPI.Controllers.EntryProductController.GetAllEntryDetail (WebAPI)'
2025-03-30 22:19:54.548 +02:00 [INF] HTTP GET /api/EntryProduct/GetAll responded 200 in 4521.4443 ms
2025-03-30 22:19:54.568 +02:00 [INF] Request finished HTTP/2 GET https://localhost:5271/api/EntryProduct/GetAll?PageNumber=1&PageSize=10 - 200 null application/json; charset=utf-8 4549.7536ms
2025-03-30 22:23:43.132 +02:00 [INF] Request starting HTTP/2 POST https://localhost:5271/api/identity/register - application/json 57
2025-03-30 22:23:43.142 +02:00 [INF] Executing endpoint 'HTTP: POST api/identity/register'
2025-03-30 22:23:43.417 +02:00 [INF] Executed DbCommand (6ms) [Parameters=[@__normalizedUserName_0='OWNER@TEST.COM' (Size = 256)], CommandType='"Text"', CommandTimeout='30']
SELECT TOP(1) [a].[Id], [a].[AccessFailedCount], [a].[ConcurrencyStamp], [a].[DateOfBirth], [a].[Email], [a].[EmailConfirmed], [a].[LockoutEnabled], [a].[LockoutEnd], [a].[Nationality], [a].[NormalizedEmail], [a].[NormalizedUserName], [a].[PasswordHash], [a].[PhoneNumber], [a].[PhoneNumberConfirmed], [a].[SecurityStamp], [a].[TwoFactorEnabled], [a].[UserName]
FROM [AspNetUsers] AS [a]
WHERE [a].[NormalizedUserName] = @__normalizedUserName_0
2025-03-30 22:23:43.572 +02:00 [INF] Executed DbCommand (13ms) [Parameters=[@p0='5d407577-7c58-47d5-93b9-64648995e67a' (Nullable = false) (Size = 450), @p1='0', @p2='0409e85c-8be0-498d-8a12-49feec109de2' (Size = 4000), @p3=NULL (DbType = Date), @p4='owner@test.com' (Size = 256), @p5='False', @p6='True', @p7=NULL (DbType = DateTimeOffset), @p8=NULL (Size = 4000), @p9='OWNER@TEST.COM' (Size = 256), @p10='OWNER@TEST.COM' (Size = 256), @p11='AQAAAAIAAYagAAAAEOqmhG6BCOY6vPRirBzy2/82XonTMOZVye7CTl/ZlQcWsUWyybNqZh0C09+H79+cgA==' (Size = 4000), @p12=NULL (Size = 4000), @p13='False', @p14='E77QINSNC5P6EBTLXP2YC45GT424VQRM' (Size = 4000), @p15='False', @p16='owner@test.com' (Size = 256)], CommandType='"Text"', CommandTimeout='30']
SET IMPLICIT_TRANSACTIONS OFF;
SET NOCOUNT ON;
INSERT INTO [AspNetUsers] ([Id], [AccessFailedCount], [ConcurrencyStamp], [DateOfBirth], [Email], [EmailConfirmed], [LockoutEnabled], [LockoutEnd], [Nationality], [NormalizedEmail], [NormalizedUserName], [PasswordHash], [PhoneNumber], [PhoneNumberConfirmed], [SecurityStamp], [TwoFactorEnabled], [UserName])
VALUES (@p0, @p1, @p2, @p3, @p4, @p5, @p6, @p7, @p8, @p9, @p10, @p11, @p12, @p13, @p14, @p15, @p16);
2025-03-30 22:23:43.644 +02:00 [INF] Setting HTTP status code 200.
2025-03-30 22:23:43.653 +02:00 [INF] Executed endpoint 'HTTP: POST api/identity/register'
2025-03-30 22:23:43.659 +02:00 [INF] HTTP POST /api/identity/register responded 200 in 518.6992 ms
2025-03-30 22:23:43.667 +02:00 [INF] Request finished HTTP/2 POST https://localhost:5271/api/identity/register - 200 0 null 535.7639ms
2025-03-30 22:24:43.438 +02:00 [INF] Request starting HTTP/2 POST https://localhost:5271/api/identity/register - application/json 57
2025-03-30 22:24:43.448 +02:00 [INF] Executing endpoint 'HTTP: POST api/identity/register'
2025-03-30 22:24:43.557 +02:00 [INF] Executed DbCommand (18ms) [Parameters=[@__normalizedUserName_0='ADMIN@TEST.COM' (Size = 256)], CommandType='"Text"', CommandTimeout='30']
SELECT TOP(1) [a].[Id], [a].[AccessFailedCount], [a].[ConcurrencyStamp], [a].[DateOfBirth], [a].[Email], [a].[EmailConfirmed], [a].[LockoutEnabled], [a].[LockoutEnd], [a].[Nationality], [a].[NormalizedEmail], [a].[NormalizedUserName], [a].[PasswordHash], [a].[PhoneNumber], [a].[PhoneNumberConfirmed], [a].[SecurityStamp], [a].[TwoFactorEnabled], [a].[UserName]
FROM [AspNetUsers] AS [a]
WHERE [a].[NormalizedUserName] = @__normalizedUserName_0
2025-03-30 22:24:43.569 +02:00 [INF] Executed DbCommand (5ms) [Parameters=[@p0='3c06bf0b-f481-4929-804d-ded79d77802d' (Nullable = false) (Size = 450), @p1='0', @p2='e95c0e2d-97a3-4a3e-9256-a3cecc48b7f4' (Size = 4000), @p3=NULL (DbType = Date), @p4='admin@test.com' (Size = 256), @p5='False', @p6='True', @p7=NULL (DbType = DateTimeOffset), @p8=NULL (Size = 4000), @p9='ADMIN@TEST.COM' (Size = 256), @p10='ADMIN@TEST.COM' (Size = 256), @p11='AQAAAAIAAYagAAAAEDDrx85oH9MiuuDJFGqclLrE0DmVoNoY5EjoW72P0MXpmaxmXucrmtoikdGiiKfZ7A==' (Size = 4000), @p12=NULL (Size = 4000), @p13='False', @p14='BEKYIW45LVUCZE7ULVDRUJ5CWD35VN5P' (Size = 4000), @p15='False', @p16='admin@test.com' (Size = 256)], CommandType='"Text"', CommandTimeout='30']
SET IMPLICIT_TRANSACTIONS OFF;
SET NOCOUNT ON;
INSERT INTO [AspNetUsers] ([Id], [AccessFailedCount], [ConcurrencyStamp], [DateOfBirth], [Email], [EmailConfirmed], [LockoutEnabled], [LockoutEnd], [Nationality], [NormalizedEmail], [NormalizedUserName], [PasswordHash], [PhoneNumber], [PhoneNumberConfirmed], [SecurityStamp], [TwoFactorEnabled], [UserName])
VALUES (@p0, @p1, @p2, @p3, @p4, @p5, @p6, @p7, @p8, @p9, @p10, @p11, @p12, @p13, @p14, @p15, @p16);
2025-03-30 22:24:43.577 +02:00 [INF] Setting HTTP status code 200.
2025-03-30 22:24:43.579 +02:00 [INF] Executed endpoint 'HTTP: POST api/identity/register'
2025-03-30 22:24:43.580 +02:00 [INF] HTTP POST /api/identity/register responded 200 in 133.6208 ms
2025-03-30 22:24:43.583 +02:00 [INF] Request finished HTTP/2 POST https://localhost:5271/api/identity/register - 200 0 null 171.5648ms
2025-03-30 22:24:57.304 +02:00 [INF] Request starting HTTP/2 POST https://localhost:5271/api/identity/register - application/json 56
2025-03-30 22:24:57.319 +02:00 [INF] Executing endpoint 'HTTP: POST api/identity/register'
2025-03-30 22:24:57.389 +02:00 [INF] Executed DbCommand (6ms) [Parameters=[@__normalizedUserName_0='USER@TEST.COM' (Size = 256)], CommandType='"Text"', CommandTimeout='30']
SELECT TOP(1) [a].[Id], [a].[AccessFailedCount], [a].[ConcurrencyStamp], [a].[DateOfBirth], [a].[Email], [a].[EmailConfirmed], [a].[LockoutEnabled], [a].[LockoutEnd], [a].[Nationality], [a].[NormalizedEmail], [a].[NormalizedUserName], [a].[PasswordHash], [a].[PhoneNumber], [a].[PhoneNumberConfirmed], [a].[SecurityStamp], [a].[TwoFactorEnabled], [a].[UserName]
FROM [AspNetUsers] AS [a]
WHERE [a].[NormalizedUserName] = @__normalizedUserName_0
2025-03-30 22:24:57.401 +02:00 [INF] Executed DbCommand (5ms) [Parameters=[@p0='930f6134-2a84-4a08-bdb9-65f523b99103' (Nullable = false) (Size = 450), @p1='0', @p2='bbf98978-1f6c-4065-8668-76a941b3d8f3' (Size = 4000), @p3=NULL (DbType = Date), @p4='user@test.com' (Size = 256), @p5='False', @p6='True', @p7=NULL (DbType = DateTimeOffset), @p8=NULL (Size = 4000), @p9='USER@TEST.COM' (Size = 256), @p10='USER@TEST.COM' (Size = 256), @p11='AQAAAAIAAYagAAAAENlA7KtyoQ1dKYRqGiYDn/HbfuPJh1MqmwVvPC1v4K3wp0jI4QaBij2QRFfKJmVIuA==' (Size = 4000), @p12=NULL (Size = 4000), @p13='False', @p14='JVZ3DMGDY234NHECIWC4YWIX2V37CYL6' (Size = 4000), @p15='False', @p16='user@test.com' (Size = 256)], CommandType='"Text"', CommandTimeout='30']
SET IMPLICIT_TRANSACTIONS OFF;
SET NOCOUNT ON;
INSERT INTO [AspNetUsers] ([Id], [AccessFailedCount], [ConcurrencyStamp], [DateOfBirth], [Email], [EmailConfirmed], [LockoutEnabled], [LockoutEnd], [Nationality], [NormalizedEmail], [NormalizedUserName], [PasswordHash], [PhoneNumber], [PhoneNumberConfirmed], [SecurityStamp], [TwoFactorEnabled], [UserName])
VALUES (@p0, @p1, @p2, @p3, @p4, @p5, @p6, @p7, @p8, @p9, @p10, @p11, @p12, @p13, @p14, @p15, @p16);
2025-03-30 22:24:57.407 +02:00 [INF] Setting HTTP status code 200.
2025-03-30 22:24:57.409 +02:00 [INF] Executed endpoint 'HTTP: POST api/identity/register'
2025-03-30 22:24:57.412 +02:00 [INF] HTTP POST /api/identity/register responded 200 in 92.4522 ms
2025-03-30 22:24:57.418 +02:00 [INF] Request finished HTTP/2 POST https://localhost:5271/api/identity/register - 200 0 null 114.5006ms
2025-03-30 22:34:07.823 +02:00 [FTL] Application startup failed
Microsoft.Extensions.Hosting.HostAbortedException: The host was aborted.
   at Microsoft.Extensions.Hosting.HostFactoryResolver.HostingListener.ThrowHostAborted()
   at Microsoft.Extensions.Hosting.HostFactoryResolver.HostingListener.OnNext(KeyValuePair`2 value)
   at System.Diagnostics.DiagnosticListener.Write(String name, Object value)
   at Microsoft.Extensions.Hosting.HostBuilder.ResolveHost(IServiceProvider serviceProvider, DiagnosticListener diagnosticListener)
   at Microsoft.Extensions.Hosting.HostApplicationBuilder.Build()
   at Microsoft.AspNetCore.Builder.WebApplicationBuilder.Build()
   at Program.<Main>$(String[] args) in C:\Asp.Net_Project\WarehouseApp\WHS\src\WebAPI\Program.cs:line 16
2025-03-30 22:34:43.015 +02:00 [FTL] Application startup failed
Microsoft.Extensions.Hosting.HostAbortedException: The host was aborted.
   at Microsoft.Extensions.Hosting.HostFactoryResolver.HostingListener.ThrowHostAborted()
   at Microsoft.Extensions.Hosting.HostFactoryResolver.HostingListener.OnNext(KeyValuePair`2 value)
   at System.Diagnostics.DiagnosticListener.Write(String name, Object value)
   at Microsoft.Extensions.Hosting.HostBuilder.ResolveHost(IServiceProvider serviceProvider, DiagnosticListener diagnosticListener)
   at Microsoft.Extensions.Hosting.HostApplicationBuilder.Build()
   at Microsoft.AspNetCore.Builder.WebApplicationBuilder.Build()
   at Program.<Main>$(String[] args) in C:\Asp.Net_Project\WarehouseApp\WHS\src\WebAPI\Program.cs:line 16
2025-03-30 22:37:58.422 +02:00 [FTL] Application startup failed
Microsoft.Extensions.Hosting.HostAbortedException: The host was aborted.
   at Microsoft.Extensions.Hosting.HostFactoryResolver.HostingListener.ThrowHostAborted()
   at Microsoft.Extensions.Hosting.HostFactoryResolver.HostingListener.OnNext(KeyValuePair`2 value)
   at System.Diagnostics.DiagnosticListener.Write(String name, Object value)
   at Microsoft.Extensions.Hosting.HostBuilder.ResolveHost(IServiceProvider serviceProvider, DiagnosticListener diagnosticListener)
   at Microsoft.Extensions.Hosting.HostApplicationBuilder.Build()
   at Microsoft.AspNetCore.Builder.WebApplicationBuilder.Build()
   at Program.<Main>$(String[] args) in C:\Asp.Net_Project\WarehouseApp\WHS\src\WebAPI\Program.cs:line 16
2025-03-30 22:38:06.038 +02:00 [FTL] Application startup failed
Microsoft.Extensions.Hosting.HostAbortedException: The host was aborted.
   at Microsoft.Extensions.Hosting.HostFactoryResolver.HostingListener.ThrowHostAborted()
   at Microsoft.Extensions.Hosting.HostFactoryResolver.HostingListener.OnNext(KeyValuePair`2 value)
   at System.Diagnostics.DiagnosticListener.Write(String name, Object value)
   at Microsoft.Extensions.Hosting.HostBuilder.ResolveHost(IServiceProvider serviceProvider, DiagnosticListener diagnosticListener)
   at Microsoft.Extensions.Hosting.HostApplicationBuilder.Build()
   at Microsoft.AspNetCore.Builder.WebApplicationBuilder.Build()
   at Program.<Main>$(String[] args) in C:\Asp.Net_Project\WarehouseApp\WHS\src\WebAPI\Program.cs:line 16
2025-03-30 22:46:57.206 +02:00 [FTL] Application startup failed
Microsoft.Extensions.Hosting.HostAbortedException: The host was aborted.
   at Microsoft.Extensions.Hosting.HostFactoryResolver.HostingListener.ThrowHostAborted()
   at Microsoft.Extensions.Hosting.HostFactoryResolver.HostingListener.OnNext(KeyValuePair`2 value)
   at System.Diagnostics.DiagnosticListener.Write(String name, Object value)
   at Microsoft.Extensions.Hosting.HostBuilder.ResolveHost(IServiceProvider serviceProvider, DiagnosticListener diagnosticListener)
   at Microsoft.Extensions.Hosting.HostApplicationBuilder.Build()
   at Microsoft.AspNetCore.Builder.WebApplicationBuilder.Build()
   at Program.<Main>$(String[] args) in C:\Asp.Net_Project\WarehouseApp\WHS\src\WebAPI\Program.cs:line 16
2025-03-30 22:47:24.362 +02:00 [FTL] Application startup failed
Microsoft.Extensions.Hosting.HostAbortedException: The host was aborted.
   at Microsoft.Extensions.Hosting.HostFactoryResolver.HostingListener.ThrowHostAborted()
   at Microsoft.Extensions.Hosting.HostFactoryResolver.HostingListener.OnNext(KeyValuePair`2 value)
   at System.Diagnostics.DiagnosticListener.Write(String name, Object value)
   at Microsoft.Extensions.Hosting.HostBuilder.ResolveHost(IServiceProvider serviceProvider, DiagnosticListener diagnosticListener)
   at Microsoft.Extensions.Hosting.HostApplicationBuilder.Build()
   at Microsoft.AspNetCore.Builder.WebApplicationBuilder.Build()
   at Program.<Main>$(String[] args) in C:\Asp.Net_Project\WarehouseApp\WHS\src\WebAPI\Program.cs:line 16
2025-03-30 22:47:34.012 +02:00 [FTL] Application startup failed
Microsoft.Extensions.Hosting.HostAbortedException: The host was aborted.
   at Microsoft.Extensions.Hosting.HostFactoryResolver.HostingListener.ThrowHostAborted()
   at Microsoft.Extensions.Hosting.HostFactoryResolver.HostingListener.OnNext(KeyValuePair`2 value)
   at System.Diagnostics.DiagnosticListener.Write(String name, Object value)
   at Microsoft.Extensions.Hosting.HostBuilder.ResolveHost(IServiceProvider serviceProvider, DiagnosticListener diagnosticListener)
   at Microsoft.Extensions.Hosting.HostApplicationBuilder.Build()
   at Microsoft.AspNetCore.Builder.WebApplicationBuilder.Build()
   at Program.<Main>$(String[] args) in C:\Asp.Net_Project\WarehouseApp\WHS\src\WebAPI\Program.cs:line 16
2025-03-30 22:47:44.988 +02:00 [FTL] Application startup failed
Microsoft.Extensions.Hosting.HostAbortedException: The host was aborted.
   at Microsoft.Extensions.Hosting.HostFactoryResolver.HostingListener.ThrowHostAborted()
   at Microsoft.Extensions.Hosting.HostFactoryResolver.HostingListener.OnNext(KeyValuePair`2 value)
   at System.Diagnostics.DiagnosticListener.Write(String name, Object value)
   at Microsoft.Extensions.Hosting.HostBuilder.ResolveHost(IServiceProvider serviceProvider, DiagnosticListener diagnosticListener)
   at Microsoft.Extensions.Hosting.HostApplicationBuilder.Build()
   at Microsoft.AspNetCore.Builder.WebApplicationBuilder.Build()
   at Program.<Main>$(String[] args) in C:\Asp.Net_Project\WarehouseApp\WHS\src\WebAPI\Program.cs:line 16
2025-03-30 22:53:42.999 +02:00 [FTL] Application startup failed
Microsoft.Extensions.Hosting.HostAbortedException: The host was aborted.
   at Microsoft.Extensions.Hosting.HostFactoryResolver.HostingListener.ThrowHostAborted()
   at Microsoft.Extensions.Hosting.HostFactoryResolver.HostingListener.OnNext(KeyValuePair`2 value)
   at System.Diagnostics.DiagnosticListener.Write(String name, Object value)
   at Microsoft.Extensions.Hosting.HostBuilder.ResolveHost(IServiceProvider serviceProvider, DiagnosticListener diagnosticListener)
   at Microsoft.Extensions.Hosting.HostApplicationBuilder.Build()
   at Microsoft.AspNetCore.Builder.WebApplicationBuilder.Build()
   at Program.<Main>$(String[] args) in C:\Asp.Net_Project\WarehouseApp\WHS\src\WebAPI\Program.cs:line 16
2025-03-30 22:53:49.240 +02:00 [FTL] Application startup failed
Microsoft.Extensions.Hosting.HostAbortedException: The host was aborted.
   at Microsoft.Extensions.Hosting.HostFactoryResolver.HostingListener.ThrowHostAborted()
   at Microsoft.Extensions.Hosting.HostFactoryResolver.HostingListener.OnNext(KeyValuePair`2 value)
   at System.Diagnostics.DiagnosticListener.Write(String name, Object value)
   at Microsoft.Extensions.Hosting.HostBuilder.ResolveHost(IServiceProvider serviceProvider, DiagnosticListener diagnosticListener)
   at Microsoft.Extensions.Hosting.HostApplicationBuilder.Build()
   at Microsoft.AspNetCore.Builder.WebApplicationBuilder.Build()
   at Program.<Main>$(String[] args) in C:\Asp.Net_Project\WarehouseApp\WHS\src\WebAPI\Program.cs:line 16
2025-03-30 23:02:20.262 +02:00 [FTL] Application startup failed
Microsoft.Extensions.Hosting.HostAbortedException: The host was aborted.
   at Microsoft.Extensions.Hosting.HostFactoryResolver.HostingListener.ThrowHostAborted()
   at Microsoft.Extensions.Hosting.HostFactoryResolver.HostingListener.OnNext(KeyValuePair`2 value)
   at System.Diagnostics.DiagnosticListener.Write(String name, Object value)
   at Microsoft.Extensions.Hosting.HostBuilder.ResolveHost(IServiceProvider serviceProvider, DiagnosticListener diagnosticListener)
   at Microsoft.Extensions.Hosting.HostApplicationBuilder.Build()
   at Microsoft.AspNetCore.Builder.WebApplicationBuilder.Build()
   at Program.<Main>$(String[] args) in C:\Asp.Net_Project\WarehouseApp\WHS\src\WebAPI\Program.cs:line 16
2025-03-30 23:02:26.311 +02:00 [FTL] Application startup failed
Microsoft.Extensions.Hosting.HostAbortedException: The host was aborted.
   at Microsoft.Extensions.Hosting.HostFactoryResolver.HostingListener.ThrowHostAborted()
   at Microsoft.Extensions.Hosting.HostFactoryResolver.HostingListener.OnNext(KeyValuePair`2 value)
   at System.Diagnostics.DiagnosticListener.Write(String name, Object value)
   at Microsoft.Extensions.Hosting.HostBuilder.ResolveHost(IServiceProvider serviceProvider, DiagnosticListener diagnosticListener)
   at Microsoft.Extensions.Hosting.HostApplicationBuilder.Build()
   at Microsoft.AspNetCore.Builder.WebApplicationBuilder.Build()
   at Program.<Main>$(String[] args) in C:\Asp.Net_Project\WarehouseApp\WHS\src\WebAPI\Program.cs:line 16
2025-03-30 23:07:24.968 +02:00 [FTL] Application startup failed
Microsoft.Extensions.Hosting.HostAbortedException: The host was aborted.
   at Microsoft.Extensions.Hosting.HostFactoryResolver.HostingListener.ThrowHostAborted()
   at Microsoft.Extensions.Hosting.HostFactoryResolver.HostingListener.OnNext(KeyValuePair`2 value)
   at System.Diagnostics.DiagnosticListener.Write(String name, Object value)
   at Microsoft.Extensions.Hosting.HostBuilder.ResolveHost(IServiceProvider serviceProvider, DiagnosticListener diagnosticListener)
   at Microsoft.Extensions.Hosting.HostApplicationBuilder.Build()
   at Microsoft.AspNetCore.Builder.WebApplicationBuilder.Build()
   at Program.<Main>$(String[] args) in C:\Asp.Net_Project\WarehouseApp\WHS\src\WebAPI\Program.cs:line 16
2025-03-30 23:07:30.876 +02:00 [FTL] Application startup failed
Microsoft.Extensions.Hosting.HostAbortedException: The host was aborted.
   at Microsoft.Extensions.Hosting.HostFactoryResolver.HostingListener.ThrowHostAborted()
   at Microsoft.Extensions.Hosting.HostFactoryResolver.HostingListener.OnNext(KeyValuePair`2 value)
   at System.Diagnostics.DiagnosticListener.Write(String name, Object value)
   at Microsoft.Extensions.Hosting.HostBuilder.ResolveHost(IServiceProvider serviceProvider, DiagnosticListener diagnosticListener)
   at Microsoft.Extensions.Hosting.HostApplicationBuilder.Build()
   at Microsoft.AspNetCore.Builder.WebApplicationBuilder.Build()
   at Program.<Main>$(String[] args) in C:\Asp.Net_Project\WarehouseApp\WHS\src\WebAPI\Program.cs:line 16
2025-03-30 23:08:36.794 +02:00 [INF] User profile is available. Using 'C:\Users\HCES\AppData\Local\ASP.NET\DataProtection-Keys' as key repository and Windows DPAPI to encrypt keys at rest.
2025-03-30 23:08:37.227 +02:00 [INF] Now listening on: https://localhost:5271
2025-03-30 23:08:37.276 +02:00 [INF] Application started. Press Ctrl+C to shut down.
2025-03-30 23:08:37.278 +02:00 [INF] Hosting environment: Development
2025-03-30 23:08:37.280 +02:00 [INF] Content root path: C:\Asp.Net_Project\WarehouseApp\WHS\src\WebAPI
2025-03-30 23:08:37.953 +02:00 [INF] Request starting HTTP/2 GET https://localhost:5271/index.html - null null
2025-03-30 23:08:38.112 +02:00 [INF] HTTP GET /index.html responded 200 in 30.9782 ms
2025-03-30 23:08:38.122 +02:00 [INF] Request finished HTTP/2 GET https://localhost:5271/index.html - 200 null text/html;charset=utf-8 171.7392ms
2025-03-30 23:08:38.138 +02:00 [INF] Request starting HTTP/2 GET https://localhost:5271/_framework/aspnetcore-browser-refresh.js - null null
2025-03-30 23:08:38.138 +02:00 [INF] Request starting HTTP/2 GET https://localhost:5271/index.js - null null
2025-03-30 23:08:38.138 +02:00 [INF] Request starting HTTP/2 GET https://localhost:5271/_vs/browserLink - null null
2025-03-30 23:08:38.799 +02:00 [INF] Request finished HTTP/2 GET https://localhost:5271/_framework/aspnetcore-browser-refresh.js - 200 16497 application/javascript; charset=utf-8 661.5436ms
2025-03-30 23:08:38.801 +02:00 [INF] HTTP GET /index.js responded 200 in 1.1153 ms
2025-03-30 23:08:38.813 +02:00 [INF] Request finished HTTP/2 GET https://localhost:5271/index.js - 200 null application/javascript;charset=utf-8 675.2054ms
2025-03-30 23:08:38.830 +02:00 [INF] Request finished HTTP/2 GET https://localhost:5271/_vs/browserLink - 200 null text/javascript; charset=UTF-8 692.6721ms
2025-03-30 23:08:38.868 +02:00 [INF] Request starting HTTP/2 GET https://localhost:5271/swagger/v1/swagger.json - null null
2025-03-30 23:08:38.896 +02:00 [INF] HTTP GET /swagger/v1/swagger.json responded 200 in 18.4723 ms
2025-03-30 23:08:38.900 +02:00 [INF] Request finished HTTP/2 GET https://localhost:5271/swagger/v1/swagger.json - 200 null application/json;charset=utf-8 32.4574ms
