2025-03-29 07:52:04.114 +01:00 [INF] User profile is available. Using 'C:\Users\HCES\AppData\Local\ASP.NET\DataProtection-Keys' as key repository and Windows DPAPI to encrypt keys at rest.
2025-03-29 07:52:04.435 +01:00 [INF] Now listening on: https://localhost:5271
2025-03-29 07:52:04.474 +01:00 [INF] Application started. Press Ctrl+C to shut down.
2025-03-29 07:52:04.476 +01:00 [INF] Hosting environment: Development
2025-03-29 07:52:04.478 +01:00 [INF] Content root path: C:\Asp.Net_Project\WarehouseApp\WHS\src\WebAPI
2025-03-29 07:52:05.247 +01:00 [INF] Request starting HTTP/2 GET https://localhost:5271/index.html - null null
2025-03-29 07:52:05.392 +01:00 [INF] HTTP GET /index.html responded 200 in 33.4218 ms
2025-03-29 07:52:05.425 +01:00 [INF] Request starting HTTP/2 GET https://localhost:5271/index.js - null null
2025-03-29 07:52:05.425 +01:00 [INF] Request starting HTTP/2 GET https://localhost:5271/_vs/browserLink - null null
2025-03-29 07:52:05.425 +01:00 [INF] Request starting HTTP/2 GET https://localhost:5271/_framework/aspnetcore-browser-refresh.js - null null
2025-03-29 07:52:05.426 +01:00 [INF] Request finished HTTP/2 GET https://localhost:5271/index.html - 200 null text/html;charset=utf-8 179.9055ms
2025-03-29 07:52:05.438 +01:00 [INF] HTTP GET /index.js responded 200 in 0.9155 ms
2025-03-29 07:52:05.452 +01:00 [INF] Request finished HTTP/2 GET https://localhost:5271/index.js - 200 null application/javascript;charset=utf-8 39.0066ms
2025-03-29 07:52:05.464 +01:00 [INF] Request finished HTTP/2 GET https://localhost:5271/_framework/aspnetcore-browser-refresh.js - 200 16497 application/javascript; charset=utf-8 51.8781ms
2025-03-29 07:52:05.473 +01:00 [INF] Request finished HTTP/2 GET https://localhost:5271/_vs/browserLink - 200 null text/javascript; charset=UTF-8 60.9854ms
2025-03-29 07:52:05.563 +01:00 [INF] Request starting HTTP/2 GET https://localhost:5271/swagger/v1/swagger.json - null null
2025-03-29 07:52:05.598 +01:00 [INF] HTTP GET /swagger/v1/swagger.json responded 200 in 25.5536 ms
2025-03-29 07:52:05.602 +01:00 [INF] Request finished HTTP/2 GET https://localhost:5271/swagger/v1/swagger.json - 200 null application/json;charset=utf-8 39.2594ms
2025-03-29 07:54:07.244 +01:00 [INF] User profile is available. Using 'C:\Users\HCES\AppData\Local\ASP.NET\DataProtection-Keys' as key repository and Windows DPAPI to encrypt keys at rest.
2025-03-29 07:54:07.602 +01:00 [INF] Now listening on: https://localhost:5271
2025-03-29 07:54:07.645 +01:00 [INF] Application started. Press Ctrl+C to shut down.
2025-03-29 07:54:07.648 +01:00 [INF] Hosting environment: Development
2025-03-29 07:54:07.649 +01:00 [INF] Content root path: C:\Asp.Net_Project\WarehouseApp\WHS\src\WebAPI
2025-03-29 07:54:08.547 +01:00 [INF] Request starting HTTP/2 GET https://localhost:5271/index.html - null null
2025-03-29 07:54:08.701 +01:00 [INF] HTTP GET /index.html responded 200 in 39.4404 ms
2025-03-29 07:54:08.711 +01:00 [INF] Request finished HTTP/2 GET https://localhost:5271/index.html - 200 null text/html;charset=utf-8 167.4908ms
2025-03-29 07:54:08.717 +01:00 [INF] Request starting HTTP/2 GET https://localhost:5271/index.js - null null
2025-03-29 07:54:08.717 +01:00 [INF] Request starting HTTP/2 GET https://localhost:5271/_vs/browserLink - null null
2025-03-29 07:54:08.717 +01:00 [INF] Request starting HTTP/2 GET https://localhost:5271/_framework/aspnetcore-browser-refresh.js - null null
2025-03-29 07:54:08.729 +01:00 [INF] HTTP GET /index.js responded 200 in 0.9941 ms
2025-03-29 07:54:08.745 +01:00 [INF] Request finished HTTP/2 GET https://localhost:5271/index.js - 200 null application/javascript;charset=utf-8 28.2559ms
2025-03-29 07:54:08.755 +01:00 [INF] Request finished HTTP/2 GET https://localhost:5271/_framework/aspnetcore-browser-refresh.js - 200 16497 application/javascript; charset=utf-8 38.2312ms
2025-03-29 07:54:08.777 +01:00 [INF] Request finished HTTP/2 GET https://localhost:5271/_vs/browserLink - 200 null text/javascript; charset=UTF-8 60.0157ms
2025-03-29 07:54:08.904 +01:00 [INF] Request starting HTTP/2 GET https://localhost:5271/swagger/v1/swagger.json - null null
2025-03-29 07:54:08.935 +01:00 [INF] HTTP GET /swagger/v1/swagger.json responded 200 in 24.5201 ms
2025-03-29 07:54:08.941 +01:00 [INF] Request finished HTTP/2 GET https://localhost:5271/swagger/v1/swagger.json - 200 null application/json;charset=utf-8 36.5594ms
2025-03-29 07:54:30.471 +01:00 [FTL] Application startup failed
Microsoft.Extensions.Hosting.HostAbortedException: The host was aborted.
   at Microsoft.Extensions.Hosting.HostFactoryResolver.HostingListener.ThrowHostAborted()
   at Microsoft.Extensions.Hosting.HostFactoryResolver.HostingListener.OnNext(KeyValuePair`2 value)
   at System.Diagnostics.DiagnosticListener.Write(String name, Object value)
   at Microsoft.Extensions.Hosting.HostBuilder.ResolveHost(IServiceProvider serviceProvider, DiagnosticListener diagnosticListener)
   at Microsoft.Extensions.Hosting.HostApplicationBuilder.Build()
   at Microsoft.AspNetCore.Builder.WebApplicationBuilder.Build()
   at Program.<Main>$(String[] args) in C:\Asp.Net_Project\WarehouseApp\WHS\src\WebAPI\Program.cs:line 16
2025-03-29 07:54:41.224 +01:00 [FTL] Application startup failed
Microsoft.Extensions.Hosting.HostAbortedException: The host was aborted.
   at Microsoft.Extensions.Hosting.HostFactoryResolver.HostingListener.ThrowHostAborted()
   at Microsoft.Extensions.Hosting.HostFactoryResolver.HostingListener.OnNext(KeyValuePair`2 value)
   at System.Diagnostics.DiagnosticListener.Write(String name, Object value)
   at Microsoft.Extensions.Hosting.HostBuilder.ResolveHost(IServiceProvider serviceProvider, DiagnosticListener diagnosticListener)
   at Microsoft.Extensions.Hosting.HostApplicationBuilder.Build()
   at Microsoft.AspNetCore.Builder.WebApplicationBuilder.Build()
   at Program.<Main>$(String[] args) in C:\Asp.Net_Project\WarehouseApp\WHS\src\WebAPI\Program.cs:line 16
2025-03-29 07:59:05.124 +01:00 [INF] User profile is available. Using 'C:\Users\HCES\AppData\Local\ASP.NET\DataProtection-Keys' as key repository and Windows DPAPI to encrypt keys at rest.
2025-03-29 07:59:05.444 +01:00 [INF] Now listening on: https://localhost:5271
2025-03-29 07:59:05.482 +01:00 [INF] Application started. Press Ctrl+C to shut down.
2025-03-29 07:59:05.485 +01:00 [INF] Hosting environment: Development
2025-03-29 07:59:05.486 +01:00 [INF] Content root path: C:\Asp.Net_Project\WarehouseApp\WHS\src\WebAPI
2025-03-29 07:59:05.999 +01:00 [INF] Request starting HTTP/2 GET https://localhost:5271/index.html - null null
2025-03-29 07:59:06.141 +01:00 [INF] HTTP GET /index.html responded 200 in 38.2419 ms
2025-03-29 07:59:06.153 +01:00 [INF] Request finished HTTP/2 GET https://localhost:5271/index.html - 200 null text/html;charset=utf-8 156.6791ms
2025-03-29 07:59:06.157 +01:00 [INF] Request starting HTTP/2 GET https://localhost:5271/_framework/aspnetcore-browser-refresh.js - null null
2025-03-29 07:59:06.157 +01:00 [INF] Request starting HTTP/2 GET https://localhost:5271/index.js - null null
2025-03-29 07:59:06.160 +01:00 [INF] Request starting HTTP/2 GET https://localhost:5271/_vs/browserLink - null null
2025-03-29 07:59:06.250 +01:00 [INF] HTTP GET /index.js responded 200 in 1.2033 ms
2025-03-29 07:59:06.252 +01:00 [INF] Request finished HTTP/2 GET https://localhost:5271/_framework/aspnetcore-browser-refresh.js - 200 16497 application/javascript; charset=utf-8 96.4716ms
2025-03-29 07:59:06.262 +01:00 [INF] Request finished HTTP/2 GET https://localhost:5271/index.js - 200 null application/javascript;charset=utf-8 106.1808ms
2025-03-29 07:59:06.299 +01:00 [INF] Request finished HTTP/2 GET https://localhost:5271/_vs/browserLink - 200 null text/javascript; charset=UTF-8 138.8031ms
2025-03-29 07:59:06.544 +01:00 [INF] Request starting HTTP/2 GET https://localhost:5271/swagger/v1/swagger.json - null null
2025-03-29 07:59:06.585 +01:00 [INF] HTTP GET /swagger/v1/swagger.json responded 200 in 33.2241 ms
2025-03-29 07:59:06.590 +01:00 [INF] Request finished HTTP/2 GET https://localhost:5271/swagger/v1/swagger.json - 200 null application/json;charset=utf-8 46.5304ms
2025-03-29 08:00:04.089 +01:00 [INF] User profile is available. Using 'C:\Users\HCES\AppData\Local\ASP.NET\DataProtection-Keys' as key repository and Windows DPAPI to encrypt keys at rest.
2025-03-29 08:00:04.385 +01:00 [INF] Now listening on: https://localhost:5271
2025-03-29 08:00:04.422 +01:00 [INF] Application started. Press Ctrl+C to shut down.
2025-03-29 08:00:04.425 +01:00 [INF] Hosting environment: Development
2025-03-29 08:00:04.426 +01:00 [INF] Content root path: C:\Asp.Net_Project\WarehouseApp\WHS\src\WebAPI
2025-03-29 08:00:05.107 +01:00 [INF] Request starting HTTP/2 GET https://localhost:5271/index.html - null null
2025-03-29 08:00:05.246 +01:00 [INF] HTTP GET /index.html responded 200 in 36.1605 ms
2025-03-29 08:00:05.259 +01:00 [INF] Request finished HTTP/2 GET https://localhost:5271/index.html - 200 null text/html;charset=utf-8 154.8971ms
2025-03-29 08:00:05.264 +01:00 [INF] Request starting HTTP/2 GET https://localhost:5271/_framework/aspnetcore-browser-refresh.js - null null
2025-03-29 08:00:05.264 +01:00 [INF] Request starting HTTP/2 GET https://localhost:5271/_vs/browserLink - null null
2025-03-29 08:00:05.264 +01:00 [INF] Request starting HTTP/2 GET https://localhost:5271/index.js - null null
2025-03-29 08:00:05.283 +01:00 [INF] Request finished HTTP/2 GET https://localhost:5271/_framework/aspnetcore-browser-refresh.js - 200 16497 application/javascript; charset=utf-8 20.1501ms
2025-03-29 08:00:05.296 +01:00 [INF] HTTP GET /index.js responded 200 in 0.8581 ms
2025-03-29 08:00:05.302 +01:00 [INF] Request finished HTTP/2 GET https://localhost:5271/index.js - 200 null application/javascript;charset=utf-8 38.5025ms
2025-03-29 08:00:05.313 +01:00 [INF] Request finished HTTP/2 GET https://localhost:5271/_vs/browserLink - 200 null text/javascript; charset=UTF-8 49.6528ms
2025-03-29 08:00:05.407 +01:00 [INF] Request starting HTTP/2 GET https://localhost:5271/swagger/v1/swagger.json - null null
2025-03-29 08:00:05.436 +01:00 [INF] HTTP GET /swagger/v1/swagger.json responded 200 in 23.6943 ms
2025-03-29 08:00:05.443 +01:00 [INF] Request finished HTTP/2 GET https://localhost:5271/swagger/v1/swagger.json - 200 null application/json;charset=utf-8 35.5286ms
2025-03-29 08:00:45.216 +01:00 [INF] User profile is available. Using 'C:\Users\HCES\AppData\Local\ASP.NET\DataProtection-Keys' as key repository and Windows DPAPI to encrypt keys at rest.
2025-03-29 08:00:45.544 +01:00 [INF] Now listening on: https://localhost:5271
2025-03-29 08:00:45.583 +01:00 [INF] Application started. Press Ctrl+C to shut down.
2025-03-29 08:00:45.586 +01:00 [INF] Hosting environment: Development
2025-03-29 08:00:45.588 +01:00 [INF] Content root path: C:\Asp.Net_Project\WarehouseApp\WHS\src\WebAPI
2025-03-29 08:01:51.020 +01:00 [INF] User profile is available. Using 'C:\Users\HCES\AppData\Local\ASP.NET\DataProtection-Keys' as key repository and Windows DPAPI to encrypt keys at rest.
2025-03-29 08:01:51.347 +01:00 [INF] Now listening on: https://localhost:5271
2025-03-29 08:01:51.385 +01:00 [INF] Application started. Press Ctrl+C to shut down.
2025-03-29 08:01:51.386 +01:00 [INF] Hosting environment: Development
2025-03-29 08:01:51.387 +01:00 [INF] Content root path: C:\Asp.Net_Project\WarehouseApp\WHS\src\WebAPI
2025-03-29 08:01:51.927 +01:00 [INF] Request starting HTTP/2 GET https://localhost:5271/index.html - null null
2025-03-29 08:01:52.072 +01:00 [INF] HTTP GET /index.html responded 200 in 36.4973 ms
2025-03-29 08:01:52.081 +01:00 [INF] Request finished HTTP/2 GET https://localhost:5271/index.html - 200 null text/html;charset=utf-8 157.1224ms
2025-03-29 08:01:52.084 +01:00 [INF] Request starting HTTP/2 GET https://localhost:5271/_vs/browserLink - null null
2025-03-29 08:01:52.084 +01:00 [INF] Request starting HTTP/2 GET https://localhost:5271/index.js - null null
2025-03-29 08:01:52.084 +01:00 [INF] Request starting HTTP/2 GET https://localhost:5271/_framework/aspnetcore-browser-refresh.js - null null
2025-03-29 08:01:52.104 +01:00 [INF] HTTP GET /index.js responded 200 in 5.1078 ms
2025-03-29 08:01:52.116 +01:00 [INF] Request finished HTTP/2 GET https://localhost:5271/index.js - 200 null application/javascript;charset=utf-8 33.2871ms
2025-03-29 08:01:52.122 +01:00 [INF] Request finished HTTP/2 GET https://localhost:5271/_framework/aspnetcore-browser-refresh.js - 200 16497 application/javascript; charset=utf-8 38.7761ms
2025-03-29 08:01:52.131 +01:00 [INF] Request finished HTTP/2 GET https://localhost:5271/_vs/browserLink - 200 null text/javascript; charset=UTF-8 48.1447ms
2025-03-29 08:01:52.210 +01:00 [INF] Request starting HTTP/2 GET https://localhost:5271/swagger/v1/swagger.json - null null
2025-03-29 08:01:52.239 +01:00 [INF] HTTP GET /swagger/v1/swagger.json responded 200 in 22.2892 ms
2025-03-29 08:01:52.244 +01:00 [INF] Request finished HTTP/2 GET https://localhost:5271/swagger/v1/swagger.json - 200 null application/json;charset=utf-8 33.7982ms
2025-03-29 08:09:19.277 +01:00 [INF] User profile is available. Using 'C:\Users\HCES\AppData\Local\ASP.NET\DataProtection-Keys' as key repository and Windows DPAPI to encrypt keys at rest.
2025-03-29 08:09:19.683 +01:00 [INF] Now listening on: https://localhost:5271
2025-03-29 08:09:19.721 +01:00 [INF] Application started. Press Ctrl+C to shut down.
2025-03-29 08:09:19.722 +01:00 [INF] Hosting environment: Development
2025-03-29 08:09:19.723 +01:00 [INF] Content root path: C:\Asp.Net_Project\WarehouseApp\WHS\src\WebAPI
2025-03-29 08:09:20.313 +01:00 [INF] Request starting HTTP/2 GET https://localhost:5271/index.html - null null
2025-03-29 08:09:20.451 +01:00 [INF] HTTP GET /index.html responded 200 in 39.8027 ms
2025-03-29 08:09:20.469 +01:00 [INF] Request starting HTTP/2 GET https://localhost:5271/index.js - null null
2025-03-29 08:09:20.469 +01:00 [INF] Request starting HTTP/2 GET https://localhost:5271/_framework/aspnetcore-browser-refresh.js - null null
2025-03-29 08:09:20.471 +01:00 [INF] Request starting HTTP/2 GET https://localhost:5271/_vs/browserLink - null null
2025-03-29 08:09:20.472 +01:00 [INF] Request finished HTTP/2 GET https://localhost:5271/index.html - 200 null text/html;charset=utf-8 161.8545ms
2025-03-29 08:09:20.482 +01:00 [INF] HTTP GET /index.js responded 200 in 1.3822 ms
2025-03-29 08:09:20.510 +01:00 [INF] Request finished HTTP/2 GET https://localhost:5271/_framework/aspnetcore-browser-refresh.js - 200 16497 application/javascript; charset=utf-8 42.0512ms
2025-03-29 08:09:20.524 +01:00 [INF] Request finished HTTP/2 GET https://localhost:5271/index.js - 200 null application/javascript;charset=utf-8 56.4811ms
2025-03-29 08:09:20.532 +01:00 [INF] Request finished HTTP/2 GET https://localhost:5271/_vs/browserLink - 200 null text/javascript; charset=UTF-8 62.1126ms
2025-03-29 08:09:20.609 +01:00 [INF] Request starting HTTP/2 GET https://localhost:5271/swagger/v1/swagger.json - null null
2025-03-29 08:09:20.636 +01:00 [INF] HTTP GET /swagger/v1/swagger.json responded 200 in 17.4561 ms
2025-03-29 08:09:20.641 +01:00 [INF] Request finished HTTP/2 GET https://localhost:5271/swagger/v1/swagger.json - 200 null application/json;charset=utf-8 31.2719ms
2025-03-29 08:22:54.293 +01:00 [INF] User profile is available. Using 'C:\Users\HCES\AppData\Local\ASP.NET\DataProtection-Keys' as key repository and Windows DPAPI to encrypt keys at rest.
2025-03-29 08:22:54.623 +01:00 [INF] Now listening on: https://localhost:5271
2025-03-29 08:22:54.685 +01:00 [INF] Application started. Press Ctrl+C to shut down.
2025-03-29 08:22:54.687 +01:00 [INF] Hosting environment: Development
2025-03-29 08:22:54.688 +01:00 [INF] Content root path: C:\Asp.Net_Project\WarehouseApp\WHS\src\WebAPI
2025-03-29 08:22:54.954 +01:00 [INF] Request starting HTTP/2 GET https://localhost:5271/index.html - null null
2025-03-29 08:22:55.180 +01:00 [INF] HTTP GET /index.html responded 200 in 29.5406 ms
2025-03-29 08:22:55.189 +01:00 [INF] Request finished HTTP/2 GET https://localhost:5271/index.html - 200 null text/html;charset=utf-8 237.1705ms
2025-03-29 08:22:55.194 +01:00 [INF] Request starting HTTP/2 GET https://localhost:5271/_framework/aspnetcore-browser-refresh.js - null null
2025-03-29 08:22:55.194 +01:00 [INF] Request starting HTTP/2 GET https://localhost:5271/index.js - null null
2025-03-29 08:22:55.194 +01:00 [INF] Request starting HTTP/2 GET https://localhost:5271/_vs/browserLink - null null
2025-03-29 08:22:55.216 +01:00 [INF] Request finished HTTP/2 GET https://localhost:5271/_framework/aspnetcore-browser-refresh.js - 200 16497 application/javascript; charset=utf-8 22.8046ms
2025-03-29 08:22:55.218 +01:00 [INF] HTTP GET /index.js responded 200 in 1.4148 ms
2025-03-29 08:22:55.226 +01:00 [INF] Request finished HTTP/2 GET https://localhost:5271/index.js - 200 null application/javascript;charset=utf-8 32.7184ms
2025-03-29 08:22:55.240 +01:00 [INF] Request finished HTTP/2 GET https://localhost:5271/_vs/browserLink - 200 null text/javascript; charset=UTF-8 46.749ms
2025-03-29 08:22:55.322 +01:00 [INF] Request starting HTTP/2 GET https://localhost:5271/swagger/v1/swagger.json - null null
2025-03-29 08:22:55.347 +01:00 [INF] HTTP GET /swagger/v1/swagger.json responded 200 in 19.1264 ms
2025-03-29 08:22:55.352 +01:00 [INF] Request finished HTTP/2 GET https://localhost:5271/swagger/v1/swagger.json - 200 null application/json;charset=utf-8 29.8204ms
2025-03-29 08:24:59.518 +01:00 [INF] User profile is available. Using 'C:\Users\HCES\AppData\Local\ASP.NET\DataProtection-Keys' as key repository and Windows DPAPI to encrypt keys at rest.
2025-03-29 08:24:59.877 +01:00 [INF] Now listening on: https://localhost:5271
2025-03-29 08:24:59.916 +01:00 [INF] Application started. Press Ctrl+C to shut down.
2025-03-29 08:24:59.918 +01:00 [INF] Hosting environment: Development
2025-03-29 08:24:59.919 +01:00 [INF] Content root path: C:\Asp.Net_Project\WarehouseApp\WHS\src\WebAPI
2025-03-29 08:25:00.533 +01:00 [INF] Request starting HTTP/2 GET https://localhost:5271/index.html - null null
2025-03-29 08:25:00.675 +01:00 [INF] HTTP GET /index.html responded 200 in 35.7897 ms
2025-03-29 08:25:00.687 +01:00 [INF] Request finished HTTP/2 GET https://localhost:5271/index.html - 200 null text/html;charset=utf-8 155.7367ms
2025-03-29 08:25:00.689 +01:00 [INF] Request starting HTTP/2 GET https://localhost:5271/_vs/browserLink - null null
2025-03-29 08:25:00.689 +01:00 [INF] Request starting HTTP/2 GET https://localhost:5271/_framework/aspnetcore-browser-refresh.js - null null
2025-03-29 08:25:00.689 +01:00 [INF] Request starting HTTP/2 GET https://localhost:5271/index.js - null null
2025-03-29 08:25:00.713 +01:00 [INF] Request finished HTTP/2 GET https://localhost:5271/_framework/aspnetcore-browser-refresh.js - 200 16497 application/javascript; charset=utf-8 24.6322ms
2025-03-29 08:25:00.749 +01:00 [INF] HTTP GET /index.js responded 200 in 0.9947 ms
2025-03-29 08:25:00.760 +01:00 [INF] Request finished HTTP/2 GET https://localhost:5271/index.js - 200 null application/javascript;charset=utf-8 72.0988ms
2025-03-29 08:25:00.771 +01:00 [INF] Request finished HTTP/2 GET https://localhost:5271/_vs/browserLink - 200 null text/javascript; charset=UTF-8 83.2382ms
2025-03-29 08:25:00.827 +01:00 [INF] Request starting HTTP/2 GET https://localhost:5271/swagger/v1/swagger.json - null null
2025-03-29 08:25:00.848 +01:00 [INF] HTTP GET /swagger/v1/swagger.json responded 200 in 15.1676 ms
2025-03-29 08:25:00.855 +01:00 [INF] Request finished HTTP/2 GET https://localhost:5271/swagger/v1/swagger.json - 200 null application/json;charset=utf-8 27.5939ms
2025-03-29 08:25:52.293 +01:00 [INF] User profile is available. Using 'C:\Users\HCES\AppData\Local\ASP.NET\DataProtection-Keys' as key repository and Windows DPAPI to encrypt keys at rest.
2025-03-29 08:25:52.621 +01:00 [INF] Now listening on: https://localhost:5271
2025-03-29 08:25:52.666 +01:00 [INF] Application started. Press Ctrl+C to shut down.
2025-03-29 08:25:52.669 +01:00 [INF] Hosting environment: Development
2025-03-29 08:25:52.670 +01:00 [INF] Content root path: C:\Asp.Net_Project\WarehouseApp\WHS\src\WebAPI
2025-03-29 08:25:53.133 +01:00 [INF] Request starting HTTP/2 GET https://localhost:5271/index.html - null null
2025-03-29 08:25:53.266 +01:00 [INF] HTTP GET /index.html responded 200 in 39.2202 ms
2025-03-29 08:25:53.278 +01:00 [INF] Request finished HTTP/2 GET https://localhost:5271/index.html - 200 null text/html;charset=utf-8 147.3351ms
2025-03-29 08:25:53.279 +01:00 [INF] Request starting HTTP/2 GET https://localhost:5271/index.js - null null
2025-03-29 08:25:53.279 +01:00 [INF] Request starting HTTP/2 GET https://localhost:5271/_vs/browserLink - null null
2025-03-29 08:25:53.279 +01:00 [INF] Request starting HTTP/2 GET https://localhost:5271/_framework/aspnetcore-browser-refresh.js - null null
2025-03-29 08:25:53.293 +01:00 [INF] HTTP GET /index.js responded 200 in 0.7034 ms
2025-03-29 08:25:53.308 +01:00 [INF] Request finished HTTP/2 GET https://localhost:5271/index.js - 200 null application/javascript;charset=utf-8 28.9628ms
2025-03-29 08:25:53.311 +01:00 [INF] Request finished HTTP/2 GET https://localhost:5271/_framework/aspnetcore-browser-refresh.js - 200 16497 application/javascript; charset=utf-8 32.7929ms
2025-03-29 08:25:53.326 +01:00 [INF] Request finished HTTP/2 GET https://localhost:5271/_vs/browserLink - 200 null text/javascript; charset=UTF-8 47.9763ms
2025-03-29 08:25:53.405 +01:00 [INF] Request starting HTTP/2 GET https://localhost:5271/swagger/v1/swagger.json - null null
2025-03-29 08:25:53.429 +01:00 [INF] HTTP GET /swagger/v1/swagger.json responded 200 in 16.8815 ms
2025-03-29 08:25:53.435 +01:00 [INF] Request finished HTTP/2 GET https://localhost:5271/swagger/v1/swagger.json - 200 null application/json;charset=utf-8 29.6031ms
2025-03-29 08:26:18.375 +01:00 [INF] User profile is available. Using 'C:\Users\HCES\AppData\Local\ASP.NET\DataProtection-Keys' as key repository and Windows DPAPI to encrypt keys at rest.
2025-03-29 08:26:18.683 +01:00 [INF] Now listening on: https://localhost:5271
2025-03-29 08:26:18.760 +01:00 [INF] Application started. Press Ctrl+C to shut down.
2025-03-29 08:26:18.802 +01:00 [INF] Hosting environment: Development
2025-03-29 08:26:18.805 +01:00 [INF] Content root path: C:\Asp.Net_Project\WarehouseApp\WHS\src\WebAPI
2025-03-29 08:26:19.024 +01:00 [INF] Request starting HTTP/2 GET https://localhost:5271/index.html - null null
2025-03-29 08:26:19.160 +01:00 [INF] HTTP GET /index.html responded 200 in 33.6552 ms
2025-03-29 08:26:19.173 +01:00 [INF] Request starting HTTP/2 GET https://localhost:5271/index.js - null null
2025-03-29 08:26:19.173 +01:00 [INF] Request starting HTTP/2 GET https://localhost:5271/_vs/browserLink - null null
2025-03-29 08:26:19.173 +01:00 [INF] Request starting HTTP/2 GET https://localhost:5271/_framework/aspnetcore-browser-refresh.js - null null
2025-03-29 08:26:19.179 +01:00 [INF] Request finished HTTP/2 GET https://localhost:5271/index.html - 200 null text/html;charset=utf-8 158.155ms
2025-03-29 08:26:19.185 +01:00 [INF] HTTP GET /index.js responded 200 in 1.0456 ms
2025-03-29 08:26:19.207 +01:00 [INF] Request finished HTTP/2 GET https://localhost:5271/index.js - 200 null application/javascript;charset=utf-8 35.3465ms
2025-03-29 08:26:19.207 +01:00 [INF] Request finished HTTP/2 GET https://localhost:5271/_framework/aspnetcore-browser-refresh.js - 200 16497 application/javascript; charset=utf-8 35.5089ms
2025-03-29 08:26:19.219 +01:00 [INF] Request finished HTTP/2 GET https://localhost:5271/_vs/browserLink - 200 null text/javascript; charset=UTF-8 47.3744ms
2025-03-29 08:26:19.296 +01:00 [INF] Request starting HTTP/2 GET https://localhost:5271/swagger/v1/swagger.json - null null
2025-03-29 08:26:19.319 +01:00 [INF] HTTP GET /swagger/v1/swagger.json responded 200 in 15.8362 ms
2025-03-29 08:26:19.323 +01:00 [INF] Request finished HTTP/2 GET https://localhost:5271/swagger/v1/swagger.json - 200 null application/json;charset=utf-8 27.0122ms
2025-03-29 08:26:35.515 +01:00 [INF] User profile is available. Using 'C:\Users\HCES\AppData\Local\ASP.NET\DataProtection-Keys' as key repository and Windows DPAPI to encrypt keys at rest.
2025-03-29 08:26:35.839 +01:00 [INF] Now listening on: https://localhost:5271
2025-03-29 08:26:35.945 +01:00 [INF] Application started. Press Ctrl+C to shut down.
2025-03-29 08:26:35.948 +01:00 [INF] Hosting environment: Development
2025-03-29 08:26:35.950 +01:00 [INF] Content root path: C:\Asp.Net_Project\WarehouseApp\WHS\src\WebAPI
2025-03-29 08:26:36.521 +01:00 [INF] Request starting HTTP/2 GET https://localhost:5271/index.html - null null
2025-03-29 08:26:36.653 +01:00 [INF] HTTP GET /index.html responded 200 in 37.1368 ms
2025-03-29 08:26:36.665 +01:00 [INF] Request starting HTTP/2 GET https://localhost:5271/_vs/browserLink - null null
2025-03-29 08:26:36.664 +01:00 [INF] Request starting HTTP/2 GET https://localhost:5271/index.js - null null
2025-03-29 08:26:36.664 +01:00 [INF] Request starting HTTP/2 GET https://localhost:5271/_framework/aspnetcore-browser-refresh.js - null null
2025-03-29 08:26:36.709 +01:00 [INF] Request finished HTTP/2 GET https://localhost:5271/index.html - 200 null text/html;charset=utf-8 149.2013ms
2025-03-29 08:26:36.737 +01:00 [INF] HTTP GET /index.js responded 200 in 14.7228 ms
2025-03-29 08:26:36.743 +01:00 [INF] Request finished HTTP/2 GET https://localhost:5271/_framework/aspnetcore-browser-refresh.js - 200 16497 application/javascript; charset=utf-8 80.6868ms
2025-03-29 08:26:36.744 +01:00 [INF] Request finished HTTP/2 GET https://localhost:5271/index.js - 200 null application/javascript;charset=utf-8 81.6012ms
2025-03-29 08:26:36.756 +01:00 [INF] Request finished HTTP/2 GET https://localhost:5271/_vs/browserLink - 200 null text/javascript; charset=UTF-8 93.233ms
2025-03-29 08:26:36.802 +01:00 [INF] Request starting HTTP/2 GET https://localhost:5271/swagger/v1/swagger.json - null null
2025-03-29 08:26:36.825 +01:00 [INF] HTTP GET /swagger/v1/swagger.json responded 200 in 17.8707 ms
2025-03-29 08:26:36.830 +01:00 [INF] Request finished HTTP/2 GET https://localhost:5271/swagger/v1/swagger.json - 200 null application/json;charset=utf-8 28.4188ms
2025-03-29 08:27:13.284 +01:00 [INF] User profile is available. Using 'C:\Users\HCES\AppData\Local\ASP.NET\DataProtection-Keys' as key repository and Windows DPAPI to encrypt keys at rest.
2025-03-29 08:27:13.585 +01:00 [INF] Now listening on: https://localhost:5271
2025-03-29 08:27:13.621 +01:00 [INF] Application started. Press Ctrl+C to shut down.
2025-03-29 08:27:13.622 +01:00 [INF] Hosting environment: Development
2025-03-29 08:27:13.623 +01:00 [INF] Content root path: C:\Asp.Net_Project\WarehouseApp\WHS\src\WebAPI
2025-03-29 08:27:14.210 +01:00 [INF] Request starting HTTP/2 GET https://localhost:5271/index.html - null null
2025-03-29 08:27:14.353 +01:00 [INF] HTTP GET /index.html responded 200 in 36.2555 ms
2025-03-29 08:27:14.366 +01:00 [INF] Request starting HTTP/2 GET https://localhost:5271/index.js - null null
2025-03-29 08:27:14.366 +01:00 [INF] Request finished HTTP/2 GET https://localhost:5271/index.html - 200 null text/html;charset=utf-8 158.0553ms
2025-03-29 08:27:14.366 +01:00 [INF] Request starting HTTP/2 GET https://localhost:5271/_vs/browserLink - null null
2025-03-29 08:27:14.366 +01:00 [INF] Request starting HTTP/2 GET https://localhost:5271/_framework/aspnetcore-browser-refresh.js - null null
2025-03-29 08:27:14.381 +01:00 [INF] HTTP GET /index.js responded 200 in 0.8090 ms
2025-03-29 08:27:14.426 +01:00 [INF] Request finished HTTP/2 GET https://localhost:5271/index.js - 200 null application/javascript;charset=utf-8 61.2595ms
2025-03-29 08:27:14.433 +01:00 [INF] Request finished HTTP/2 GET https://localhost:5271/_framework/aspnetcore-browser-refresh.js - 200 16497 application/javascript; charset=utf-8 68.0486ms
2025-03-29 08:27:14.445 +01:00 [INF] Request finished HTTP/2 GET https://localhost:5271/_vs/browserLink - 200 null text/javascript; charset=UTF-8 79.7379ms
2025-03-29 08:27:14.491 +01:00 [INF] Request starting HTTP/2 GET https://localhost:5271/swagger/v1/swagger.json - null null
2025-03-29 08:27:14.515 +01:00 [INF] HTTP GET /swagger/v1/swagger.json responded 200 in 16.6447 ms
2025-03-29 08:27:14.520 +01:00 [INF] Request finished HTTP/2 GET https://localhost:5271/swagger/v1/swagger.json - 200 null application/json;charset=utf-8 29.0227ms
2025-03-29 08:27:30.367 +01:00 [INF] User profile is available. Using 'C:\Users\HCES\AppData\Local\ASP.NET\DataProtection-Keys' as key repository and Windows DPAPI to encrypt keys at rest.
2025-03-29 08:27:30.677 +01:00 [INF] Now listening on: https://localhost:5271
2025-03-29 08:27:30.736 +01:00 [INF] Application started. Press Ctrl+C to shut down.
2025-03-29 08:27:30.738 +01:00 [INF] Hosting environment: Development
2025-03-29 08:27:30.740 +01:00 [INF] Content root path: C:\Asp.Net_Project\WarehouseApp\WHS\src\WebAPI
2025-03-29 08:27:31.147 +01:00 [INF] Request starting HTTP/2 GET https://localhost:5271/index.html - null null
2025-03-29 08:27:31.295 +01:00 [INF] HTTP GET /index.html responded 200 in 34.6266 ms
2025-03-29 08:27:31.309 +01:00 [INF] Request finished HTTP/2 GET https://localhost:5271/index.html - 200 null text/html;charset=utf-8 164.2839ms
2025-03-29 08:27:31.388 +01:00 [INF] Request starting HTTP/2 GET https://localhost:5271/_vs/browserLink - null null
2025-03-29 08:27:31.388 +01:00 [INF] Request starting HTTP/2 GET https://localhost:5271/index.js - null null
2025-03-29 08:27:31.388 +01:00 [INF] Request starting HTTP/2 GET https://localhost:5271/_framework/aspnetcore-browser-refresh.js - null null
2025-03-29 08:27:31.415 +01:00 [INF] HTTP GET /index.js responded 200 in 7.6384 ms
2025-03-29 08:27:31.420 +01:00 [INF] Request finished HTTP/2 GET https://localhost:5271/index.js - 200 null application/javascript;charset=utf-8 109.3971ms
2025-03-29 08:27:31.422 +01:00 [INF] Request finished HTTP/2 GET https://localhost:5271/_framework/aspnetcore-browser-refresh.js - 200 16497 application/javascript; charset=utf-8 112.763ms
2025-03-29 08:27:31.434 +01:00 [INF] Request finished HTTP/2 GET https://localhost:5271/_vs/browserLink - 200 null text/javascript; charset=UTF-8 124.8524ms
2025-03-29 08:27:31.469 +01:00 [INF] Request starting HTTP/2 GET https://localhost:5271/swagger/v1/swagger.json - null null
2025-03-29 08:27:31.496 +01:00 [INF] HTTP GET /swagger/v1/swagger.json responded 200 in 20.9321 ms
2025-03-29 08:27:31.501 +01:00 [INF] Request finished HTTP/2 GET https://localhost:5271/swagger/v1/swagger.json - 200 null application/json;charset=utf-8 32.1237ms
2025-03-29 08:29:33.250 +01:00 [INF] User profile is available. Using 'C:\Users\HCES\AppData\Local\ASP.NET\DataProtection-Keys' as key repository and Windows DPAPI to encrypt keys at rest.
2025-03-29 08:29:33.587 +01:00 [INF] Now listening on: https://localhost:5271
2025-03-29 08:29:33.624 +01:00 [INF] Application started. Press Ctrl+C to shut down.
2025-03-29 08:29:33.625 +01:00 [INF] Hosting environment: Development
2025-03-29 08:29:33.626 +01:00 [INF] Content root path: C:\Asp.Net_Project\WarehouseApp\WHS\src\WebAPI
2025-03-29 08:29:34.580 +01:00 [INF] Request starting HTTP/2 GET https://localhost:5271/index.html - null null
2025-03-29 08:29:34.711 +01:00 [INF] HTTP GET /index.html responded 200 in 33.7281 ms
2025-03-29 08:29:34.792 +01:00 [INF] Request finished HTTP/2 GET https://localhost:5271/index.html - 200 null text/html;charset=utf-8 146.317ms
2025-03-29 08:29:34.795 +01:00 [INF] Request starting HTTP/2 GET https://localhost:5271/_vs/browserLink - null null
2025-03-29 08:29:34.795 +01:00 [INF] Request starting HTTP/2 GET https://localhost:5271/index.js - null null
2025-03-29 08:29:34.795 +01:00 [INF] Request starting HTTP/2 GET https://localhost:5271/_framework/aspnetcore-browser-refresh.js - null null
2025-03-29 08:29:34.814 +01:00 [INF] HTTP GET /index.js responded 200 in 1.3444 ms
2025-03-29 08:29:34.818 +01:00 [INF] Request finished HTTP/2 GET https://localhost:5271/index.js - 200 null application/javascript;charset=utf-8 23.5401ms
2025-03-29 08:29:34.828 +01:00 [INF] Request finished HTTP/2 GET https://localhost:5271/_framework/aspnetcore-browser-refresh.js - 200 16497 application/javascript; charset=utf-8 33.6547ms
2025-03-29 08:29:34.836 +01:00 [INF] Request finished HTTP/2 GET https://localhost:5271/_vs/browserLink - 200 null text/javascript; charset=UTF-8 41.8508ms
2025-03-29 08:29:34.870 +01:00 [INF] Request starting HTTP/2 GET https://localhost:5271/swagger/v1/swagger.json - null null
2025-03-29 08:29:34.899 +01:00 [INF] HTTP GET /swagger/v1/swagger.json responded 200 in 21.2787 ms
2025-03-29 08:29:34.904 +01:00 [INF] Request finished HTTP/2 GET https://localhost:5271/swagger/v1/swagger.json - 200 null application/json;charset=utf-8 33.3879ms
2025-03-29 08:29:59.576 +01:00 [INF] User profile is available. Using 'C:\Users\HCES\AppData\Local\ASP.NET\DataProtection-Keys' as key repository and Windows DPAPI to encrypt keys at rest.
2025-03-29 08:29:59.911 +01:00 [INF] Now listening on: https://localhost:5271
2025-03-29 08:29:59.959 +01:00 [INF] Application started. Press Ctrl+C to shut down.
2025-03-29 08:29:59.963 +01:00 [INF] Hosting environment: Development
2025-03-29 08:29:59.964 +01:00 [INF] Content root path: C:\Asp.Net_Project\WarehouseApp\WHS\src\WebAPI
2025-03-29 08:30:00.902 +01:00 [INF] Request starting HTTP/2 GET https://localhost:5271/index.html - null null
2025-03-29 08:30:01.036 +01:00 [INF] HTTP GET /index.html responded 200 in 32.4753 ms
2025-03-29 08:30:01.051 +01:00 [INF] Request finished HTTP/2 GET https://localhost:5271/index.html - 200 null text/html;charset=utf-8 149.6928ms
2025-03-29 08:30:01.052 +01:00 [INF] Request starting HTTP/2 GET https://localhost:5271/index.js - null null
2025-03-29 08:30:01.052 +01:00 [INF] Request starting HTTP/2 GET https://localhost:5271/_vs/browserLink - null null
2025-03-29 08:30:01.052 +01:00 [INF] Request starting HTTP/2 GET https://localhost:5271/_framework/aspnetcore-browser-refresh.js - null null
2025-03-29 08:30:01.072 +01:00 [INF] HTTP GET /index.js responded 200 in 1.1979 ms
2025-03-29 08:30:01.084 +01:00 [INF] Request finished HTTP/2 GET https://localhost:5271/index.js - 200 null application/javascript;charset=utf-8 33.084ms
2025-03-29 08:30:01.092 +01:00 [INF] Request finished HTTP/2 GET https://localhost:5271/_framework/aspnetcore-browser-refresh.js - 200 16497 application/javascript; charset=utf-8 41.8855ms
2025-03-29 08:30:01.111 +01:00 [INF] Request finished HTTP/2 GET https://localhost:5271/_vs/browserLink - 200 null text/javascript; charset=UTF-8 60.5207ms
2025-03-29 08:30:01.192 +01:00 [INF] Request starting HTTP/2 GET https://localhost:5271/swagger/v1/swagger.json - null null
2025-03-29 08:30:01.219 +01:00 [INF] HTTP GET /swagger/v1/swagger.json responded 200 in 21.4805 ms
2025-03-29 08:30:01.225 +01:00 [INF] Request finished HTTP/2 GET https://localhost:5271/swagger/v1/swagger.json - 200 null application/json;charset=utf-8 32.3484ms
2025-03-29 08:30:59.674 +01:00 [INF] User profile is available. Using 'C:\Users\HCES\AppData\Local\ASP.NET\DataProtection-Keys' as key repository and Windows DPAPI to encrypt keys at rest.
2025-03-29 08:30:59.996 +01:00 [INF] Now listening on: https://localhost:5271
2025-03-29 08:31:00.038 +01:00 [INF] Application started. Press Ctrl+C to shut down.
2025-03-29 08:31:00.040 +01:00 [INF] Hosting environment: Development
2025-03-29 08:31:00.041 +01:00 [INF] Content root path: C:\Asp.Net_Project\WarehouseApp\WHS\src\WebAPI
2025-03-29 08:31:00.652 +01:00 [INF] Request starting HTTP/2 GET https://localhost:5271/index.html - null null
2025-03-29 08:31:00.801 +01:00 [INF] HTTP GET /index.html responded 200 in 32.9678 ms
2025-03-29 08:31:00.812 +01:00 [INF] Request finished HTTP/2 GET https://localhost:5271/index.html - 200 null text/html;charset=utf-8 163.2203ms
2025-03-29 08:31:00.832 +01:00 [INF] Request starting HTTP/2 GET https://localhost:5271/_framework/aspnetcore-browser-refresh.js - null null
2025-03-29 08:31:00.832 +01:00 [INF] Request starting HTTP/2 GET https://localhost:5271/_vs/browserLink - null null
2025-03-29 08:31:00.832 +01:00 [INF] Request starting HTTP/2 GET https://localhost:5271/index.js - null null
2025-03-29 08:31:00.846 +01:00 [INF] Request finished HTTP/2 GET https://localhost:5271/_framework/aspnetcore-browser-refresh.js - 200 16497 application/javascript; charset=utf-8 27.2198ms
2025-03-29 08:31:00.862 +01:00 [INF] HTTP GET /index.js responded 200 in 7.2723 ms
2025-03-29 08:31:00.866 +01:00 [INF] Request finished HTTP/2 GET https://localhost:5271/index.js - 200 null application/javascript;charset=utf-8 47.0331ms
2025-03-29 08:31:00.882 +01:00 [INF] Request finished HTTP/2 GET https://localhost:5271/_vs/browserLink - 200 null text/javascript; charset=UTF-8 52.2287ms
2025-03-29 08:31:00.947 +01:00 [INF] Request starting HTTP/2 GET https://localhost:5271/swagger/v1/swagger.json - null null
2025-03-29 08:31:00.974 +01:00 [INF] HTTP GET /swagger/v1/swagger.json responded 200 in 16.6261 ms
2025-03-29 08:31:00.979 +01:00 [INF] Request finished HTTP/2 GET https://localhost:5271/swagger/v1/swagger.json - 200 null application/json;charset=utf-8 31.6761ms
2025-03-29 08:31:57.159 +01:00 [INF] User profile is available. Using 'C:\Users\HCES\AppData\Local\ASP.NET\DataProtection-Keys' as key repository and Windows DPAPI to encrypt keys at rest.
2025-03-29 08:31:57.552 +01:00 [INF] Now listening on: https://localhost:5271
2025-03-29 08:31:57.589 +01:00 [INF] Application started. Press Ctrl+C to shut down.
2025-03-29 08:31:57.592 +01:00 [INF] Hosting environment: Development
2025-03-29 08:31:57.593 +01:00 [INF] Content root path: C:\Asp.Net_Project\WarehouseApp\WHS\src\WebAPI
2025-03-29 08:31:57.948 +01:00 [INF] Request starting HTTP/2 GET https://localhost:5271/index.html - null null
2025-03-29 08:31:58.081 +01:00 [INF] HTTP GET /index.html responded 200 in 32.2238 ms
2025-03-29 08:31:58.096 +01:00 [INF] Request finished HTTP/2 GET https://localhost:5271/index.html - 200 null text/html;charset=utf-8 150.9348ms
2025-03-29 08:31:58.103 +01:00 [INF] Request starting HTTP/2 GET https://localhost:5271/_framework/aspnetcore-browser-refresh.js - null null
2025-03-29 08:31:58.103 +01:00 [INF] Request starting HTTP/2 GET https://localhost:5271/_vs/browserLink - null null
2025-03-29 08:31:58.103 +01:00 [INF] Request starting HTTP/2 GET https://localhost:5271/index.js - null null
2025-03-29 08:31:58.198 +01:00 [INF] Request finished HTTP/2 GET https://localhost:5271/_framework/aspnetcore-browser-refresh.js - 200 16497 application/javascript; charset=utf-8 96.9027ms
2025-03-29 08:31:58.204 +01:00 [INF] HTTP GET /index.js responded 200 in 1.2811 ms
2025-03-29 08:31:58.210 +01:00 [INF] Request finished HTTP/2 GET https://localhost:5271/index.js - 200 null application/javascript;charset=utf-8 108.0379ms
2025-03-29 08:31:58.224 +01:00 [INF] Request finished HTTP/2 GET https://localhost:5271/_vs/browserLink - 200 null text/javascript; charset=UTF-8 122.4106ms
2025-03-29 08:31:58.260 +01:00 [INF] Request starting HTTP/2 GET https://localhost:5271/swagger/v1/swagger.json - null null
2025-03-29 08:31:58.281 +01:00 [INF] HTTP GET /swagger/v1/swagger.json responded 200 in 15.7476 ms
2025-03-29 08:31:58.286 +01:00 [INF] Request finished HTTP/2 GET https://localhost:5271/swagger/v1/swagger.json - 200 null application/json;charset=utf-8 26.1179ms
2025-03-29 08:32:18.872 +01:00 [INF] User profile is available. Using 'C:\Users\HCES\AppData\Local\ASP.NET\DataProtection-Keys' as key repository and Windows DPAPI to encrypt keys at rest.
2025-03-29 08:32:19.208 +01:00 [INF] Now listening on: https://localhost:5271
2025-03-29 08:32:19.250 +01:00 [INF] Application started. Press Ctrl+C to shut down.
2025-03-29 08:32:19.251 +01:00 [INF] Hosting environment: Development
2025-03-29 08:32:19.252 +01:00 [INF] Content root path: C:\Asp.Net_Project\WarehouseApp\WHS\src\WebAPI
2025-03-29 08:32:19.862 +01:00 [INF] Request starting HTTP/2 GET https://localhost:5271/index.html - null null
2025-03-29 08:32:20.013 +01:00 [INF] HTTP GET /index.html responded 200 in 33.9558 ms
2025-03-29 08:32:20.023 +01:00 [INF] Request finished HTTP/2 GET https://localhost:5271/index.html - 200 null text/html;charset=utf-8 165.285ms
2025-03-29 08:32:20.042 +01:00 [INF] Request starting HTTP/2 GET https://localhost:5271/_framework/aspnetcore-browser-refresh.js - null null
2025-03-29 08:32:20.042 +01:00 [INF] Request starting HTTP/2 GET https://localhost:5271/_vs/browserLink - null null
2025-03-29 08:32:20.042 +01:00 [INF] Request starting HTTP/2 GET https://localhost:5271/index.js - null null
2025-03-29 08:32:20.056 +01:00 [INF] Request finished HTTP/2 GET https://localhost:5271/_framework/aspnetcore-browser-refresh.js - 200 16497 application/javascript; charset=utf-8 13.7721ms
2025-03-29 08:32:20.100 +01:00 [INF] HTTP GET /index.js responded 200 in 39.0745 ms
2025-03-29 08:32:20.106 +01:00 [INF] Request finished HTTP/2 GET https://localhost:5271/index.js - 200 null application/javascript;charset=utf-8 64.4373ms
2025-03-29 08:32:20.123 +01:00 [INF] Request finished HTTP/2 GET https://localhost:5271/_vs/browserLink - 200 null text/javascript; charset=UTF-8 81.4363ms
2025-03-29 08:32:20.175 +01:00 [INF] Request starting HTTP/2 GET https://localhost:5271/swagger/v1/swagger.json - null null
2025-03-29 08:32:20.197 +01:00 [INF] HTTP GET /swagger/v1/swagger.json responded 200 in 16.0336 ms
2025-03-29 08:32:20.202 +01:00 [INF] Request finished HTTP/2 GET https://localhost:5271/swagger/v1/swagger.json - 200 null application/json;charset=utf-8 27.2412ms
2025-03-29 08:32:36.241 +01:00 [INF] User profile is available. Using 'C:\Users\HCES\AppData\Local\ASP.NET\DataProtection-Keys' as key repository and Windows DPAPI to encrypt keys at rest.
2025-03-29 08:32:36.586 +01:00 [INF] Now listening on: https://localhost:5271
2025-03-29 08:32:36.623 +01:00 [INF] Application started. Press Ctrl+C to shut down.
2025-03-29 08:32:36.625 +01:00 [INF] Hosting environment: Development
2025-03-29 08:32:36.627 +01:00 [INF] Content root path: C:\Asp.Net_Project\WarehouseApp\WHS\src\WebAPI
2025-03-29 08:32:37.248 +01:00 [INF] Request starting HTTP/2 GET https://localhost:5271/index.html - null null
2025-03-29 08:32:37.405 +01:00 [INF] HTTP GET /index.html responded 200 in 39.0866 ms
2025-03-29 08:32:37.420 +01:00 [INF] Request starting HTTP/2 GET https://localhost:5271/index.js - null null
2025-03-29 08:32:37.420 +01:00 [INF] Request starting HTTP/2 GET https://localhost:5271/_vs/browserLink - null null
2025-03-29 08:32:37.420 +01:00 [INF] Request starting HTTP/2 GET https://localhost:5271/_framework/aspnetcore-browser-refresh.js - null null
2025-03-29 08:32:37.487 +01:00 [INF] Request finished HTTP/2 GET https://localhost:5271/index.html - 200 null text/html;charset=utf-8 212.69ms
2025-03-29 08:32:37.497 +01:00 [INF] HTTP GET /index.js responded 200 in 0.6979 ms
2025-03-29 08:32:37.518 +01:00 [INF] Request finished HTTP/2 GET https://localhost:5271/_framework/aspnetcore-browser-refresh.js - 200 16497 application/javascript; charset=utf-8 98.8628ms
2025-03-29 08:32:37.518 +01:00 [INF] Request finished HTTP/2 GET https://localhost:5271/index.js - 200 null application/javascript;charset=utf-8 99.149ms
2025-03-29 08:32:37.529 +01:00 [INF] Request finished HTTP/2 GET https://localhost:5271/_vs/browserLink - 200 null text/javascript; charset=UTF-8 110.0063ms
2025-03-29 08:32:37.563 +01:00 [INF] Request starting HTTP/2 GET https://localhost:5271/swagger/v1/swagger.json - null null
2025-03-29 08:32:37.589 +01:00 [INF] HTTP GET /swagger/v1/swagger.json responded 200 in 18.3178 ms
2025-03-29 08:32:37.594 +01:00 [INF] Request finished HTTP/2 GET https://localhost:5271/swagger/v1/swagger.json - 200 null application/json;charset=utf-8 30.7165ms
2025-03-29 08:33:14.160 +01:00 [INF] User profile is available. Using 'C:\Users\HCES\AppData\Local\ASP.NET\DataProtection-Keys' as key repository and Windows DPAPI to encrypt keys at rest.
2025-03-29 08:33:14.477 +01:00 [INF] Now listening on: https://localhost:5271
2025-03-29 08:33:14.512 +01:00 [INF] Application started. Press Ctrl+C to shut down.
2025-03-29 08:33:14.513 +01:00 [INF] Hosting environment: Development
2025-03-29 08:33:14.513 +01:00 [INF] Content root path: C:\Asp.Net_Project\WarehouseApp\WHS\src\WebAPI
2025-03-29 08:33:15.538 +01:00 [INF] Request starting HTTP/2 GET https://localhost:5271/index.html - null null
2025-03-29 08:33:15.689 +01:00 [INF] HTTP GET /index.html responded 200 in 30.7979 ms
2025-03-29 08:33:15.697 +01:00 [INF] Request finished HTTP/2 GET https://localhost:5271/index.html - 200 null text/html;charset=utf-8 161.8489ms
2025-03-29 08:33:15.701 +01:00 [INF] Request starting HTTP/2 GET https://localhost:5271/_framework/aspnetcore-browser-refresh.js - null null
2025-03-29 08:33:15.702 +01:00 [INF] Request starting HTTP/2 GET https://localhost:5271/index.js - null null
2025-03-29 08:33:15.705 +01:00 [INF] Request starting HTTP/2 GET https://localhost:5271/_vs/browserLink - null null
2025-03-29 08:33:15.718 +01:00 [INF] Request finished HTTP/2 GET https://localhost:5271/_framework/aspnetcore-browser-refresh.js - 200 16497 application/javascript; charset=utf-8 17.0935ms
2025-03-29 08:33:15.718 +01:00 [INF] HTTP GET /index.js responded 200 in 0.8972 ms
2025-03-29 08:33:15.730 +01:00 [INF] Request finished HTTP/2 GET https://localhost:5271/index.js - 200 null application/javascript;charset=utf-8 27.9639ms
2025-03-29 08:33:15.743 +01:00 [INF] Request finished HTTP/2 GET https://localhost:5271/_vs/browserLink - 200 null text/javascript; charset=UTF-8 38.403ms
2025-03-29 08:33:16.052 +01:00 [INF] Request starting HTTP/2 GET https://localhost:5271/swagger/v1/swagger.json - null null
2025-03-29 08:33:16.089 +01:00 [INF] HTTP GET /swagger/v1/swagger.json responded 200 in 30.6588 ms
2025-03-29 08:33:16.097 +01:00 [INF] Request finished HTTP/2 GET https://localhost:5271/swagger/v1/swagger.json - 200 null application/json;charset=utf-8 45.4007ms
2025-03-29 08:33:48.475 +01:00 [INF] User profile is available. Using 'C:\Users\HCES\AppData\Local\ASP.NET\DataProtection-Keys' as key repository and Windows DPAPI to encrypt keys at rest.
2025-03-29 08:33:48.797 +01:00 [INF] Now listening on: https://localhost:5271
2025-03-29 08:33:48.832 +01:00 [INF] Application started. Press Ctrl+C to shut down.
2025-03-29 08:33:48.833 +01:00 [INF] Hosting environment: Development
2025-03-29 08:33:48.834 +01:00 [INF] Content root path: C:\Asp.Net_Project\WarehouseApp\WHS\src\WebAPI
2025-03-29 08:33:49.222 +01:00 [INF] Request starting HTTP/2 GET https://localhost:5271/index.html - null null
2025-03-29 08:33:49.368 +01:00 [INF] HTTP GET /index.html responded 200 in 34.6574 ms
2025-03-29 08:33:49.392 +01:00 [INF] Request starting HTTP/2 GET https://localhost:5271/_framework/aspnetcore-browser-refresh.js - null null
2025-03-29 08:33:49.392 +01:00 [INF] Request starting HTTP/2 GET https://localhost:5271/index.js - null null
2025-03-29 08:33:49.392 +01:00 [INF] Request starting HTTP/2 GET https://localhost:5271/_vs/browserLink - null null
2025-03-29 08:33:49.392 +01:00 [INF] Request finished HTTP/2 GET https://localhost:5271/index.html - 200 null text/html;charset=utf-8 173.4804ms
2025-03-29 08:33:49.530 +01:00 [INF] HTTP GET /index.js responded 200 in 34.4022 ms
2025-03-29 08:33:49.531 +01:00 [INF] Request finished HTTP/2 GET https://localhost:5271/_framework/aspnetcore-browser-refresh.js - 200 16497 application/javascript; charset=utf-8 148.3477ms
2025-03-29 08:33:49.545 +01:00 [INF] Request finished HTTP/2 GET https://localhost:5271/index.js - 200 null application/javascript;charset=utf-8 163.7214ms
2025-03-29 08:33:49.557 +01:00 [INF] Request finished HTTP/2 GET https://localhost:5271/_vs/browserLink - 200 null text/javascript; charset=UTF-8 175.0549ms
2025-03-29 08:33:49.594 +01:00 [INF] Request starting HTTP/2 GET https://localhost:5271/swagger/v1/swagger.json - null null
2025-03-29 08:33:49.624 +01:00 [INF] HTTP GET /swagger/v1/swagger.json responded 200 in 21.7072 ms
2025-03-29 08:33:49.629 +01:00 [INF] Request finished HTTP/2 GET https://localhost:5271/swagger/v1/swagger.json - 200 null application/json;charset=utf-8 34.7084ms
2025-03-29 08:34:08.175 +01:00 [INF] Request starting HTTP/2 GET https://localhost:5271/api/CodeTable/GetAll?PageNumber=1&PageSize=10 - null null
2025-03-29 08:34:08.204 +01:00 [INF] Executing endpoint 'WebAPI.Controllers.CodeTableController.GetAll (WebAPI)'
2025-03-29 08:34:08.226 +01:00 [INF] Route matched with {action = "GetAll", controller = "CodeTable"}. Executing controller action with signature System.Threading.Tasks.Task`1[Microsoft.AspNetCore.Mvc.ActionResult`1[System.Collections.Generic.IEnumerable`1[WHS.Application.DTO.CodeTable.CodeTableDto]]] GetAll(WHS.Application.CQRS.CodeTableCQRS.Queries.GetAllCodeTablesQuery) on controller WebAPI.Controllers.CodeTableController (WebAPI).
2025-03-29 08:34:08.479 +01:00 [INF] Getting all code tables
2025-03-29 08:34:08.862 +01:00 [WRN] Sensitive data logging is enabled. Log entries and exception messages may include sensitive application data; this mode should only be enabled during development.
2025-03-29 08:34:08.892 +01:00 [WRN] The foreign key property 'warehouseUser.WarehouseId1' was created in shadow state because a conflicting property with the simple name 'WarehouseId' exists in the entity type, but is either not mapped, is already used for another relationship, or is incompatible with the associated primary key type. See https://aka.ms/efcore-relationships for information on mapping relationships in EF Core.
2025-03-29 08:34:08.920 +01:00 [WRN] No store type was specified for the decimal property 'Price' on entity type 'Product'. This will cause values to be silently truncated if they do not fit in the default precision and scale. Explicitly specify the SQL server column type that can accommodate all the values in 'OnModelCreating' using 'HasColumnType', specify precision and scale using 'HasPrecision', or configure a value converter using 'HasConversion'.
2025-03-29 08:34:08.923 +01:00 [WRN] No store type was specified for the decimal property 'UnitPrice' on entity type 'InventoryItem'. This will cause values to be silently truncated if they do not fit in the default precision and scale. Explicitly specify the SQL server column type that can accommodate all the values in 'OnModelCreating' using 'HasColumnType', specify precision and scale using 'HasPrecision', or configure a value converter using 'HasConversion'.
2025-03-29 08:34:08.924 +01:00 [WRN] No store type was specified for the decimal property 'Price' on entity type 'OrderItem'. This will cause values to be silently truncated if they do not fit in the default precision and scale. Explicitly specify the SQL server column type that can accommodate all the values in 'OnModelCreating' using 'HasColumnType', specify precision and scale using 'HasPrecision', or configure a value converter using 'HasConversion'.
2025-03-29 08:34:09.539 +01:00 [INF] Executed DbCommand (45ms) [Parameters=[], CommandType='"Text"', CommandTimeout='30']
SELECT COUNT(*)
FROM [CodeTable] AS [c]
2025-03-29 08:34:09.575 +01:00 [WRN] The query uses a row limiting operator ('Skip'/'Take') without an 'OrderBy' operator. This may lead to unpredictable results. If the 'Distinct' operator is used after 'OrderBy', then make sure to use the 'OrderBy' operator after 'Distinct' as the ordering would otherwise get erased.
2025-03-29 08:34:09.578 +01:00 [WRN] The query uses a row limiting operator ('Skip'/'Take') without an 'OrderBy' operator. This may lead to unpredictable results. If the 'Distinct' operator is used after 'OrderBy', then make sure to use the 'OrderBy' operator after 'Distinct' as the ordering would otherwise get erased.
2025-03-29 08:34:09.652 +01:00 [INF] Executed DbCommand (30ms) [Parameters=[@__p_0='0', @__p_1='10'], CommandType='"Text"', CommandTimeout='30']
SELECT [c].[TableId], [c].[Active], [c].[OwnerUserId], [c].[TableDescription], [c].[TableName], [c].[UserId]
FROM [CodeTable] AS [c]
ORDER BY (SELECT 1)
OFFSET @__p_0 ROWS FETCH NEXT @__p_1 ROWS ONLY
2025-03-29 08:34:09.671 +01:00 [INF] Executing OkObjectResult, writing value of type 'WHS.Application.Common.PageResult`1[[WHS.Application.DTO.CodeTable.CodeTableDto, WHS.Application, Version=1.0.0.0, Culture=neutral, PublicKeyToken=null]]'.
2025-03-29 08:34:09.686 +01:00 [INF] Executed action WebAPI.Controllers.CodeTableController.GetAll (WebAPI) in 1453.139ms
2025-03-29 08:34:09.688 +01:00 [INF] Executed endpoint 'WebAPI.Controllers.CodeTableController.GetAll (WebAPI)'
2025-03-29 08:34:09.690 +01:00 [INF] HTTP GET /api/CodeTable/GetAll responded 200 in 1508.8553 ms
2025-03-29 08:34:09.698 +01:00 [INF] Request finished HTTP/2 GET https://localhost:5271/api/CodeTable/GetAll?PageNumber=1&PageSize=10 - 200 null application/json; charset=utf-8 1523.4845ms
2025-03-29 08:55:52.869 +01:00 [INF] User profile is available. Using 'C:\Users\HCES\AppData\Local\ASP.NET\DataProtection-Keys' as key repository and Windows DPAPI to encrypt keys at rest.
2025-03-29 08:55:53.223 +01:00 [INF] Now listening on: https://localhost:5271
2025-03-29 08:55:53.264 +01:00 [INF] Application started. Press Ctrl+C to shut down.
2025-03-29 08:55:53.265 +01:00 [INF] Hosting environment: Development
2025-03-29 08:55:53.266 +01:00 [INF] Content root path: C:\Asp.Net_Project\WarehouseApp\WHS\src\WebAPI
2025-03-29 08:55:53.792 +01:00 [INF] Request starting HTTP/2 GET https://localhost:5271/index.html - null null
2025-03-29 08:55:53.938 +01:00 [INF] HTTP GET /index.html responded 200 in 32.0720 ms
2025-03-29 08:55:53.946 +01:00 [INF] Request finished HTTP/2 GET https://localhost:5271/index.html - 200 null text/html;charset=utf-8 157.7221ms
2025-03-29 08:55:53.949 +01:00 [INF] Request starting HTTP/2 GET https://localhost:5271/index.js - null null
2025-03-29 08:55:53.949 +01:00 [INF] Request starting HTTP/2 GET https://localhost:5271/_framework/aspnetcore-browser-refresh.js - null null
2025-03-29 08:55:53.958 +01:00 [INF] Request starting HTTP/2 GET https://localhost:5271/_vs/browserLink - null null
2025-03-29 08:55:53.962 +01:00 [INF] HTTP GET /index.js responded 200 in 0.9073 ms
2025-03-29 08:55:53.969 +01:00 [INF] Request finished HTTP/2 GET https://localhost:5271/index.js - 200 null application/javascript;charset=utf-8 19.6774ms
2025-03-29 08:55:53.969 +01:00 [INF] Request finished HTTP/2 GET https://localhost:5271/_framework/aspnetcore-browser-refresh.js - 200 16497 application/javascript; charset=utf-8 20.0844ms
2025-03-29 08:55:53.988 +01:00 [INF] Request finished HTTP/2 GET https://localhost:5271/_vs/browserLink - 200 null text/javascript; charset=UTF-8 29.6074ms
2025-03-29 08:55:54.305 +01:00 [INF] Request starting HTTP/2 GET https://localhost:5271/swagger/v1/swagger.json - null null
2025-03-29 08:55:54.339 +01:00 [INF] HTTP GET /swagger/v1/swagger.json responded 200 in 25.6521 ms
2025-03-29 08:55:54.348 +01:00 [INF] Request finished HTTP/2 GET https://localhost:5271/swagger/v1/swagger.json - 200 null application/json;charset=utf-8 42.8415ms
2025-03-29 08:56:16.130 +01:00 [INF] User profile is available. Using 'C:\Users\HCES\AppData\Local\ASP.NET\DataProtection-Keys' as key repository and Windows DPAPI to encrypt keys at rest.
2025-03-29 08:56:16.461 +01:00 [INF] Now listening on: https://localhost:5271
2025-03-29 08:56:16.501 +01:00 [INF] Application started. Press Ctrl+C to shut down.
2025-03-29 08:56:16.504 +01:00 [INF] Hosting environment: Development
2025-03-29 08:56:16.505 +01:00 [INF] Content root path: C:\Asp.Net_Project\WarehouseApp\WHS\src\WebAPI
2025-03-29 08:56:17.107 +01:00 [INF] Request starting HTTP/2 GET https://localhost:5271/index.html - null null
2025-03-29 08:56:17.243 +01:00 [INF] HTTP GET /index.html responded 200 in 33.1356 ms
2025-03-29 08:56:17.258 +01:00 [INF] Request finished HTTP/2 GET https://localhost:5271/index.html - 200 null text/html;charset=utf-8 152.9423ms
2025-03-29 08:56:17.259 +01:00 [INF] Request starting HTTP/2 GET https://localhost:5271/_framework/aspnetcore-browser-refresh.js - null null
2025-03-29 08:56:17.259 +01:00 [INF] Request starting HTTP/2 GET https://localhost:5271/index.js - null null
2025-03-29 08:56:17.261 +01:00 [INF] Request starting HTTP/2 GET https://localhost:5271/_vs/browserLink - null null
2025-03-29 08:56:17.330 +01:00 [INF] HTTP GET /index.js responded 200 in 20.0789 ms
2025-03-29 08:56:17.331 +01:00 [INF] Request finished HTTP/2 GET https://localhost:5271/_framework/aspnetcore-browser-refresh.js - 200 16497 application/javascript; charset=utf-8 72.4435ms
2025-03-29 08:56:17.338 +01:00 [INF] Request finished HTTP/2 GET https://localhost:5271/index.js - 200 null application/javascript;charset=utf-8 79.3109ms
2025-03-29 08:56:17.379 +01:00 [INF] Request finished HTTP/2 GET https://localhost:5271/_vs/browserLink - 200 null text/javascript; charset=UTF-8 118.3147ms
2025-03-29 08:56:17.648 +01:00 [INF] Request starting HTTP/2 GET https://localhost:5271/swagger/v1/swagger.json - null null
2025-03-29 08:56:17.675 +01:00 [INF] HTTP GET /swagger/v1/swagger.json responded 200 in 21.6502 ms
2025-03-29 08:56:17.678 +01:00 [INF] Request finished HTTP/2 GET https://localhost:5271/swagger/v1/swagger.json - 200 null application/json;charset=utf-8 30.2789ms
2025-03-29 08:56:36.874 +01:00 [INF] User profile is available. Using 'C:\Users\HCES\AppData\Local\ASP.NET\DataProtection-Keys' as key repository and Windows DPAPI to encrypt keys at rest.
2025-03-29 08:56:37.187 +01:00 [INF] Now listening on: https://localhost:5271
2025-03-29 08:56:37.226 +01:00 [INF] Application started. Press Ctrl+C to shut down.
2025-03-29 08:56:37.227 +01:00 [INF] Hosting environment: Development
2025-03-29 08:56:37.228 +01:00 [INF] Content root path: C:\Asp.Net_Project\WarehouseApp\WHS\src\WebAPI
2025-03-29 08:56:37.935 +01:00 [INF] Request starting HTTP/2 GET https://localhost:5271/index.html - null null
2025-03-29 08:56:38.099 +01:00 [INF] HTTP GET /index.html responded 200 in 40.9915 ms
2025-03-29 08:56:38.112 +01:00 [INF] Request finished HTTP/2 GET https://localhost:5271/index.html - 200 null text/html;charset=utf-8 180.3919ms
2025-03-29 08:56:38.115 +01:00 [INF] Request starting HTTP/2 GET https://localhost:5271/_framework/aspnetcore-browser-refresh.js - null null
2025-03-29 08:56:38.115 +01:00 [INF] Request starting HTTP/2 GET https://localhost:5271/_vs/browserLink - null null
2025-03-29 08:56:38.116 +01:00 [INF] Request starting HTTP/2 GET https://localhost:5271/index.js - null null
2025-03-29 08:56:38.206 +01:00 [INF] Request finished HTTP/2 GET https://localhost:5271/_framework/aspnetcore-browser-refresh.js - 200 16497 application/javascript; charset=utf-8 91.7494ms
2025-03-29 08:56:38.210 +01:00 [INF] HTTP GET /index.js responded 200 in 1.2423 ms
2025-03-29 08:56:38.215 +01:00 [INF] Request finished HTTP/2 GET https://localhost:5271/index.js - 200 null application/javascript;charset=utf-8 100.6107ms
2025-03-29 08:56:38.225 +01:00 [INF] Request finished HTTP/2 GET https://localhost:5271/_vs/browserLink - 200 null text/javascript; charset=UTF-8 111.0583ms
2025-03-29 08:56:38.264 +01:00 [INF] Request starting HTTP/2 GET https://localhost:5271/swagger/v1/swagger.json - null null
2025-03-29 08:56:38.295 +01:00 [INF] HTTP GET /swagger/v1/swagger.json responded 200 in 22.0993 ms
2025-03-29 08:56:38.301 +01:00 [INF] Request finished HTTP/2 GET https://localhost:5271/swagger/v1/swagger.json - 200 null application/json;charset=utf-8 37.0428ms
2025-03-29 08:57:07.129 +01:00 [INF] User profile is available. Using 'C:\Users\HCES\AppData\Local\ASP.NET\DataProtection-Keys' as key repository and Windows DPAPI to encrypt keys at rest.
2025-03-29 08:57:07.460 +01:00 [INF] Now listening on: https://localhost:5271
2025-03-29 08:57:07.501 +01:00 [INF] Application started. Press Ctrl+C to shut down.
2025-03-29 08:57:07.502 +01:00 [INF] Hosting environment: Development
2025-03-29 08:57:07.503 +01:00 [INF] Content root path: C:\Asp.Net_Project\WarehouseApp\WHS\src\WebAPI
2025-03-29 08:57:08.226 +01:00 [INF] Request starting HTTP/2 GET https://localhost:5271/index.html - null null
2025-03-29 08:57:08.369 +01:00 [INF] HTTP GET /index.html responded 200 in 37.2679 ms
2025-03-29 08:57:08.378 +01:00 [INF] Request starting HTTP/2 GET https://localhost:5271/_framework/aspnetcore-browser-refresh.js - null null
2025-03-29 08:57:08.378 +01:00 [INF] Request starting HTTP/2 GET https://localhost:5271/_vs/browserLink - null null
2025-03-29 08:57:08.378 +01:00 [INF] Request starting HTTP/2 GET https://localhost:5271/index.js - null null
2025-03-29 08:57:08.459 +01:00 [INF] Request finished HTTP/2 GET https://localhost:5271/index.html - 200 null text/html;charset=utf-8 234.4529ms
2025-03-29 08:57:08.466 +01:00 [INF] Request finished HTTP/2 GET https://localhost:5271/_framework/aspnetcore-browser-refresh.js - 200 16497 application/javascript; charset=utf-8 88.3752ms
2025-03-29 08:57:08.505 +01:00 [INF] HTTP GET /index.js responded 200 in 1.3600 ms
2025-03-29 08:57:08.519 +01:00 [INF] Request finished HTTP/2 GET https://localhost:5271/index.js - 200 null application/javascript;charset=utf-8 141.3111ms
2025-03-29 08:57:08.538 +01:00 [INF] Request finished HTTP/2 GET https://localhost:5271/_vs/browserLink - 200 null text/javascript; charset=UTF-8 160.56ms
2025-03-29 08:57:08.576 +01:00 [INF] Request starting HTTP/2 GET https://localhost:5271/swagger/v1/swagger.json - null null
2025-03-29 08:57:08.608 +01:00 [INF] HTTP GET /swagger/v1/swagger.json responded 200 in 26.2347 ms
2025-03-29 08:57:08.612 +01:00 [INF] Request finished HTTP/2 GET https://localhost:5271/swagger/v1/swagger.json - 200 null application/json;charset=utf-8 36.4914ms
2025-03-29 09:04:06.507 +01:00 [INF] User profile is available. Using 'C:\Users\HCES\AppData\Local\ASP.NET\DataProtection-Keys' as key repository and Windows DPAPI to encrypt keys at rest.
2025-03-29 09:04:06.847 +01:00 [INF] Now listening on: https://localhost:5271
2025-03-29 09:04:06.922 +01:00 [INF] Application started. Press Ctrl+C to shut down.
2025-03-29 09:04:06.924 +01:00 [INF] Hosting environment: Development
2025-03-29 09:04:06.926 +01:00 [INF] Content root path: C:\Asp.Net_Project\WarehouseApp\WHS\src\WebAPI
2025-03-29 09:04:07.156 +01:00 [INF] Request starting HTTP/2 GET https://localhost:5271/index.html - null null
2025-03-29 09:04:07.287 +01:00 [INF] HTTP GET /index.html responded 200 in 30.9494 ms
2025-03-29 09:04:07.294 +01:00 [INF] Request finished HTTP/2 GET https://localhost:5271/index.html - 200 null text/html;charset=utf-8 141.4356ms
2025-03-29 09:04:07.301 +01:00 [INF] Request starting HTTP/2 GET https://localhost:5271/index.js - null null
2025-03-29 09:04:07.301 +01:00 [INF] Request starting HTTP/2 GET https://localhost:5271/_vs/browserLink - null null
2025-03-29 09:04:07.301 +01:00 [INF] Request starting HTTP/2 GET https://localhost:5271/_framework/aspnetcore-browser-refresh.js - null null
2025-03-29 09:04:07.306 +01:00 [INF] HTTP GET /index.js responded 200 in 0.8141 ms
2025-03-29 09:04:07.317 +01:00 [INF] Request finished HTTP/2 GET https://localhost:5271/index.js - 200 null application/javascript;charset=utf-8 16.7215ms
2025-03-29 09:04:07.319 +01:00 [INF] Request finished HTTP/2 GET https://localhost:5271/_framework/aspnetcore-browser-refresh.js - 200 16497 application/javascript; charset=utf-8 19.2702ms
2025-03-29 09:04:07.328 +01:00 [INF] Request finished HTTP/2 GET https://localhost:5271/_vs/browserLink - 200 null text/javascript; charset=UTF-8 27.1766ms
2025-03-29 09:04:07.642 +01:00 [INF] Request starting HTTP/2 GET https://localhost:5271/swagger/v1/swagger.json - null null
2025-03-29 09:04:07.669 +01:00 [INF] HTTP GET /swagger/v1/swagger.json responded 200 in 23.3007 ms
2025-03-29 09:04:07.675 +01:00 [INF] Request finished HTTP/2 GET https://localhost:5271/swagger/v1/swagger.json - 200 null application/json;charset=utf-8 33.2791ms
2025-03-29 09:08:33.787 +01:00 [INF] User profile is available. Using 'C:\Users\HCES\AppData\Local\ASP.NET\DataProtection-Keys' as key repository and Windows DPAPI to encrypt keys at rest.
2025-03-29 09:08:34.159 +01:00 [INF] Now listening on: https://localhost:5271
2025-03-29 09:08:34.194 +01:00 [INF] Application started. Press Ctrl+C to shut down.
2025-03-29 09:08:34.196 +01:00 [INF] Hosting environment: Development
2025-03-29 09:08:34.197 +01:00 [INF] Content root path: C:\Asp.Net_Project\WarehouseApp\WHS\src\WebAPI
2025-03-29 09:08:34.887 +01:00 [INF] Request starting HTTP/2 GET https://localhost:5271/index.html - null null
2025-03-29 09:08:35.044 +01:00 [INF] HTTP GET /index.html responded 200 in 42.4583 ms
2025-03-29 09:08:35.054 +01:00 [INF] Request finished HTTP/2 GET https://localhost:5271/index.html - 200 null text/html;charset=utf-8 172.2523ms
2025-03-29 09:08:35.064 +01:00 [INF] Request starting HTTP/2 GET https://localhost:5271/index.js - null null
2025-03-29 09:08:35.064 +01:00 [INF] Request starting HTTP/2 GET https://localhost:5271/_framework/aspnetcore-browser-refresh.js - null null
2025-03-29 09:08:35.065 +01:00 [INF] Request starting HTTP/2 GET https://localhost:5271/_vs/browserLink - null null
2025-03-29 09:08:35.076 +01:00 [INF] HTTP GET /index.js responded 200 in 0.9860 ms
2025-03-29 09:08:35.096 +01:00 [INF] Request finished HTTP/2 GET https://localhost:5271/_framework/aspnetcore-browser-refresh.js - 200 16497 application/javascript; charset=utf-8 32.9794ms
2025-03-29 09:08:35.108 +01:00 [INF] Request finished HTTP/2 GET https://localhost:5271/index.js - 200 null application/javascript;charset=utf-8 45.2855ms
2025-03-29 09:08:35.132 +01:00 [INF] Request finished HTTP/2 GET https://localhost:5271/_vs/browserLink - 200 null text/javascript; charset=UTF-8 66.4399ms
2025-03-29 09:08:35.444 +01:00 [INF] Request starting HTTP/2 GET https://localhost:5271/swagger/v1/swagger.json - null null
2025-03-29 09:08:35.466 +01:00 [INF] HTTP GET /swagger/v1/swagger.json responded 200 in 17.3812 ms
2025-03-29 09:08:35.474 +01:00 [INF] Request finished HTTP/2 GET https://localhost:5271/swagger/v1/swagger.json - 200 null application/json;charset=utf-8 30.0466ms
2025-03-29 09:10:21.057 +01:00 [INF] User profile is available. Using 'C:\Users\HCES\AppData\Local\ASP.NET\DataProtection-Keys' as key repository and Windows DPAPI to encrypt keys at rest.
2025-03-29 09:10:21.393 +01:00 [INF] Now listening on: https://localhost:5271
2025-03-29 09:10:21.431 +01:00 [INF] Application started. Press Ctrl+C to shut down.
2025-03-29 09:10:21.432 +01:00 [INF] Hosting environment: Development
2025-03-29 09:10:21.433 +01:00 [INF] Content root path: C:\Asp.Net_Project\WarehouseApp\WHS\src\WebAPI
2025-03-29 09:10:22.037 +01:00 [INF] Request starting HTTP/2 GET https://localhost:5271/index.html - null null
2025-03-29 09:10:22.181 +01:00 [INF] HTTP GET /index.html responded 200 in 30.7727 ms
2025-03-29 09:10:22.189 +01:00 [INF] Request finished HTTP/2 GET https://localhost:5271/index.html - 200 null text/html;charset=utf-8 156.5696ms
2025-03-29 09:10:22.192 +01:00 [INF] Request starting HTTP/2 GET https://localhost:5271/_framework/aspnetcore-browser-refresh.js - null null
2025-03-29 09:10:22.194 +01:00 [INF] Request starting HTTP/2 GET https://localhost:5271/_vs/browserLink - null null
2025-03-29 09:10:22.194 +01:00 [INF] Request starting HTTP/2 GET https://localhost:5271/index.js - null null
2025-03-29 09:10:22.207 +01:00 [INF] Request finished HTTP/2 GET https://localhost:5271/_framework/aspnetcore-browser-refresh.js - 200 16497 application/javascript; charset=utf-8 15.2195ms
2025-03-29 09:10:22.210 +01:00 [INF] HTTP GET /index.js responded 200 in 0.6423 ms
2025-03-29 09:10:22.216 +01:00 [INF] Request finished HTTP/2 GET https://localhost:5271/index.js - 200 null application/javascript;charset=utf-8 22.3526ms
2025-03-29 09:10:22.223 +01:00 [INF] Request finished HTTP/2 GET https://localhost:5271/_vs/browserLink - 200 null text/javascript; charset=UTF-8 29.2492ms
2025-03-29 09:10:22.612 +01:00 [INF] Request starting HTTP/2 GET https://localhost:5271/swagger/v1/swagger.json - null null
2025-03-29 09:10:22.651 +01:00 [INF] HTTP GET /swagger/v1/swagger.json responded 200 in 31.1065 ms
2025-03-29 09:10:22.657 +01:00 [INF] Request finished HTTP/2 GET https://localhost:5271/swagger/v1/swagger.json - 200 null application/json;charset=utf-8 44.4848ms
2025-03-29 09:11:04.868 +01:00 [INF] User profile is available. Using 'C:\Users\HCES\AppData\Local\ASP.NET\DataProtection-Keys' as key repository and Windows DPAPI to encrypt keys at rest.
2025-03-29 09:11:05.209 +01:00 [INF] Now listening on: https://localhost:5271
2025-03-29 09:11:05.257 +01:00 [INF] Application started. Press Ctrl+C to shut down.
2025-03-29 09:11:05.258 +01:00 [INF] Hosting environment: Development
2025-03-29 09:11:05.260 +01:00 [INF] Content root path: C:\Asp.Net_Project\WarehouseApp\WHS\src\WebAPI
2025-03-29 09:11:06.368 +01:00 [INF] Request starting HTTP/2 GET https://localhost:5271/index.html - null null
2025-03-29 09:11:06.506 +01:00 [INF] HTTP GET /index.html responded 200 in 31.3163 ms
2025-03-29 09:11:06.517 +01:00 [INF] Request finished HTTP/2 GET https://localhost:5271/index.html - 200 null text/html;charset=utf-8 153.2786ms
2025-03-29 09:11:06.521 +01:00 [INF] Request starting HTTP/2 GET https://localhost:5271/_framework/aspnetcore-browser-refresh.js - null null
2025-03-29 09:11:06.521 +01:00 [INF] Request starting HTTP/2 GET https://localhost:5271/index.js - null null
2025-03-29 09:11:06.521 +01:00 [INF] Request starting HTTP/2 GET https://localhost:5271/_vs/browserLink - null null
2025-03-29 09:11:06.535 +01:00 [INF] Request finished HTTP/2 GET https://localhost:5271/_framework/aspnetcore-browser-refresh.js - 200 16497 application/javascript; charset=utf-8 15.0077ms
2025-03-29 09:11:06.538 +01:00 [INF] HTTP GET /index.js responded 200 in 0.7013 ms
2025-03-29 09:11:06.541 +01:00 [INF] Request finished HTTP/2 GET https://localhost:5271/index.js - 200 null application/javascript;charset=utf-8 20.5306ms
2025-03-29 09:11:06.564 +01:00 [INF] Request finished HTTP/2 GET https://localhost:5271/_vs/browserLink - 200 null text/javascript; charset=UTF-8 43.3179ms
2025-03-29 09:11:06.646 +01:00 [INF] Request starting HTTP/2 GET https://localhost:5271/swagger/v1/swagger.json - null null
2025-03-29 09:11:06.674 +01:00 [INF] HTTP GET /swagger/v1/swagger.json responded 200 in 20.9828 ms
2025-03-29 09:11:06.680 +01:00 [INF] Request finished HTTP/2 GET https://localhost:5271/swagger/v1/swagger.json - 200 null application/json;charset=utf-8 33.272ms
2025-03-29 09:11:57.536 +01:00 [INF] User profile is available. Using 'C:\Users\HCES\AppData\Local\ASP.NET\DataProtection-Keys' as key repository and Windows DPAPI to encrypt keys at rest.
2025-03-29 09:11:57.858 +01:00 [INF] Now listening on: https://localhost:5271
2025-03-29 09:11:57.896 +01:00 [INF] Application started. Press Ctrl+C to shut down.
2025-03-29 09:11:57.897 +01:00 [INF] Hosting environment: Development
2025-03-29 09:11:57.899 +01:00 [INF] Content root path: C:\Asp.Net_Project\WarehouseApp\WHS\src\WebAPI
2025-03-29 09:11:58.586 +01:00 [INF] Request starting HTTP/2 GET https://localhost:5271/index.html - null null
2025-03-29 09:11:58.748 +01:00 [INF] HTTP GET /index.html responded 200 in 34.8275 ms
2025-03-29 09:11:58.794 +01:00 [INF] Request starting HTTP/2 GET https://localhost:5271/index.js - null null
2025-03-29 09:11:58.794 +01:00 [INF] Request starting HTTP/2 GET https://localhost:5271/_framework/aspnetcore-browser-refresh.js - null null
2025-03-29 09:11:58.794 +01:00 [INF] Request starting HTTP/2 GET https://localhost:5271/_vs/browserLink - null null
2025-03-29 09:11:58.825 +01:00 [INF] Request finished HTTP/2 GET https://localhost:5271/index.html - 200 null text/html;charset=utf-8 215.4815ms
2025-03-29 09:11:58.830 +01:00 [INF] HTTP GET /index.js responded 200 in 0.6849 ms
2025-03-29 09:11:58.838 +01:00 [INF] Request finished HTTP/2 GET https://localhost:5271/_framework/aspnetcore-browser-refresh.js - 200 16497 application/javascript; charset=utf-8 80.9167ms
2025-03-29 09:11:58.849 +01:00 [INF] Request finished HTTP/2 GET https://localhost:5271/index.js - 200 null application/javascript;charset=utf-8 91.6477ms
2025-03-29 09:11:58.863 +01:00 [INF] Request finished HTTP/2 GET https://localhost:5271/_vs/browserLink - 200 null text/javascript; charset=UTF-8 70.2045ms
2025-03-29 09:11:58.900 +01:00 [INF] Request starting HTTP/2 GET https://localhost:5271/swagger/v1/swagger.json - null null
2025-03-29 09:11:58.930 +01:00 [INF] HTTP GET /swagger/v1/swagger.json responded 200 in 20.2362 ms
2025-03-29 09:11:58.937 +01:00 [INF] Request finished HTTP/2 GET https://localhost:5271/swagger/v1/swagger.json - 200 null application/json;charset=utf-8 36.853ms
2025-03-29 13:06:10.866 +01:00 [INF] User profile is available. Using 'C:\Users\HCES\AppData\Local\ASP.NET\DataProtection-Keys' as key repository and Windows DPAPI to encrypt keys at rest.
2025-03-29 13:06:11.361 +01:00 [INF] Now listening on: https://localhost:5271
2025-03-29 13:06:11.474 +01:00 [INF] Application started. Press Ctrl+C to shut down.
2025-03-29 13:06:11.475 +01:00 [INF] Hosting environment: Development
2025-03-29 13:06:11.477 +01:00 [INF] Content root path: C:\Asp.Net_Project\WarehouseApp\WHS\src\WebAPI
2025-03-29 13:06:11.807 +01:00 [INF] Request starting HTTP/2 GET https://localhost:5271/index.html - null null
2025-03-29 13:06:11.991 +01:00 [INF] HTTP GET /index.html responded 200 in 46.6045 ms
2025-03-29 13:06:12.000 +01:00 [INF] Request finished HTTP/2 GET https://localhost:5271/index.html - 200 null text/html;charset=utf-8 198.7257ms
2025-03-29 13:06:12.002 +01:00 [INF] Request starting HTTP/2 GET https://localhost:5271/_framework/aspnetcore-browser-refresh.js - null null
2025-03-29 13:06:12.003 +01:00 [INF] Request starting HTTP/2 GET https://localhost:5271/_vs/browserLink - null null
2025-03-29 13:06:12.002 +01:00 [INF] Request starting HTTP/2 GET https://localhost:5271/index.js - null null
2025-03-29 13:06:12.066 +01:00 [INF] HTTP GET /index.js responded 200 in 33.3210 ms
2025-03-29 13:06:12.068 +01:00 [INF] Request finished HTTP/2 GET https://localhost:5271/_framework/aspnetcore-browser-refresh.js - 200 16497 application/javascript; charset=utf-8 66.2756ms
2025-03-29 13:06:12.070 +01:00 [INF] Request finished HTTP/2 GET https://localhost:5271/index.js - 200 null application/javascript;charset=utf-8 69.0882ms
2025-03-29 13:06:12.084 +01:00 [INF] Request finished HTTP/2 GET https://localhost:5271/_vs/browserLink - 200 null text/javascript; charset=UTF-8 82.8798ms
2025-03-29 13:06:12.129 +01:00 [INF] Request starting HTTP/2 GET https://localhost:5271/swagger/v1/swagger.json - null null
2025-03-29 13:06:12.157 +01:00 [INF] HTTP GET /swagger/v1/swagger.json responded 200 in 22.6598 ms
2025-03-29 13:06:12.162 +01:00 [INF] Request finished HTTP/2 GET https://localhost:5271/swagger/v1/swagger.json - 200 null application/json;charset=utf-8 32.7426ms
2025-03-29 19:07:17.537 +01:00 [INF] User profile is available. Using 'C:\Users\HCES\AppData\Local\ASP.NET\DataProtection-Keys' as key repository and Windows DPAPI to encrypt keys at rest.
2025-03-29 19:07:18.010 +01:00 [INF] Now listening on: https://localhost:5271
2025-03-29 19:07:18.052 +01:00 [INF] Application started. Press Ctrl+C to shut down.
2025-03-29 19:07:18.053 +01:00 [INF] Hosting environment: Development
2025-03-29 19:07:18.054 +01:00 [INF] Content root path: C:\Asp.Net_Project\WarehouseApp\WHS\src\WebAPI
2025-03-29 19:07:18.997 +01:00 [INF] Request starting HTTP/2 GET https://localhost:5271/index.html - null null
2025-03-29 19:07:19.161 +01:00 [INF] HTTP GET /index.html responded 200 in 39.9713 ms
2025-03-29 19:07:19.170 +01:00 [INF] Request finished HTTP/2 GET https://localhost:5271/index.html - 200 null text/html;charset=utf-8 177.3599ms
2025-03-29 19:07:19.176 +01:00 [INF] Request starting HTTP/2 GET https://localhost:5271/index.js - null null
2025-03-29 19:07:19.176 +01:00 [INF] Request starting HTTP/2 GET https://localhost:5271/_framework/aspnetcore-browser-refresh.js - null null
2025-03-29 19:07:19.176 +01:00 [INF] Request starting HTTP/2 GET https://localhost:5271/_vs/browserLink - null null
2025-03-29 19:07:19.194 +01:00 [INF] HTTP GET /index.js responded 200 in 7.4449 ms
2025-03-29 19:07:19.229 +01:00 [INF] Request finished HTTP/2 GET https://localhost:5271/_framework/aspnetcore-browser-refresh.js - 200 16497 application/javascript; charset=utf-8 52.685ms
2025-03-29 19:07:19.229 +01:00 [INF] Request finished HTTP/2 GET https://localhost:5271/index.js - 200 null application/javascript;charset=utf-8 53.5826ms
2025-03-29 19:07:19.250 +01:00 [INF] Request finished HTTP/2 GET https://localhost:5271/_vs/browserLink - 200 null text/javascript; charset=UTF-8 74.4925ms
2025-03-29 19:07:19.301 +01:00 [INF] Request starting HTTP/2 GET https://localhost:5271/swagger/v1/swagger.json - null null
2025-03-29 19:07:19.330 +01:00 [INF] HTTP GET /swagger/v1/swagger.json responded 200 in 23.0713 ms
2025-03-29 19:07:19.335 +01:00 [INF] Request finished HTTP/2 GET https://localhost:5271/swagger/v1/swagger.json - 200 null application/json;charset=utf-8 34.3432ms
2025-03-29 21:19:59.405 +01:00 [INF] User profile is available. Using 'C:\Users\HCES\AppData\Local\ASP.NET\DataProtection-Keys' as key repository and Windows DPAPI to encrypt keys at rest.
2025-03-29 21:19:59.813 +01:00 [INF] Now listening on: https://localhost:5271
2025-03-29 21:19:59.852 +01:00 [INF] Application started. Press Ctrl+C to shut down.
2025-03-29 21:19:59.855 +01:00 [INF] Hosting environment: Development
2025-03-29 21:19:59.857 +01:00 [INF] Content root path: C:\Asp.Net_Project\WarehouseApp\WHS\src\WebAPI
2025-03-29 21:20:00.821 +01:00 [INF] Request starting HTTP/2 GET https://localhost:5271/index.html - null null
2025-03-29 21:20:00.985 +01:00 [INF] HTTP GET /index.html responded 200 in 36.6777 ms
2025-03-29 21:20:00.996 +01:00 [INF] Request finished HTTP/2 GET https://localhost:5271/index.html - 200 null text/html;charset=utf-8 179.5888ms
2025-03-29 21:20:00.999 +01:00 [INF] Request starting HTTP/2 GET https://localhost:5271/_vs/browserLink - null null
2025-03-29 21:20:00.999 +01:00 [INF] Request starting HTTP/2 GET https://localhost:5271/index.js - null null
2025-03-29 21:20:00.999 +01:00 [INF] Request starting HTTP/2 GET https://localhost:5271/_framework/aspnetcore-browser-refresh.js - null null
2025-03-29 21:20:01.013 +01:00 [INF] HTTP GET /index.js responded 200 in 0.8116 ms
2025-03-29 21:20:01.023 +01:00 [INF] Request finished HTTP/2 GET https://localhost:5271/index.js - 200 null application/javascript;charset=utf-8 24.0443ms
2025-03-29 21:20:01.055 +01:00 [INF] Request finished HTTP/2 GET https://localhost:5271/_framework/aspnetcore-browser-refresh.js - 200 16497 application/javascript; charset=utf-8 56.6418ms
2025-03-29 21:20:01.061 +01:00 [INF] Request finished HTTP/2 GET https://localhost:5271/_vs/browserLink - 200 null text/javascript; charset=UTF-8 62.4805ms
2025-03-29 21:20:01.358 +01:00 [INF] Request starting HTTP/2 GET https://localhost:5271/swagger/v1/swagger.json - null null
2025-03-29 21:20:01.387 +01:00 [INF] HTTP GET /swagger/v1/swagger.json responded 200 in 23.8551 ms
2025-03-29 21:20:01.393 +01:00 [INF] Request finished HTTP/2 GET https://localhost:5271/swagger/v1/swagger.json - 200 null application/json;charset=utf-8 34.9798ms
