2025-04-08 00:51:49.666 +02:00 [INF] User profile is available. Using 'C:\Users\HCES\AppData\Local\ASP.NET\DataProtection-Keys' as key repository and Windows DPAPI to encrypt keys at rest.
2025-04-08 00:51:50.813 +02:00 [INF] Now listening on: https://localhost:5271
2025-04-08 00:51:50.911 +02:00 [INF] Application started. Press Ctrl+C to shut down.
2025-04-08 00:51:50.914 +02:00 [INF] Hosting environment: Development
2025-04-08 00:51:50.918 +02:00 [INF] Content root path: C:\Asp.Net_Project\WarehouseApp\WHS\src\WebAPI
2025-04-08 00:51:52.287 +02:00 [INF] Request starting HTTP/2 GET https://localhost:5271/index.html - null null
2025-04-08 00:51:52.523 +02:00 [INF] HTTP GET /index.html responded 200 in 54.7713 ms
2025-04-08 00:51:52.540 +02:00 [INF] Request finished HTTP/2 GET https://localhost:5271/index.html - 200 null text/html;charset=utf-8 261.2483ms
2025-04-08 00:51:52.593 +02:00 [INF] Request starting HTTP/2 GET https://localhost:5271/_framework/aspnetcore-browser-refresh.js - null null
2025-04-08 00:51:52.629 +02:00 [INF] Request starting HTTP/2 GET https://localhost:5271/swagger-ui.css - null null
2025-04-08 00:51:52.629 +02:00 [INF] Request starting HTTP/2 GET https://localhost:5271/swagger-ui-standalone-preset.js - null null
2025-04-08 00:51:52.593 +02:00 [INF] Request starting HTTP/2 GET https://localhost:5271/index.css - null null
2025-04-08 00:51:52.629 +02:00 [INF] Request starting HTTP/2 GET https://localhost:5271/swagger-ui-bundle.js - null null
2025-04-08 00:51:52.629 +02:00 [INF] Request starting HTTP/2 GET https://localhost:5271/index.js - null null
2025-04-08 00:51:52.630 +02:00 [INF] Request starting HTTP/2 GET https://localhost:5271/_vs/browserLink - null null
2025-04-08 00:51:52.655 +02:00 [INF] The file /swagger-ui-standalone-preset.js was not modified
2025-04-08 00:51:52.695 +02:00 [INF] Request finished HTTP/2 GET https://localhost:5271/_framework/aspnetcore-browser-refresh.js - 200 16497 application/javascript; charset=utf-8 151.2897ms
2025-04-08 00:51:52.695 +02:00 [INF] The file /index.css was not modified
2025-04-08 00:51:52.701 +02:00 [INF] The file /swagger-ui-bundle.js was not modified
2025-04-08 00:51:52.703 +02:00 [INF] HTTP GET /swagger-ui-standalone-preset.js responded 304 in 54.7941 ms
2025-04-08 00:51:52.708 +02:00 [INF] The file /swagger-ui.css was not modified
2025-04-08 00:51:52.713 +02:00 [INF] HTTP GET /index.js responded 200 in 0.7923 ms
2025-04-08 00:51:52.735 +02:00 [INF] Request finished HTTP/2 GET https://localhost:5271/swagger-ui-standalone-preset.js - 304 null text/javascript 191.5442ms
2025-04-08 00:51:52.737 +02:00 [INF] HTTP GET /index.css responded 304 in 43.7028 ms
2025-04-08 00:51:52.742 +02:00 [INF] HTTP GET /swagger-ui-bundle.js responded 304 in 41.4183 ms
2025-04-08 00:51:52.744 +02:00 [INF] HTTP GET /swagger-ui.css responded 304 in 36.7783 ms
2025-04-08 00:51:52.748 +02:00 [INF] Request finished HTTP/2 GET https://localhost:5271/index.js - 200 null application/javascript;charset=utf-8 161.7062ms
2025-04-08 00:51:52.761 +02:00 [INF] Request finished HTTP/2 GET https://localhost:5271/index.css - 304 null text/css 218.1399ms
2025-04-08 00:51:52.762 +02:00 [INF] Request finished HTTP/2 GET https://localhost:5271/_vs/browserLink - 200 null text/javascript; charset=UTF-8 132.4406ms
2025-04-08 00:51:52.767 +02:00 [INF] Request finished HTTP/2 GET https://localhost:5271/swagger-ui-bundle.js - 304 null text/javascript 221.7502ms
2025-04-08 00:51:52.772 +02:00 [INF] Request finished HTTP/2 GET https://localhost:5271/swagger-ui.css - 304 null text/css 229.1789ms
2025-04-08 00:51:53.001 +02:00 [INF] Request starting HTTP/2 GET https://localhost:5271/swagger/v1/swagger.json - null null
2025-04-08 00:51:53.026 +02:00 [INF] Request starting HTTP/2 GET https://localhost:5271/favicon-32x32.png - null null
2025-04-08 00:51:53.041 +02:00 [INF] Sending file. Request path: '/favicon-32x32.png'. Physical path: 'N/A'
2025-04-08 00:51:53.046 +02:00 [INF] HTTP GET /favicon-32x32.png responded 200 in 11.7690 ms
2025-04-08 00:51:53.051 +02:00 [INF] Request finished HTTP/2 GET https://localhost:5271/favicon-32x32.png - 200 628 image/png 24.3764ms
2025-04-08 00:51:53.080 +02:00 [INF] HTTP GET /swagger/v1/swagger.json responded 200 in 72.8754 ms
2025-04-08 00:51:53.087 +02:00 [INF] Request finished HTTP/2 GET https://localhost:5271/swagger/v1/swagger.json - 200 null application/json;charset=utf-8 86.5767ms
